******************************************************************************
                  TI ARM Linker PC v18.12.3                    
******************************************************************************
>> Linked Sat Oct 19 19:41:45 2019

OUTPUT FILE NAME:   <ApplicationCanDRVTest.out>
ENTRY POINT SYMBOL: "_c_int00_noargs"  address: 00002105


MEMORY CONFIGURATION

         name            origin    length      used     unused   attr    fill
----------------------  --------  ---------  --------  --------  ----  --------
  FLASH                 00000000   00040000  00002400  0003dc00  R  X
  SRAM                  20000000   00008000  000002b1  00007d4f  RW X


SEGMENT ALLOCATION MAP

run origin  load origin   length   init length attrs members
----------  ----------- ---------- ----------- ----- -------
00000000    00000000    00002400   00002400    r-x
  00000000    00000000    0000026c   0000026c    r-- .intvecs
  0000026c    0000026c    00002008   00002008    r-x .text
  00002274    00002274    00000114   00000114    r-- .const
  00002388    00002388    00000078   00000078    r-- .cinit
20000000    20000000    000002b1   00000000    rw-
  20000000    20000000    00000200   00000000    rw- .stack
  20000200    20000200    0000009c   00000000    rw- .data
  2000029c    2000029c    00000015   00000000    rw- .bss


SECTION ALLOCATION MAP

 output                                  attributes/
section   page    origin      length       input sections
--------  ----  ----------  ----------   ----------------
.intvecs   0    00000000    0000026c     
                  00000000    0000026c     tm4c123gh6pm_startup_ccs.obj (.intvecs)

.text      0    0000026c    00002008     
                  0000026c    00001158     Can.obj (.text)
                  000013c4    0000049c     uartstdio.obj (.text)
                  00001860    00000136     driverlib.lib : can.obj (.text:CANMessageSet)
                  00001996    00000002     rtsv7M4_T_le_v4SPD16_eabi.lib : div0.asm.obj (.text)
                  00001998    00000110     driverlib.lib : sysctl.obj (.text:SysCtlClockGet)
                  00001aa8    0000010e                   : can.obj (.text:CANMessageGet)
                  00001bb6    00000002     --HOLE-- [fill = 0]
                  00001bb8    000000ce     CanIf_stub.obj (.text)
                  00001c86    0000009c     rtsv7M4_T_le_v4SPD16_eabi.lib : memcpy_t2.asm.obj (.text)
                  00001d22    00000002     --HOLE-- [fill = 0]
                  00001d24    00000068     driverlib.lib : interrupt.obj (.text:IntDisable)
                  00001d8c    00000068                   : interrupt.obj (.text:IntEnable)
                  00001df4    00000068     rtsv7M4_T_le_v4SPD16_eabi.lib : copy_decompress_lzss.c.obj (.text:decompress:lzss:__TI_decompress_lzss)
                  00001e5c    00000064     driverlib.lib : interrupt.obj (.text:IntIsEnabled)
                  00001ec0    00000058                   : can.obj (.text:CANBitTimingSet)
                  00001f18    00000046                   : uart.obj (.text:UARTConfigSetExpClk)
                  00001f5e    00000002     --HOLE-- [fill = 0]
                  00001f60    00000044     rtsv7M4_T_le_v4SPD16_eabi.lib : autoinit.c.obj (.text:__TI_auto_init_nobinit_nopinit:__TI_auto_init_nobinit_nopinit)
                  00001fa4    00000040     driverlib.lib : can.obj (.text:CANStatusGet)
                  00001fe4    00000040     rtsv7M4_T_le_v4SPD16_eabi.lib : u_divt2.asm.obj (.text)
                  00002024    0000003a     driverlib.lib : can.obj (.text:CANInit)
                  0000205e    00000002     --HOLE-- [fill = 0]
                  00002060    00000038                   : sysctl.obj (.text:SysCtlPeripheralPresent)
                  00002098    00000038                   : sysctl.obj (.text:SysCtlPeripheralReady)
                  000020d0    00000034                   : sysctl.obj (.text:SysCtlPeripheralEnable)
                  00002104    00000034     rtsv7M4_T_le_v4SPD16_eabi.lib : boot_cortex_m.c.obj (.text:_c_int00_noargs:_c_int00_noargs)
                  00002138    0000002a     driverlib.lib : can.obj (.text:_CANDataRegRead)
                  00002162    00000024                   : can.obj (.text:_CANDataRegWrite)
                  00002186    00000022                   : can.obj (.text:CANIntClear)
                  000021a8    00000020                   : can.obj (.text:CANIntStatus)
                  000021c8    00000020                   : uart.obj (.text:UARTDisable)
                  000021e8    0000001c     rtsv7M4_T_le_v4SPD16_eabi.lib : copy_zero_init.c.obj (.text:decompress:ZI:__TI_zero_init_nomemset:__TI_zero_init_nomemset)
                  00002204    00000014     driverlib.lib : uart.obj (.text:UARTEnable)
                  00002218    0000000e     rtsv7M4_T_le_v4SPD16_eabi.lib : copy_decompress_none.c.obj (.text:decompress:none:__TI_decompress_none)
                  00002226    0000000c     tm4c123gh6pm_startup_ccs.obj (.text)
                  00002232    0000000a     driverlib.lib : can.obj (.text:CANDisable)
                  0000223c    0000000a                   : can.obj (.text:CANEnable)
                  00002246    0000000a                   : can.obj (.text:CANIntDisable)
                  00002250    0000000a                   : uart.obj (.text:UARTCharGet)
                  0000225a    0000000a                   : uart.obj (.text:UARTCharPut)
                  00002264    00000008                   : can.obj (.text:CANIntEnable)
                  0000226c    00000004     rtsv7M4_T_le_v4SPD16_eabi.lib : pre_init.c.obj (.text:_system_pre_init)
                  00002270    00000004                                   : exit.c.obj (.text:abort:abort)

.const     0    00002274    00000114     
                  00002274    00000070     driverlib.lib : interrupt.obj (.const)
                  000022e4    0000006c                   : sysctl.obj (.const:g_pui32Xtals)
                  00002350    00000012     uartstdio.obj (.const:.string)
                  00002362    00000002     Can.obj (.const:.string:$P$T1$2)
                  00002364    0000000c     uartstdio.obj (.const:g_ui32UARTBase)
                  00002370    0000000c     uartstdio.obj (.const:g_ui32UARTPeriph)
                  0000237c    00000008     Can.obj (.const:$P$T0$1)
                  00002384    00000004     uartstdio.obj (.const)

.cinit     0    00002388    00000078     
                  00002388    00000053     (.cinit..data.load) [load image, compression = lzss]
                  000023db    00000001     --HOLE-- [fill = 0]
                  000023dc    0000000c     (__TI_handler_table)
                  000023e8    00000008     (.cinit..bss.load) [load image, compression = zero_init]
                  000023f0    00000010     (__TI_cinit_table)

.init_array 
*          0    00000000    00000000     UNINITIALIZED

.data      0    20000200    0000009c     UNINITIALIZED
                  20000200    00000090     Can_PBcfg.obj (.data:Can)
                  20000290    00000005     uartstdio.obj (.data)
                  20000295    00000002     Can.obj (.data:ControllerState)
                  20000297    00000002     Can.obj (.data:InterruptDisableCount)
                  20000299    00000002     Can.obj (.data:InterruptEnableCount)
                  2000029b    00000001     Can.obj (.data)

.bss       0    2000029c    00000015     UNINITIALIZED
                  2000029c    0000000c     Can.obj (.bss:MessageObject)
                  200002a8    00000004     Can.obj (.bss:LogicalSleep)
                  200002ac    00000004     (.common:CurrentCanState)
                  200002b0    00000001     (.common:CanDevelopmentError)

.stack     0    20000000    00000200     UNINITIALIZED
                  20000000    00000004     rtsv7M4_T_le_v4SPD16_eabi.lib : boot_cortex_m.c.obj (.stack)
                  20000004    000001fc     --HOLE--

MODULE SUMMARY

       Module                         code   ro data   rw data
       ------                         ----   -------   -------
    .\
       Can.obj                        4440   10        28     
       uartstdio.obj                  1180   46        5      
       tm4c123gh6pm_startup_ccs.obj   12     620       0      
       CanIf_stub.obj                 206    0         0      
       Can_PBcfg.obj                  0      0         144    
    +--+------------------------------+------+---------+---------+
       Total:                         5838   676       177    
                                                              
    C:/ti/TivaWare_C_Series-2.1.4.178/driverlib/ccs/Debug/driverlib.lib
       can.obj                        972    0         0      
       sysctl.obj                     436    108       0      
       interrupt.obj                  308    112       0      
       uart.obj                       142    0         0      
    +--+------------------------------+------+---------+---------+
       Total:                         1858   220       0      
                                                              
    C:\ti\ccs910\ccs\tools\compiler\ti-cgt-arm_18.12.3.LTS\lib\rtsv7M4_T_le_v4SPD16_eabi.lib
       memcpy_t2.asm.obj              156    0         0      
       copy_decompress_lzss.c.obj     104    0         0      
       autoinit.c.obj                 68     0         0      
       u_divt2.asm.obj                64     0         0      
       boot_cortex_m.c.obj            52     0         0      
       copy_zero_init.c.obj           28     0         0      
       copy_decompress_none.c.obj     14     0         0      
       exit.c.obj                     4      0         0      
       pre_init.c.obj                 4      0         0      
       div0.asm.obj                   2      0         0      
    +--+------------------------------+------+---------+---------+
       Total:                         496    0         0      
                                                              
       Stack:                         0      0         512    
       Linker Generated:              0      119       0      
    +--+------------------------------+------+---------+---------+
       Grand Total:                   8192   1015      689    


LINKER GENERATED COPY TABLES

__TI_cinit_table @ 000023f0 records: 2, size/record: 8, table size: 16
	.data: load addr=00002388, load size=00000053 bytes, run addr=20000200, run size=0000009c bytes, compression=lzss
	.bss: load addr=000023e8, load size=00000008 bytes, run addr=2000029c, run size=00000015 bytes, compression=zero_init


LINKER GENERATED HANDLER TABLE

__TI_handler_table @ 000023dc records: 3, size/record: 4, table size: 12
	index: 0, handler: __TI_decompress_lzss
	index: 1, handler: __TI_decompress_none
	index: 2, handler: __TI_zero_init


GLOBAL SYMBOLS: SORTED ALPHABETICALLY BY Name 

address   name                           
-------   ----                           
00002271  C$$EXIT                        
00001ec1  CANBitTimingSet                
00002233  CANDisable                     
0000223d  CANEnable                      
00002025  CANInit                        
00002187  CANIntClear                    
00002247  CANIntDisable                  
00002265  CANIntEnable                   
000021a9  CANIntStatus                   
00001aa9  CANMessageGet                  
00001861  CANMessageSet                  
00001fa5  CANStatusGet                   
20000200  Can                            
00000679  Can0_InterruptHandler          
0000088d  Can1_InterruptHandler          
200002b0  CanDevelopmentError            
00001bf1  CanIf_ControllerBusOff         
00001bb9  CanIf_ControllerModeIndication 
00001c09  CanIf_RxIndication             
00001bfd  CanIf_TxConfirmation           
000004c1  Can_DisableControllerInterrupts
00000599  Can_EnableControllerInterrupts 
0000026d  Can_GetHardwareObjectOfHTH     
00000d8d  Can_Init                       
00001347  Can_MainFunctionBusoff         
00001201  Can_MainFunction_Mode          
0000107b  Can_MainFunction_Write         
00001085  Can_SetBaudrate                
00000abd  Can_SetControllerMode          
000002c3  Can_Write                      
200002ac  CurrentCanState                
00001d25  IntDisable                     
00001d8d  IntEnable                      
00001e5d  IntIsEnabled                   
00002227  ResetISR                       
00001999  SysCtlClockGet                 
000020d1  SysCtlPeripheralEnable         
00002061  SysCtlPeripheralPresent        
00002099  SysCtlPeripheralReady          
00002251  UARTCharGet                    
0000225b  UARTCharPut                    
00001f19  UARTConfigSetExpClk            
000021c9  UARTDisable                    
00002205  UARTEnable                     
000013c5  UARTStdioConfig                
0000150b  UARTgetc                       
00001451  UARTgets                       
0000182b  UARTprintf                     
00001531  UARTvprintf                    
0000140b  UARTwrite                      
20000200  __STACK_END                    
00000200  __STACK_SIZE                   
20000200  __STACK_TOP                    
000023f0  __TI_CINIT_Base                
00002400  __TI_CINIT_Limit               
000023dc  __TI_Handler_Table_Base        
000023e8  __TI_Handler_Table_Limit       
00001f61  __TI_auto_init_nobinit_nopinit 
00001df5  __TI_decompress_lzss           
00002219  __TI_decompress_none           
ffffffff  __TI_pprof_out_hndl            
ffffffff  __TI_prof_data_size            
ffffffff  __TI_prof_data_start           
00000000  __TI_static_base__             
000021e9  __TI_zero_init_nomemset        
00001997  __aeabi_idiv0                  
00001997  __aeabi_ldiv0                  
00001c87  __aeabi_memcpy                 
00001c87  __aeabi_memcpy4                
00001c87  __aeabi_memcpy8                
00001fe5  __aeabi_uidiv                  
00001fe5  __aeabi_uidivmod               
ffffffff  __binit__                      
ffffffff  __c_args__                     
UNDEFED   __mpu_init                     
20000000  __stack                        
00002105  _c_int00_noargs                
UNDEFED   _system_post_cinit             
0000226d  _system_pre_init               
00002271  abort                          
ffffffff  binit                          
00000000  g_pfnVectors                   
000013a3  main                           
00001c87  memcpy                         


GLOBAL SYMBOLS: SORTED BY Symbol Address 

address   name                           
-------   ----                           
00000000  __TI_static_base__             
00000000  g_pfnVectors                   
00000200  __STACK_SIZE                   
0000026d  Can_GetHardwareObjectOfHTH     
000002c3  Can_Write                      
000004c1  Can_DisableControllerInterrupts
00000599  Can_EnableControllerInterrupts 
00000679  Can0_InterruptHandler          
0000088d  Can1_InterruptHandler          
00000abd  Can_SetControllerMode          
00000d8d  Can_Init                       
0000107b  Can_MainFunction_Write         
00001085  Can_SetBaudrate                
00001201  Can_MainFunction_Mode          
00001347  Can_MainFunctionBusoff         
000013a3  main                           
000013c5  UARTStdioConfig                
0000140b  UARTwrite                      
00001451  UARTgets                       
0000150b  UARTgetc                       
00001531  UARTvprintf                    
0000182b  UARTprintf                     
00001861  CANMessageSet                  
00001997  __aeabi_idiv0                  
00001997  __aeabi_ldiv0                  
00001999  SysCtlClockGet                 
00001aa9  CANMessageGet                  
00001bb9  CanIf_ControllerModeIndication 
00001bf1  CanIf_ControllerBusOff         
00001bfd  CanIf_TxConfirmation           
00001c09  CanIf_RxIndication             
00001c87  __aeabi_memcpy                 
00001c87  __aeabi_memcpy4                
00001c87  __aeabi_memcpy8                
00001c87  memcpy                         
00001d25  IntDisable                     
00001d8d  IntEnable                      
00001df5  __TI_decompress_lzss           
00001e5d  IntIsEnabled                   
00001ec1  CANBitTimingSet                
00001f19  UARTConfigSetExpClk            
00001f61  __TI_auto_init_nobinit_nopinit 
00001fa5  CANStatusGet                   
00001fe5  __aeabi_uidiv                  
00001fe5  __aeabi_uidivmod               
00002025  CANInit                        
00002061  SysCtlPeripheralPresent        
00002099  SysCtlPeripheralReady          
000020d1  SysCtlPeripheralEnable         
00002105  _c_int00_noargs                
00002187  CANIntClear                    
000021a9  CANIntStatus                   
000021c9  UARTDisable                    
000021e9  __TI_zero_init_nomemset        
00002205  UARTEnable                     
00002219  __TI_decompress_none           
00002227  ResetISR                       
00002233  CANDisable                     
0000223d  CANEnable                      
00002247  CANIntDisable                  
00002251  UARTCharGet                    
0000225b  UARTCharPut                    
00002265  CANIntEnable                   
0000226d  _system_pre_init               
00002271  C$$EXIT                        
00002271  abort                          
000023dc  __TI_Handler_Table_Base        
000023e8  __TI_Handler_Table_Limit       
000023f0  __TI_CINIT_Base                
00002400  __TI_CINIT_Limit               
20000000  __stack                        
20000200  Can                            
20000200  __STACK_END                    
20000200  __STACK_TOP                    
200002ac  CurrentCanState                
200002b0  CanDevelopmentError            
ffffffff  __TI_pprof_out_hndl            
ffffffff  __TI_prof_data_size            
ffffffff  __TI_prof_data_start           
ffffffff  __binit__                      
ffffffff  __c_args__                     
ffffffff  binit                          
UNDEFED   __mpu_init                     
UNDEFED   _system_post_cinit             

[84 symbols]
