******************************************************************************
                  TI ARM Linker PC v18.12.3                    
******************************************************************************
>> Linked Wed Jan 15 14:43:26 2020

OUTPUT FILE NAME:   <Application(Windows).out>
ENTRY POINT SYMBOL: "_c_int00_noargs"  address: 0000426d


MEMORY CONFIGURATION

         name            origin    length      used     unused   attr    fill
----------------------  --------  ---------  --------  --------  ----  --------
  FLASH                 00000000   00040000  0000468c  0003b974  R  X
  SRAM                  20000000   00008000  000004cc  00007b34  RW X


SEGMENT ALLOCATION MAP

run origin  load origin   length   init length attrs members
----------  ----------- ---------- ----------- ----- -------
00000000    00000000    00004690   00004690    r-x
  00000000    00000000    0000026c   0000026c    r-- .intvecs
  0000026c    0000026c    000041a4   000041a4    r-x .text
  00004410    00004410    00000124   00000124    r-- .const
  00004538    00004538    00000158   00000158    r-- .cinit
20000000    20000000    000004cc   00000000    rw-
  20000000    20000000    00000258   00000000    rw- .data
  20000258    20000258    00000200   00000000    rw- .stack
  20000458    20000458    00000074   00000000    rw- .bss


SECTION ALLOCATION MAP

 output                                  attributes/
section   page    origin      length       input sections
--------  ----  ----------  ----------   ----------------
.intvecs   0    00000000    0000026c     
                  00000000    0000026c     tm4c123gh6pm_startup_ccs.obj (.intvecs)

.text      0    0000026c    000041a4     
                  0000026c    00001630     Can.obj (.text)
                  0000189c    00001580     Com.obj (.text)
                  00002e1c    0000074c     CanIf.obj (.text)
                  00003568    0000049c     uartstdio.obj (.text)
                  00003a04    00000136     driverlib.lib : can.obj (.text:CANMessageSet)
                  00003b3a    00000002     rtsv7M4_T_le_v4SPD16_eabi.lib : div0.asm.obj (.text)
                  00003b3c    00000110     driverlib.lib : sysctl.obj (.text:SysCtlClockGet)
                  00003c4c    0000010e                   : can.obj (.text:CANMessageGet)
                  00003d5a    0000009c     rtsv7M4_T_le_v4SPD16_eabi.lib : memcpy_t2.asm.obj (.text)
                  00003df6    00000002     --HOLE-- [fill = 0]
                  00003df8    00000092     PduR.obj (.text)
                  00003e8a    00000002     --HOLE-- [fill = 0]
                  00003e8c    00000068     driverlib.lib : interrupt.obj (.text:IntDisable)
                  00003ef4    00000068                   : interrupt.obj (.text:IntEnable)
                  00003f5c    00000068     rtsv7M4_T_le_v4SPD16_eabi.lib : copy_decompress_lzss.c.obj (.text:decompress:lzss:__TI_decompress_lzss)
                  00003fc4    00000064     driverlib.lib : interrupt.obj (.text:IntIsEnabled)
                  00004028    00000058                   : can.obj (.text:CANBitTimingSet)
                  00004080    00000046                   : uart.obj (.text:UARTConfigSetExpClk)
                  000040c6    00000002     --HOLE-- [fill = 0]
                  000040c8    00000044     rtsv7M4_T_le_v4SPD16_eabi.lib : autoinit.c.obj (.text:__TI_auto_init_nobinit_nopinit:__TI_auto_init_nobinit_nopinit)
                  0000410c    00000040     driverlib.lib : can.obj (.text:CANStatusGet)
                  0000414c    00000040     rtsv7M4_T_le_v4SPD16_eabi.lib : u_divt2.asm.obj (.text)
                  0000418c    0000003a     driverlib.lib : can.obj (.text:CANInit)
                  000041c6    00000002     --HOLE-- [fill = 0]
                  000041c8    00000038                   : sysctl.obj (.text:SysCtlPeripheralPresent)
                  00004200    00000038                   : sysctl.obj (.text:SysCtlPeripheralReady)
                  00004238    00000034                   : sysctl.obj (.text:SysCtlPeripheralEnable)
                  0000426c    00000034     rtsv7M4_T_le_v4SPD16_eabi.lib : boot_cortex_m.c.obj (.text:_c_int00_noargs:_c_int00_noargs)
                  000042a0    0000002a     driverlib.lib : can.obj (.text:_CANDataRegRead)
                  000042ca    00000024                   : can.obj (.text:_CANDataRegWrite)
                  000042ee    00000024     rtsv7M4_T_le_v4SPD16_eabi.lib : memcmp.c.obj (.text:memcmp)
                  00004312    00000022     driverlib.lib : can.obj (.text:CANIntClear)
                  00004334    00000020                   : can.obj (.text:CANIntStatus)
                  00004354    00000020                   : uart.obj (.text:UARTDisable)
                  00004374    0000001c     rtsv7M4_T_le_v4SPD16_eabi.lib : copy_zero_init.c.obj (.text:decompress:ZI:__TI_zero_init_nomemset:__TI_zero_init_nomemset)
                  00004390    00000014     driverlib.lib : uart.obj (.text:UARTEnable)
                  000043a4    0000000e     rtsv7M4_T_le_v4SPD16_eabi.lib : copy_decompress_none.c.obj (.text:decompress:none:__TI_decompress_none)
                  000043b2    0000000c     CanSM.obj (.text)
                  000043be    0000000c     tm4c123gh6pm_startup_ccs.obj (.text)
                  000043ca    0000000a     driverlib.lib : can.obj (.text:CANDisable)
                  000043d4    0000000a                   : can.obj (.text:CANEnable)
                  000043de    0000000a                   : can.obj (.text:CANIntDisable)
                  000043e8    0000000a                   : uart.obj (.text:UARTCharGet)
                  000043f2    0000000a                   : uart.obj (.text:UARTCharPut)
                  000043fc    00000008                   : can.obj (.text:CANIntEnable)
                  00004404    00000004     Com_Cfg.obj (.text)
                  00004408    00000004     rtsv7M4_T_le_v4SPD16_eabi.lib : pre_init.c.obj (.text:_system_pre_init)
                  0000440c    00000004                                   : exit.c.obj (.text:abort:abort)

.const     0    00004410    00000124     
                  00004410    00000070     driverlib.lib : interrupt.obj (.const)
                  00004480    0000006c                   : sysctl.obj (.const:g_pui32Xtals)
                  000044ec    00000012     uartstdio.obj (.const:.string)
                  000044fe    00000002     Can.obj (.const:.string:$P$T1$2)
                  00004500    0000000c     uartstdio.obj (.const:g_ui32UARTBase)
                  0000450c    0000000c     uartstdio.obj (.const:g_ui32UARTPeriph)
                  00004518    00000008     Can.obj (.const:$P$T0$1)
                  00004520    00000008     Can.obj (.const:$P$T2$3)
                  00004528    00000008     Can.obj (.const:$P$T3$4)
                  00004530    00000004     uartstdio.obj (.const)

.cinit     0    00004538    00000158     
                  00004538    0000012d     (.cinit..data.load) [load image, compression = lzss]
                  00004665    00000003     --HOLE-- [fill = 0]
                  00004668    0000000c     (__TI_handler_table)
                  00004674    00000004     --HOLE-- [fill = 0]
                  00004678    00000008     (.cinit..bss.load) [load image, compression = zero_init]
                  00004680    00000010     (__TI_cinit_table)

.init_array 
*          0    00000000    00000000     UNINITIALIZED

.data      0    20000000    00000258     UNINITIALIZED
                  20000000    0000014c     Com_Cfg.obj (.data:Com)
                  2000014c    00000098     Can_PBcfg.obj (.data:Can)
                  200001e4    00000064     CanIf_Cfg.obj (.data:CanIf)
                  20000248    00000005     uartstdio.obj (.data)
                  2000024d    00000002     Can.obj (.data:CanControllerState)
                  2000024f    00000002     CanIf.obj (.data:CanIfControllerMode)
                  20000251    00000002     Can.obj (.data:InterruptDisableCount)
                  20000253    00000002     Can.obj (.data:InterruptEnableCount)
                  20000255    00000001     Can.obj (.data)
                  20000256    00000001     CanIf.obj (.data)
                  20000257    00000001     Com.obj (.data)

.bss       0    20000458    00000074     UNINITIALIZED
                  20000458    0000002c     (.common:ComTeamConfig)
                  20000484    0000000c     Can.obj (.bss:MessageObject)
                  20000490    00000008     CanIf.obj (.bss:RxBuffer)
                  20000498    00000008     (.common:ComIPdu0Buffer)
                  200004a0    00000008     (.common:ComIPdu1Buffer)
                  200004a8    00000004     CanIf.obj (.bss:CanIfPduMode)
                  200004ac    00000004     Can.obj (.bss:LogicalSleep)
                  200004b0    00000004     (.common:ComGroupSignal0Buffer)
                  200004b4    00000004     (.common:ComGroupSignal1Buffer)
                  200004b8    00000004     (.common:ComSignal0Buffer)
                  200004bc    00000004     (.common:ComSignal1Buffer)
                  200004c0    00000004     (.common:ComSignal2Buffer)
                  200004c4    00000004     (.common:ComSignal3Buffer)
                  200004c8    00000004     (.common:CurrentCanState)

.stack     0    20000258    00000200     UNINITIALIZED
                  20000258    00000004     rtsv7M4_T_le_v4SPD16_eabi.lib : boot_cortex_m.c.obj (.stack)
                  2000025c    000001fc     --HOLE--

MODULE SUMMARY

       Module                         code    ro data   rw data
       ------                         ----    -------   -------
    .\
       Can.obj                        5680    26        27     
       Com.obj                        5504    0         45     
       CanIf.obj                      1868    0         15     
       uartstdio.obj                  1180    46        5      
       tm4c123gh6pm_startup_ccs.obj   12      620       0      
       Com_Cfg.obj                    4       0         372    
       Can_PBcfg.obj                  0       0         152    
       PduR.obj                       146     0         0      
       CanIf_Cfg.obj                  0       0         100    
       CanSM.obj                      12      0         0      
    +--+------------------------------+-------+---------+---------+
       Total:                         14406   692       716    
                                                               
    C:/ti/TivaWare_C_Series-2.1.4.178/driverlib/ccs/Debug/driverlib.lib
       can.obj                        972     0         0      
       sysctl.obj                     436     108       0      
       interrupt.obj                  308     112       0      
       uart.obj                       142     0         0      
    +--+------------------------------+-------+---------+---------+
       Total:                         1858    220       0      
                                                               
    C:\ti\ccs910\ccs\tools\compiler\ti-cgt-arm_18.12.3.LTS\lib\rtsv7M4_T_le_v4SPD16_eabi.lib
       memcpy_t2.asm.obj              156     0         0      
       copy_decompress_lzss.c.obj     104     0         0      
       autoinit.c.obj                 68      0         0      
       u_divt2.asm.obj                64      0         0      
       boot_cortex_m.c.obj            52      0         0      
       memcmp.c.obj                   36      0         0      
       copy_zero_init.c.obj           28      0         0      
       copy_decompress_none.c.obj     14      0         0      
       exit.c.obj                     4       0         0      
       pre_init.c.obj                 4       0         0      
       div0.asm.obj                   2       0         0      
    +--+------------------------------+-------+---------+---------+
       Total:                         532     0         0      
                                                               
       Stack:                         0       0         512    
       Linker Generated:              0       337       0      
    +--+------------------------------+-------+---------+---------+
       Grand Total:                   16796   1249      1228   


LINKER GENERATED COPY TABLES

__TI_cinit_table @ 00004680 records: 2, size/record: 8, table size: 16
	.data: load addr=00004538, load size=0000012d bytes, run addr=20000000, run size=00000258 bytes, compression=lzss
	.bss: load addr=00004678, load size=00000008 bytes, run addr=20000458, run size=00000074 bytes, compression=zero_init


LINKER GENERATED HANDLER TABLE

__TI_handler_table @ 00004668 records: 3, size/record: 4, table size: 12
	index: 0, handler: __TI_decompress_lzss
	index: 1, handler: __TI_decompress_none
	index: 2, handler: __TI_zero_init


GLOBAL SYMBOLS: SORTED ALPHABETICALLY BY Name 

address   name                           
-------   ----                           
0000440d  C$$EXIT                        
00004029  CANBitTimingSet                
000043cb  CANDisable                     
000043d5  CANEnable                      
0000418d  CANInit                        
00004313  CANIntClear                    
000043df  CANIntDisable                  
000043fd  CANIntEnable                   
00004335  CANIntStatus                   
00003c4d  CANMessageGet                  
00003a05  CANMessageSet                  
0000410d  CANStatusGet                   
2000014c  Can                            
0000058d  Can0_InterruptHandler          
000005b1  Can1_InterruptHandler          
200001e4  CanIf                          
000033c7  CanIf_ControllerBusOff         
0000341d  CanIf_ControllerModeIndication 
00002fe5  CanIf_GetControllerMode        
0000324f  CanIf_GetPduMode               
00002eaf  CanIf_Init                     
00003159  CanIf_ReadRxPduData            
000032ef  CanIf_RxIndication             
00003289  CanIf_SetBaudrate              
00002f01  CanIf_SetControllerMode        
000031d9  CanIf_SetPduMode               
00003051  CanIf_Transmit                 
000032ad  CanIf_TxConfirmation           
000043b3  CanSM_ControllerBusOff         
00000f45  Can_DisableControllerInterrupts
00000ffd  Can_EnableControllerInterrupts 
0000026d  Can_GetHardwareObjectOfHTH     
000002c3  Can_ISRHandler                 
00000641  Can_Init                       
00001465  Can_MainFunction_BusOff        
000014fd  Can_MainFunction_Mode          
000012f1  Can_MainFunction_Read          
00000939  Can_MainFunction_Write         
000016b5  Can_SetBaudrate                
00000bdd  Can_SetControllerMode          
000010e1  Can_Write                      
20000000  Com                            
200004b0  ComGroupSignal0Buffer          
200004b4  ComGroupSignal1Buffer          
20000498  ComIPdu0Buffer                 
200004a0  ComIPdu1Buffer                 
200004b8  ComSignal0Buffer               
200004bc  ComSignal1Buffer               
200004c0  ComSignal2Buffer               
200004c4  ComSignal3Buffer               
20000458  ComTeamConfig                  
00004407  Com_CbkRxAck                   
00004405  Com_CbkTxAck                   
0000194d  Com_Init                       
00002539  Com_MainFunctionRx             
0000222d  Com_MainFunctionTx             
00001dcb  Com_ReceiveShadowSignal        
00001bd1  Com_ReceiveSignal              
00002a9d  Com_ReceiveSignalGroup         
00001e29  Com_RxIndication               
00001957  Com_SendSignal                 
00002775  Com_SendSignalGroup            
00002c23  Com_TriggerIPDUSend            
00002051  Com_TxConfirmation             
00001d69  Com_UpdateShadowSignal         
200004c8  CurrentCanState                
00003e8d  IntDisable                     
00003ef5  IntEnable                      
00003fc5  IntIsEnabled                   
00003e13  PduR_CanIfRxIndication         
00003e2d  PduR_CanIfTxConfirmation       
00003e03  PduR_ComTransmit               
00003df9  PduR_Init                      
000043bf  ResetISR                       
00003b3d  SysCtlClockGet                 
00004239  SysCtlPeripheralEnable         
000041c9  SysCtlPeripheralPresent        
00004201  SysCtlPeripheralReady          
000043e9  UARTCharGet                    
000043f3  UARTCharPut                    
00004081  UARTConfigSetExpClk            
00004355  UARTDisable                    
00004391  UARTEnable                     
00003569  UARTStdioConfig                
000036af  UARTgetc                       
000035f5  UARTgets                       
000039cf  UARTprintf                     
000036d5  UARTvprintf                    
000035af  UARTwrite                      
20000458  __STACK_END                    
00000200  __STACK_SIZE                   
20000458  __STACK_TOP                    
00004680  __TI_CINIT_Base                
00004690  __TI_CINIT_Limit               
00004668  __TI_Handler_Table_Base        
00004674  __TI_Handler_Table_Limit       
000040c9  __TI_auto_init_nobinit_nopinit 
00003f5d  __TI_decompress_lzss           
000043a5  __TI_decompress_none           
ffffffff  __TI_pprof_out_hndl            
ffffffff  __TI_prof_data_size            
ffffffff  __TI_prof_data_start           
00000000  __TI_static_base__             
00004375  __TI_zero_init_nomemset        
00003b3b  __aeabi_idiv0                  
00003b3b  __aeabi_ldiv0                  
00003d5b  __aeabi_memcpy                 
00003d5b  __aeabi_memcpy4                
00003d5b  __aeabi_memcpy8                
0000414d  __aeabi_uidiv                  
0000414d  __aeabi_uidivmod               
ffffffff  __binit__                      
ffffffff  __c_args__                     
UNDEFED   __mpu_init                     
20000258  __stack                        
0000426d  _c_int00_noargs                
UNDEFED   _system_post_cinit             
00004409  _system_pre_init               
0000440d  abort                          
ffffffff  binit                          
00000000  g_pfnVectors                   
00002dff  main                           
000042ef  memcmp                         
00003d5b  memcpy                         


GLOBAL SYMBOLS: SORTED BY Symbol Address 

address   name                           
-------   ----                           
00000000  __TI_static_base__             
00000000  g_pfnVectors                   
00000200  __STACK_SIZE                   
0000026d  Can_GetHardwareObjectOfHTH     
000002c3  Can_ISRHandler                 
0000058d  Can0_InterruptHandler          
000005b1  Can1_InterruptHandler          
00000641  Can_Init                       
00000939  Can_MainFunction_Write         
00000bdd  Can_SetControllerMode          
00000f45  Can_DisableControllerInterrupts
00000ffd  Can_EnableControllerInterrupts 
000010e1  Can_Write                      
000012f1  Can_MainFunction_Read          
00001465  Can_MainFunction_BusOff        
000014fd  Can_MainFunction_Mode          
000016b5  Can_SetBaudrate                
0000194d  Com_Init                       
00001957  Com_SendSignal                 
00001bd1  Com_ReceiveSignal              
00001d69  Com_UpdateShadowSignal         
00001dcb  Com_ReceiveShadowSignal        
00001e29  Com_RxIndication               
00002051  Com_TxConfirmation             
0000222d  Com_MainFunctionTx             
00002539  Com_MainFunctionRx             
00002775  Com_SendSignalGroup            
00002a9d  Com_ReceiveSignalGroup         
00002c23  Com_TriggerIPDUSend            
00002dff  main                           
00002eaf  CanIf_Init                     
00002f01  CanIf_SetControllerMode        
00002fe5  CanIf_GetControllerMode        
00003051  CanIf_Transmit                 
00003159  CanIf_ReadRxPduData            
000031d9  CanIf_SetPduMode               
0000324f  CanIf_GetPduMode               
00003289  CanIf_SetBaudrate              
000032ad  CanIf_TxConfirmation           
000032ef  CanIf_RxIndication             
000033c7  CanIf_ControllerBusOff         
0000341d  CanIf_ControllerModeIndication 
00003569  UARTStdioConfig                
000035af  UARTwrite                      
000035f5  UARTgets                       
000036af  UARTgetc                       
000036d5  UARTvprintf                    
000039cf  UARTprintf                     
00003a05  CANMessageSet                  
00003b3b  __aeabi_idiv0                  
00003b3b  __aeabi_ldiv0                  
00003b3d  SysCtlClockGet                 
00003c4d  CANMessageGet                  
00003d5b  __aeabi_memcpy                 
00003d5b  __aeabi_memcpy4                
00003d5b  __aeabi_memcpy8                
00003d5b  memcpy                         
00003df9  PduR_Init                      
00003e03  PduR_ComTransmit               
00003e13  PduR_CanIfRxIndication         
00003e2d  PduR_CanIfTxConfirmation       
00003e8d  IntDisable                     
00003ef5  IntEnable                      
00003f5d  __TI_decompress_lzss           
00003fc5  IntIsEnabled                   
00004029  CANBitTimingSet                
00004081  UARTConfigSetExpClk            
000040c9  __TI_auto_init_nobinit_nopinit 
0000410d  CANStatusGet                   
0000414d  __aeabi_uidiv                  
0000414d  __aeabi_uidivmod               
0000418d  CANInit                        
000041c9  SysCtlPeripheralPresent        
00004201  SysCtlPeripheralReady          
00004239  SysCtlPeripheralEnable         
0000426d  _c_int00_noargs                
000042ef  memcmp                         
00004313  CANIntClear                    
00004335  CANIntStatus                   
00004355  UARTDisable                    
00004375  __TI_zero_init_nomemset        
00004391  UARTEnable                     
000043a5  __TI_decompress_none           
000043b3  CanSM_ControllerBusOff         
000043bf  ResetISR                       
000043cb  CANDisable                     
000043d5  CANEnable                      
000043df  CANIntDisable                  
000043e9  UARTCharGet                    
000043f3  UARTCharPut                    
000043fd  CANIntEnable                   
00004405  Com_CbkTxAck                   
00004407  Com_CbkRxAck                   
00004409  _system_pre_init               
0000440d  C$$EXIT                        
0000440d  abort                          
00004668  __TI_Handler_Table_Base        
00004674  __TI_Handler_Table_Limit       
00004680  __TI_CINIT_Base                
00004690  __TI_CINIT_Limit               
20000000  Com                            
2000014c  Can                            
200001e4  CanIf                          
20000258  __stack                        
20000458  ComTeamConfig                  
20000458  __STACK_END                    
20000458  __STACK_TOP                    
20000498  ComIPdu0Buffer                 
200004a0  ComIPdu1Buffer                 
200004b0  ComGroupSignal0Buffer          
200004b4  ComGroupSignal1Buffer          
200004b8  ComSignal0Buffer               
200004bc  ComSignal1Buffer               
200004c0  ComSignal2Buffer               
200004c4  ComSignal3Buffer               
200004c8  CurrentCanState                
ffffffff  __TI_pprof_out_hndl            
ffffffff  __TI_prof_data_size            
ffffffff  __TI_prof_data_start           
ffffffff  __binit__                      
ffffffff  __c_args__                     
ffffffff  binit                          
UNDEFED   __mpu_init                     
UNDEFED   _system_post_cinit             

[124 symbols]
