******************************************************************************
                  TI ARM Linker PC v18.12.3                    
******************************************************************************
>> Linked Wed Jan 15 15:57:20 2020

OUTPUT FILE NAME:   <Application(Windows).out>
ENTRY POINT SYMBOL: "_c_int00_noargs"  address: 0000480d


MEMORY CONFIGURATION

         name            origin    length      used     unused   attr    fill
----------------------  --------  ---------  --------  --------  ----  --------
  FLASH                 00000000   00040000  00004c2c  0003b3d4  R  X
  SRAM                  20000000   00008000  000004e1  00007b1f  RW X


SEGMENT ALLOCATION MAP

run origin  load origin   length   init length attrs members
----------  ----------- ---------- ----------- ----- -------
00000000    00000000    00004c30   00004c30    r-x
  00000000    00000000    0000026c   0000026c    r-- .intvecs
  0000026c    0000026c    00004744   00004744    r-x .text
  000049b0    000049b0    00000124   00000124    r-- .const
  00004ad8    00004ad8    00000158   00000158    r-- .cinit
20000000    20000000    000004e4   00000000    rw-
  20000000    20000000    0000026d   00000000    rw- .data
  20000270    20000270    00000200   00000000    rw- .stack
  20000470    20000470    00000074   00000000    rw- .bss


SECTION ALLOCATION MAP

 output                                  attributes/
section   page    origin      length       input sections
--------  ----  ----------  ----------   ----------------
.intvecs   0    00000000    0000026c     
                  00000000    0000026c     tm4c123gh6pm_startup_ccs.obj (.intvecs)

.text      0    0000026c    00004744     
                  0000026c    00001a08     Com.obj (.text)
                  00001c74    00001630     Can.obj (.text)
                  000032a4    0000074c     CanIf.obj (.text)
                  000039f0    0000049c     uartstdio.obj (.text)
                  00003e8c    000001ac     PduR.obj (.text)
                  00004038    00000136     driverlib.lib : can.obj (.text:CANMessageSet)
                  0000416e    00000002     rtsv7M4_T_le_v4SPD16_eabi.lib : div0.asm.obj (.text)
                  00004170    00000110     driverlib.lib : sysctl.obj (.text:SysCtlClockGet)
                  00004280    0000010e                   : can.obj (.text:CANMessageGet)
                  0000438e    0000009c     rtsv7M4_T_le_v4SPD16_eabi.lib : memcpy_t2.asm.obj (.text)
                  0000442a    00000002     --HOLE-- [fill = 0]
                  0000442c    00000068     driverlib.lib : interrupt.obj (.text:IntDisable)
                  00004494    00000068                   : interrupt.obj (.text:IntEnable)
                  000044fc    00000068     rtsv7M4_T_le_v4SPD16_eabi.lib : copy_decompress_lzss.c.obj (.text:decompress:lzss:__TI_decompress_lzss)
                  00004564    00000064     driverlib.lib : interrupt.obj (.text:IntIsEnabled)
                  000045c8    00000058                   : can.obj (.text:CANBitTimingSet)
                  00004620    00000046                   : uart.obj (.text:UARTConfigSetExpClk)
                  00004666    00000002     --HOLE-- [fill = 0]
                  00004668    00000044     rtsv7M4_T_le_v4SPD16_eabi.lib : autoinit.c.obj (.text:__TI_auto_init_nobinit_nopinit:__TI_auto_init_nobinit_nopinit)
                  000046ac    00000040     driverlib.lib : can.obj (.text:CANStatusGet)
                  000046ec    00000040     rtsv7M4_T_le_v4SPD16_eabi.lib : u_divt2.asm.obj (.text)
                  0000472c    0000003a     driverlib.lib : can.obj (.text:CANInit)
                  00004766    00000002     --HOLE-- [fill = 0]
                  00004768    00000038                   : sysctl.obj (.text:SysCtlPeripheralPresent)
                  000047a0    00000038                   : sysctl.obj (.text:SysCtlPeripheralReady)
                  000047d8    00000034                   : sysctl.obj (.text:SysCtlPeripheralEnable)
                  0000480c    00000034     rtsv7M4_T_le_v4SPD16_eabi.lib : boot_cortex_m.c.obj (.text:_c_int00_noargs:_c_int00_noargs)
                  00004840    0000002a     driverlib.lib : can.obj (.text:_CANDataRegRead)
                  0000486a    00000024                   : can.obj (.text:_CANDataRegWrite)
                  0000488e    00000024     rtsv7M4_T_le_v4SPD16_eabi.lib : memcmp.c.obj (.text:memcmp)
                  000048b2    00000022     driverlib.lib : can.obj (.text:CANIntClear)
                  000048d4    00000020                   : can.obj (.text:CANIntStatus)
                  000048f4    00000020                   : uart.obj (.text:UARTDisable)
                  00004914    0000001c     rtsv7M4_T_le_v4SPD16_eabi.lib : copy_zero_init.c.obj (.text:decompress:ZI:__TI_zero_init_nomemset:__TI_zero_init_nomemset)
                  00004930    00000014     driverlib.lib : uart.obj (.text:UARTEnable)
                  00004944    0000000e     rtsv7M4_T_le_v4SPD16_eabi.lib : copy_decompress_none.c.obj (.text:decompress:none:__TI_decompress_none)
                  00004952    0000000c     CanSM.obj (.text)
                  0000495e    0000000c     tm4c123gh6pm_startup_ccs.obj (.text)
                  0000496a    0000000a     driverlib.lib : can.obj (.text:CANDisable)
                  00004974    0000000a                   : can.obj (.text:CANEnable)
                  0000497e    0000000a                   : can.obj (.text:CANIntDisable)
                  00004988    0000000a                   : uart.obj (.text:UARTCharGet)
                  00004992    0000000a                   : uart.obj (.text:UARTCharPut)
                  0000499c    00000008                   : can.obj (.text:CANIntEnable)
                  000049a4    00000004     Com_Cfg.obj (.text)
                  000049a8    00000004     rtsv7M4_T_le_v4SPD16_eabi.lib : pre_init.c.obj (.text:_system_pre_init)
                  000049ac    00000004                                   : exit.c.obj (.text:abort:abort)

.const     0    000049b0    00000124     
                  000049b0    00000070     driverlib.lib : interrupt.obj (.const)
                  00004a20    0000006c                   : sysctl.obj (.const:g_pui32Xtals)
                  00004a8c    00000012     uartstdio.obj (.const:.string)
                  00004a9e    00000002     Can.obj (.const:.string:$P$T1$2)
                  00004aa0    0000000c     uartstdio.obj (.const:g_ui32UARTBase)
                  00004aac    0000000c     uartstdio.obj (.const:g_ui32UARTPeriph)
                  00004ab8    00000008     Can.obj (.const:$P$T0$1)
                  00004ac0    00000008     Can.obj (.const:$P$T2$3)
                  00004ac8    00000008     Can.obj (.const:$P$T3$4)
                  00004ad0    00000004     uartstdio.obj (.const)

.cinit     0    00004ad8    00000158     
                  00004ad8    00000134     (.cinit..data.load) [load image, compression = lzss]
                  00004c0c    0000000c     (__TI_handler_table)
                  00004c18    00000008     (.cinit..bss.load) [load image, compression = zero_init]
                  00004c20    00000010     (__TI_cinit_table)

.init_array 
*          0    00000000    00000000     UNINITIALIZED

.data      0    20000000    0000026d     UNINITIALIZED
                  20000000    0000014c     Com_Cfg.obj (.data:Com)
                  2000014c    00000098     Can_PBcfg.obj (.data:Can)
                  200001e4    00000064     CanIf_Cfg.obj (.data:CanIf)
                  20000248    00000014     PduR_PBCfg.obj (.data:PduR)
                  2000025c    00000005     uartstdio.obj (.data)
                  20000261    00000002     Can.obj (.data:CanControllerState)
                  20000263    00000002     CanIf.obj (.data:CanIfControllerMode)
                  20000265    00000002     Can.obj (.data:InterruptDisableCount)
                  20000267    00000002     Can.obj (.data:InterruptEnableCount)
                  20000269    00000001     Can.obj (.data)
                  2000026a    00000001     CanIf.obj (.data)
                  2000026b    00000001     Com.obj (.data)
                  2000026c    00000001     PduR.obj (.data)

.bss       0    20000470    00000074     UNINITIALIZED
                  20000470    0000002c     (.common:ComTeamConfig)
                  2000049c    0000000c     Can.obj (.bss:MessageObject)
                  200004a8    00000008     CanIf.obj (.bss:RxBuffer)
                  200004b0    00000008     (.common:ComIPdu0Buffer)
                  200004b8    00000008     (.common:ComIPdu1Buffer)
                  200004c0    00000004     CanIf.obj (.bss:CanIfPduMode)
                  200004c4    00000004     Can.obj (.bss:LogicalSleep)
                  200004c8    00000004     (.common:ComGroupSignal0Buffer)
                  200004cc    00000004     (.common:ComGroupSignal1Buffer)
                  200004d0    00000004     (.common:ComSignal0Buffer)
                  200004d4    00000004     (.common:ComSignal1Buffer)
                  200004d8    00000004     (.common:ComSignal2Buffer)
                  200004dc    00000004     (.common:ComSignal3Buffer)
                  200004e0    00000004     (.common:CurrentCanState)

.stack     0    20000270    00000200     UNINITIALIZED
                  20000270    00000004     rtsv7M4_T_le_v4SPD16_eabi.lib : boot_cortex_m.c.obj (.stack)
                  20000274    000001fc     --HOLE--

MODULE SUMMARY

       Module                         code    ro data   rw data
       ------                         ----    -------   -------
    .\
       Com.obj                        6664    0         45     
       Can.obj                        5680    26        27     
       CanIf.obj                      1868    0         15     
       uartstdio.obj                  1180    46        5      
       tm4c123gh6pm_startup_ccs.obj   12      620       0      
       PduR.obj                       428     0         1      
       Com_Cfg.obj                    4       0         372    
       Can_PBcfg.obj                  0       0         152    
       CanIf_Cfg.obj                  0       0         100    
       PduR_PBCfg.obj                 0       0         20     
       CanSM.obj                      12      0         0      
    +--+------------------------------+-------+---------+---------+
       Total:                         15848   692       737    
                                                               
    C:/ti/TivaWare_C_Series-2.1.4.178/driverlib/ccs/Debug/driverlib.lib
       can.obj                        972     0         0      
       sysctl.obj                     436     108       0      
       interrupt.obj                  308     112       0      
       uart.obj                       142     0         0      
    +--+------------------------------+-------+---------+---------+
       Total:                         1858    220       0      
                                                               
    C:\ti\ccs910\ccs\tools\compiler\ti-cgt-arm_18.12.3.LTS\lib\rtsv7M4_T_le_v4SPD16_eabi.lib
       memcpy_t2.asm.obj              156     0         0      
       copy_decompress_lzss.c.obj     104     0         0      
       autoinit.c.obj                 68      0         0      
       u_divt2.asm.obj                64      0         0      
       boot_cortex_m.c.obj            52      0         0      
       memcmp.c.obj                   36      0         0      
       copy_zero_init.c.obj           28      0         0      
       copy_decompress_none.c.obj     14      0         0      
       exit.c.obj                     4       0         0      
       pre_init.c.obj                 4       0         0      
       div0.asm.obj                   2       0         0      
    +--+------------------------------+-------+---------+---------+
       Total:                         532     0         0      
                                                               
       Stack:                         0       0         512    
       Linker Generated:              0       344       0      
    +--+------------------------------+-------+---------+---------+
       Grand Total:                   18238   1256      1249   


LINKER GENERATED COPY TABLES

__TI_cinit_table @ 00004c20 records: 2, size/record: 8, table size: 16
	.data: load addr=00004ad8, load size=00000134 bytes, run addr=20000000, run size=0000026d bytes, compression=lzss
	.bss: load addr=00004c18, load size=00000008 bytes, run addr=20000470, run size=00000074 bytes, compression=zero_init


LINKER GENERATED HANDLER TABLE

__TI_handler_table @ 00004c0c records: 3, size/record: 4, table size: 12
	index: 0, handler: __TI_decompress_lzss
	index: 1, handler: __TI_decompress_none
	index: 2, handler: __TI_zero_init


GLOBAL SYMBOLS: SORTED ALPHABETICALLY BY Name 

address   name                           
-------   ----                           
000049ad  C$$EXIT                        
000045c9  CANBitTimingSet                
0000496b  CANDisable                     
00004975  CANEnable                      
0000472d  CANInit                        
000048b3  CANIntClear                    
0000497f  CANIntDisable                  
0000499d  CANIntEnable                   
000048d5  CANIntStatus                   
00004281  CANMessageGet                  
00004039  CANMessageSet                  
000046ad  CANStatusGet                   
2000014c  Can                            
00001f95  Can0_InterruptHandler          
00001fb9  Can1_InterruptHandler          
200001e4  CanIf                          
0000384f  CanIf_ControllerBusOff         
000038a5  CanIf_ControllerModeIndication 
0000346d  CanIf_GetControllerMode        
000036d7  CanIf_GetPduMode               
00003337  CanIf_Init                     
000035e1  CanIf_ReadRxPduData            
00003777  CanIf_RxIndication             
00003711  CanIf_SetBaudrate              
00003389  CanIf_SetControllerMode        
00003661  CanIf_SetPduMode               
000034d9  CanIf_Transmit                 
00003735  CanIf_TxConfirmation           
00004953  CanSM_ControllerBusOff         
0000294d  Can_DisableControllerInterrupts
00002a05  Can_EnableControllerInterrupts 
00001c75  Can_GetHardwareObjectOfHTH     
00001ccb  Can_ISRHandler                 
00002049  Can_Init                       
00002e6d  Can_MainFunction_BusOff        
00002f05  Can_MainFunction_Mode          
00002cf9  Can_MainFunction_Read          
00002341  Can_MainFunction_Write         
000030bd  Can_SetBaudrate                
000025e5  Can_SetControllerMode          
00002ae9  Can_Write                      
20000000  Com                            
200004c8  ComGroupSignal0Buffer          
200004cc  ComGroupSignal1Buffer          
200004b0  ComIPdu0Buffer                 
200004b8  ComIPdu1Buffer                 
200004d0  ComSignal0Buffer               
200004d4  ComSignal1Buffer               
200004d8  ComSignal2Buffer               
200004dc  ComSignal3Buffer               
20000470  ComTeamConfig                  
000049a7  Com_CbkRxAck                   
000049a5  Com_CbkTxAck                   
00000321  Com_Init                       
00001385  Com_MainFunctionRx             
00001081  Com_MainFunctionTx             
00000c13  Com_ReceiveShadowSignal        
00000a0d  Com_ReceiveSignal              
000018f5  Com_ReceiveSignalGroup         
00000c79  Com_RxIndication               
00000795  Com_SendSignal                 
000015cd  Com_SendSignalGroup            
00001a7b  Com_TriggerIPDUSend            
00000ea1  Com_TxConfirmation             
00000ba5  Com_UpdateShadowSignal         
200004e0  CurrentCanState                
0000442d  IntDisable                     
00004495  IntEnable                      
00004565  IntIsEnabled                   
20000248  PduR                           
00003efd  PduR_CanIfRxIndication         
00003f69  PduR_CanIfTxConfirmation       
00003e9d  PduR_ComTransmit               
00003e8d  PduR_Init                      
0000495f  ResetISR                       
00004171  SysCtlClockGet                 
000047d9  SysCtlPeripheralEnable         
00004769  SysCtlPeripheralPresent        
000047a1  SysCtlPeripheralReady          
00004989  UARTCharGet                    
00004993  UARTCharPut                    
00004621  UARTConfigSetExpClk            
000048f5  UARTDisable                    
00004931  UARTEnable                     
000039f1  UARTStdioConfig                
00003b37  UARTgetc                       
00003a7d  UARTgets                       
00003e57  UARTprintf                     
00003b5d  UARTvprintf                    
00003a37  UARTwrite                      
20000470  __STACK_END                    
00000200  __STACK_SIZE                   
20000470  __STACK_TOP                    
00004c20  __TI_CINIT_Base                
00004c30  __TI_CINIT_Limit               
00004c0c  __TI_Handler_Table_Base        
00004c18  __TI_Handler_Table_Limit       
00004669  __TI_auto_init_nobinit_nopinit 
000044fd  __TI_decompress_lzss           
00004945  __TI_decompress_none           
ffffffff  __TI_pprof_out_hndl            
ffffffff  __TI_prof_data_size            
ffffffff  __TI_prof_data_start           
00000000  __TI_static_base__             
00004915  __TI_zero_init_nomemset        
0000416f  __aeabi_idiv0                  
0000416f  __aeabi_ldiv0                  
0000438f  __aeabi_memcpy                 
0000438f  __aeabi_memcpy4                
0000438f  __aeabi_memcpy8                
000046ed  __aeabi_uidiv                  
000046ed  __aeabi_uidivmod               
ffffffff  __binit__                      
ffffffff  __c_args__                     
UNDEFED   __mpu_init                     
20000270  __stack                        
0000480d  _c_int00_noargs                
UNDEFED   _system_post_cinit             
000049a9  _system_pre_init               
000049ad  abort                          
ffffffff  binit                          
00000000  g_pfnVectors                   
00001c57  main                           
0000488f  memcmp                         
0000438f  memcpy                         


GLOBAL SYMBOLS: SORTED BY Symbol Address 

address   name                           
-------   ----                           
00000000  __TI_static_base__             
00000000  g_pfnVectors                   
00000200  __STACK_SIZE                   
00000321  Com_Init                       
00000795  Com_SendSignal                 
00000a0d  Com_ReceiveSignal              
00000ba5  Com_UpdateShadowSignal         
00000c13  Com_ReceiveShadowSignal        
00000c79  Com_RxIndication               
00000ea1  Com_TxConfirmation             
00001081  Com_MainFunctionTx             
00001385  Com_MainFunctionRx             
000015cd  Com_SendSignalGroup            
000018f5  Com_ReceiveSignalGroup         
00001a7b  Com_TriggerIPDUSend            
00001c57  main                           
00001c75  Can_GetHardwareObjectOfHTH     
00001ccb  Can_ISRHandler                 
00001f95  Can0_InterruptHandler          
00001fb9  Can1_InterruptHandler          
00002049  Can_Init                       
00002341  Can_MainFunction_Write         
000025e5  Can_SetControllerMode          
0000294d  Can_DisableControllerInterrupts
00002a05  Can_EnableControllerInterrupts 
00002ae9  Can_Write                      
00002cf9  Can_MainFunction_Read          
00002e6d  Can_MainFunction_BusOff        
00002f05  Can_MainFunction_Mode          
000030bd  Can_SetBaudrate                
00003337  CanIf_Init                     
00003389  CanIf_SetControllerMode        
0000346d  CanIf_GetControllerMode        
000034d9  CanIf_Transmit                 
000035e1  CanIf_ReadRxPduData            
00003661  CanIf_SetPduMode               
000036d7  CanIf_GetPduMode               
00003711  CanIf_SetBaudrate              
00003735  CanIf_TxConfirmation           
00003777  CanIf_RxIndication             
0000384f  CanIf_ControllerBusOff         
000038a5  CanIf_ControllerModeIndication 
000039f1  UARTStdioConfig                
00003a37  UARTwrite                      
00003a7d  UARTgets                       
00003b37  UARTgetc                       
00003b5d  UARTvprintf                    
00003e57  UARTprintf                     
00003e8d  PduR_Init                      
00003e9d  PduR_ComTransmit               
00003efd  PduR_CanIfRxIndication         
00003f69  PduR_CanIfTxConfirmation       
00004039  CANMessageSet                  
0000416f  __aeabi_idiv0                  
0000416f  __aeabi_ldiv0                  
00004171  SysCtlClockGet                 
00004281  CANMessageGet                  
0000438f  __aeabi_memcpy                 
0000438f  __aeabi_memcpy4                
0000438f  __aeabi_memcpy8                
0000438f  memcpy                         
0000442d  IntDisable                     
00004495  IntEnable                      
000044fd  __TI_decompress_lzss           
00004565  IntIsEnabled                   
000045c9  CANBitTimingSet                
00004621  UARTConfigSetExpClk            
00004669  __TI_auto_init_nobinit_nopinit 
000046ad  CANStatusGet                   
000046ed  __aeabi_uidiv                  
000046ed  __aeabi_uidivmod               
0000472d  CANInit                        
00004769  SysCtlPeripheralPresent        
000047a1  SysCtlPeripheralReady          
000047d9  SysCtlPeripheralEnable         
0000480d  _c_int00_noargs                
0000488f  memcmp                         
000048b3  CANIntClear                    
000048d5  CANIntStatus                   
000048f5  UARTDisable                    
00004915  __TI_zero_init_nomemset        
00004931  UARTEnable                     
00004945  __TI_decompress_none           
00004953  CanSM_ControllerBusOff         
0000495f  ResetISR                       
0000496b  CANDisable                     
00004975  CANEnable                      
0000497f  CANIntDisable                  
00004989  UARTCharGet                    
00004993  UARTCharPut                    
0000499d  CANIntEnable                   
000049a5  Com_CbkTxAck                   
000049a7  Com_CbkRxAck                   
000049a9  _system_pre_init               
000049ad  C$$EXIT                        
000049ad  abort                          
00004c0c  __TI_Handler_Table_Base        
00004c18  __TI_Handler_Table_Limit       
00004c20  __TI_CINIT_Base                
00004c30  __TI_CINIT_Limit               
20000000  Com                            
2000014c  Can                            
200001e4  CanIf                          
20000248  PduR                           
20000270  __stack                        
20000470  ComTeamConfig                  
20000470  __STACK_END                    
20000470  __STACK_TOP                    
200004b0  ComIPdu0Buffer                 
200004b8  ComIPdu1Buffer                 
200004c8  ComGroupSignal0Buffer          
200004cc  ComGroupSignal1Buffer          
200004d0  ComSignal0Buffer               
200004d4  ComSignal1Buffer               
200004d8  ComSignal2Buffer               
200004dc  ComSignal3Buffer               
200004e0  CurrentCanState                
ffffffff  __TI_pprof_out_hndl            
ffffffff  __TI_prof_data_size            
ffffffff  __TI_prof_data_start           
ffffffff  __binit__                      
ffffffff  __c_args__                     
ffffffff  binit                          
UNDEFED   __mpu_init                     
UNDEFED   _system_post_cinit             

[125 symbols]
