******************************************************************************
                  TI ARM Linker PC v18.12.3                    
******************************************************************************
>> Linked Thu Oct 17 16:16:09 2019

OUTPUT FILE NAME:   <ApplicationCanDRVTest.out>
ENTRY POINT SYMBOL: "_c_int00_noargs"  address: 00001b3d


MEMORY CONFIGURATION

         name            origin    length      used     unused   attr    fill
----------------------  --------  ---------  --------  --------  ----  --------
  FLASH                 00000000   00040000  00001dca  0003e236  R  X
  SRAM                  20000000   00008000  000002b4  00007d4c  RW X


SEGMENT ALLOCATION MAP

run origin  load origin   length   init length attrs members
----------  ----------- ---------- ----------- ----- -------
00000000    00000000    00001dd0   00001dd0    r-x
  00000000    00000000    0000026c   0000026c    r-- .intvecs
  0000026c    0000026c    000019f8   000019f8    r-x .text
  00001c64    00001c64    000000e6   000000e6    r-- .const
  00001d50    00001d50    00000080   00000080    r-- .cinit
20000000    20000000    000002b4   00000000    rw-
  20000000    20000000    00000200   00000000    rw- .stack
  20000200    20000200    00000097   00000000    rw- .data
  20000297    20000297    0000001d   00000000    rw- .bss


SECTION ALLOCATION MAP

 output                                  attributes/
section   page    origin      length       input sections
--------  ----  ----------  ----------   ----------------
.intvecs   0    00000000    0000026c     
                  00000000    0000026c     tm4c123gh6pm_startup_ccs.obj (.intvecs)

.text      0    0000026c    000019f8     
                  0000026c    00001188     Can.obj (.text)
                  000013f4    00000136     driverlib.lib : can.obj (.text:CANMessageSet)
                  0000152a    00000002     --HOLE-- [fill = 0]
                  0000152c    00000110                   : sysctl.obj (.text:SysCtlClockGet)
                  0000163c    0000010e                   : can.obj (.text:CANMessageGet)
                  0000174a    0000009c     rtsv7M4_T_le_v4SPD16_eabi.lib : memcpy_t2.asm.obj (.text)
                  000017e6    00000002     --HOLE-- [fill = 0]
                  000017e8    00000068     driverlib.lib : interrupt.obj (.text:IntDisable)
                  00001850    00000068                   : interrupt.obj (.text:IntEnable)
                  000018b8    00000068     rtsv7M4_T_le_v4SPD16_eabi.lib : copy_decompress_lzss.c.obj (.text:decompress:lzss:__TI_decompress_lzss)
                  00001920    00000064     driverlib.lib : interrupt.obj (.text:IntIsEnabled)
                  00001984    00000058                   : can.obj (.text:CANBitTimingSet)
                  000019dc    00000044     rtsv7M4_T_le_v4SPD16_eabi.lib : autoinit.c.obj (.text:__TI_auto_init_nobinit_nopinit:__TI_auto_init_nobinit_nopinit)
                  00001a20    00000040     driverlib.lib : can.obj (.text:CANStatusGet)
                  00001a60    0000003a                   : can.obj (.text:CANInit)
                  00001a9a    00000002     --HOLE-- [fill = 0]
                  00001a9c    00000038                   : sysctl.obj (.text:SysCtlPeripheralReady)
                  00001ad4    00000034     CanIf_stub.obj (.text)
                  00001b08    00000034     driverlib.lib : sysctl.obj (.text:SysCtlPeripheralEnable)
                  00001b3c    00000034     rtsv7M4_T_le_v4SPD16_eabi.lib : boot_cortex_m.c.obj (.text:_c_int00_noargs:_c_int00_noargs)
                  00001b70    0000002a     driverlib.lib : can.obj (.text:_CANDataRegRead)
                  00001b9a    00000024                   : can.obj (.text:_CANDataRegWrite)
                  00001bbe    00000022                   : can.obj (.text:CANIntClear)
                  00001be0    00000020                   : can.obj (.text:CANIntStatus)
                  00001c00    0000001c     rtsv7M4_T_le_v4SPD16_eabi.lib : copy_zero_init.c.obj (.text:decompress:ZI:__TI_zero_init_nomemset:__TI_zero_init_nomemset)
                  00001c1c    0000000e                                   : copy_decompress_none.c.obj (.text:decompress:none:__TI_decompress_none)
                  00001c2a    0000000c     tm4c123gh6pm_startup_ccs.obj (.text)
                  00001c36    0000000a     driverlib.lib : can.obj (.text:CANDisable)
                  00001c40    0000000a                   : can.obj (.text:CANEnable)
                  00001c4a    0000000a                   : can.obj (.text:CANIntDisable)
                  00001c54    00000008                   : can.obj (.text:CANIntEnable)
                  00001c5c    00000004     rtsv7M4_T_le_v4SPD16_eabi.lib : pre_init.c.obj (.text:_system_pre_init)
                  00001c60    00000004                                   : exit.c.obj (.text:abort:abort)

.const     0    00001c64    000000e6     
                  00001c64    00000070     driverlib.lib : interrupt.obj (.const)
                  00001cd4    0000006c                   : sysctl.obj (.const:g_pui32Xtals)
                  00001d40    00000008     Can.obj (.const:$P$T0$1)
                  00001d48    00000002     Can.obj (.const:.string:$P$T1$2)

.cinit     0    00001d50    00000080     
                  00001d50    00000055     (.cinit..data.load) [load image, compression = lzss]
                  00001da5    00000003     --HOLE-- [fill = 0]
                  00001da8    0000000c     (__TI_handler_table)
                  00001db4    00000004     --HOLE-- [fill = 0]
                  00001db8    00000008     (.cinit..bss.load) [load image, compression = zero_init]
                  00001dc0    00000010     (__TI_cinit_table)

.init_array 
*          0    00000000    00000000     UNINITIALIZED

.data      0    20000200    00000097     UNINITIALIZED
                  20000200    00000090     Can_PBcfg.obj (.data:Can)
                  20000290    00000005     Can.obj (.data)
                  20000295    00000002     Can.obj (.data:ControllerState)

.bss       0    20000297    0000001d     UNINITIALIZED
                  20000297    0000000c     Can.obj (.bss:MessageObject)
                  200002a3    00000004     Can.obj (.bss:InterruptDisableCount)
                  200002a7    00000004     Can.obj (.bss:InterruptEnableCount)
                  200002ab    00000004     (.common:CurrentCanState)
                  200002af    00000004     (.common:LogicalSleep)
                  200002b3    00000001     (.common:CanDevelopmentError)

.stack     0    20000000    00000200     UNINITIALIZED
                  20000000    00000004     rtsv7M4_T_le_v4SPD16_eabi.lib : boot_cortex_m.c.obj (.stack)
                  20000004    000001fc     --HOLE--

MODULE SUMMARY

       Module                         code   ro data   rw data
       ------                         ----   -------   -------
    .\
       Can.obj                        4488   10        36     
       tm4c123gh6pm_startup_ccs.obj   12     620       0      
       Can_PBcfg.obj                  0      0         144    
       CanIf_stub.obj                 52     0         0      
    +--+------------------------------+------+---------+---------+
       Total:                         4552   630       180    
                                                              
    C:/ti/TivaWare_C_Series-2.1.4.178/driverlib/ccs/Debug/driverlib.lib
       can.obj                        972    0         0      
       sysctl.obj                     380    108       0      
       interrupt.obj                  308    112       0      
    +--+------------------------------+------+---------+---------+
       Total:                         1660   220       0      
                                                              
    C:\ti\ccs910\ccs\tools\compiler\ti-cgt-arm_18.12.3.LTS\lib\rtsv7M4_T_le_v4SPD16_eabi.lib
       memcpy_t2.asm.obj              156    0         0      
       copy_decompress_lzss.c.obj     104    0         0      
       autoinit.c.obj                 68     0         0      
       boot_cortex_m.c.obj            52     0         0      
       copy_zero_init.c.obj           28     0         0      
       copy_decompress_none.c.obj     14     0         0      
       exit.c.obj                     4      0         0      
       pre_init.c.obj                 4      0         0      
    +--+------------------------------+------+---------+---------+
       Total:                         430    0         0      
                                                              
       Stack:                         0      0         512    
       Linker Generated:              0      121       0      
    +--+------------------------------+------+---------+---------+
       Grand Total:                   6642   971       692    


LINKER GENERATED COPY TABLES

__TI_cinit_table @ 00001dc0 records: 2, size/record: 8, table size: 16
	.data: load addr=00001d50, load size=00000055 bytes, run addr=20000200, run size=00000097 bytes, compression=lzss
	.bss: load addr=00001db8, load size=00000008 bytes, run addr=20000297, run size=0000001d bytes, compression=zero_init


LINKER GENERATED HANDLER TABLE

__TI_handler_table @ 00001da8 records: 3, size/record: 4, table size: 12
	index: 0, handler: __TI_decompress_lzss
	index: 1, handler: __TI_decompress_none
	index: 2, handler: __TI_zero_init


GLOBAL SYMBOLS: SORTED ALPHABETICALLY BY Name 

address   name                           
-------   ----                           
00001c61  C$$EXIT                        
00001985  CANBitTimingSet                
00001c37  CANDisable                     
00001c41  CANEnable                      
00001a61  CANInit                        
00001bbf  CANIntClear                    
00001c4b  CANIntDisable                  
00001c55  CANIntEnable                   
00001be1  CANIntStatus                   
0000163d  CANMessageGet                  
000013f5  CANMessageSet                  
00001a21  CANStatusGet                   
20000200  Can                            
000006a1  Can0_InterruptHandler          
000008b1  Can1_InterruptHandler          
200002b3  CanDevelopmentError            
00001ae5  CanIf_ControllerBusOff         
00001ad5  CanIf_ControllerModeIndication 
00001afd  CanIf_RxIndication             
00001af1  CanIf_TxConfirmation           
20000290  CanTimeoutDuration             
000004ed  Can_DisableControllerInterrupts
000005c5  Can_EnableControllerInterrupts 
0000026d  Can_GetHardwareObjectOfHTH     
00000dcd  Can_Init                       
0000137b  Can_MainFunctionBusoff         
00001245  Can_MainFunction_Mode          
000010bb  Can_MainFunction_Write         
000010c9  Can_SetBaudrate                
00000ae5  Can_SetControllerMode          
000002c3  Can_Write                      
200002ab  CurrentCanState                
000017e9  IntDisable                     
00001851  IntEnable                      
00001921  IntIsEnabled                   
200002af  LogicalSleep                   
00001c2b  ResetISR                       
0000152d  SysCtlClockGet                 
00001b09  SysCtlPeripheralEnable         
00001a9d  SysCtlPeripheralReady          
20000200  __STACK_END                    
00000200  __STACK_SIZE                   
20000200  __STACK_TOP                    
00001dc0  __TI_CINIT_Base                
00001dd0  __TI_CINIT_Limit               
00001da8  __TI_Handler_Table_Base        
00001db4  __TI_Handler_Table_Limit       
000019dd  __TI_auto_init_nobinit_nopinit 
000018b9  __TI_decompress_lzss           
00001c1d  __TI_decompress_none           
ffffffff  __TI_pprof_out_hndl            
ffffffff  __TI_prof_data_size            
ffffffff  __TI_prof_data_start           
00000000  __TI_static_base__             
00001c01  __TI_zero_init_nomemset        
0000174b  __aeabi_memcpy                 
0000174b  __aeabi_memcpy4                
0000174b  __aeabi_memcpy8                
ffffffff  __binit__                      
ffffffff  __c_args__                     
UNDEFED   __mpu_init                     
20000000  __stack                        
00001b3d  _c_int00_noargs                
UNDEFED   _system_post_cinit             
00001c5d  _system_pre_init               
00001c61  abort                          
ffffffff  binit                          
00000000  g_pfnVectors                   
000010bd  main                           
0000174b  memcpy                         


GLOBAL SYMBOLS: SORTED BY Symbol Address 

address   name                           
-------   ----                           
00000000  __TI_static_base__             
00000000  g_pfnVectors                   
00000200  __STACK_SIZE                   
0000026d  Can_GetHardwareObjectOfHTH     
000002c3  Can_Write                      
000004ed  Can_DisableControllerInterrupts
000005c5  Can_EnableControllerInterrupts 
000006a1  Can0_InterruptHandler          
000008b1  Can1_InterruptHandler          
00000ae5  Can_SetControllerMode          
00000dcd  Can_Init                       
000010bb  Can_MainFunction_Write         
000010bd  main                           
000010c9  Can_SetBaudrate                
00001245  Can_MainFunction_Mode          
0000137b  Can_MainFunctionBusoff         
000013f5  CANMessageSet                  
0000152d  SysCtlClockGet                 
0000163d  CANMessageGet                  
0000174b  __aeabi_memcpy                 
0000174b  __aeabi_memcpy4                
0000174b  __aeabi_memcpy8                
0000174b  memcpy                         
000017e9  IntDisable                     
00001851  IntEnable                      
000018b9  __TI_decompress_lzss           
00001921  IntIsEnabled                   
00001985  CANBitTimingSet                
000019dd  __TI_auto_init_nobinit_nopinit 
00001a21  CANStatusGet                   
00001a61  CANInit                        
00001a9d  SysCtlPeripheralReady          
00001ad5  CanIf_ControllerModeIndication 
00001ae5  CanIf_ControllerBusOff         
00001af1  CanIf_TxConfirmation           
00001afd  CanIf_RxIndication             
00001b09  SysCtlPeripheralEnable         
00001b3d  _c_int00_noargs                
00001bbf  CANIntClear                    
00001be1  CANIntStatus                   
00001c01  __TI_zero_init_nomemset        
00001c1d  __TI_decompress_none           
00001c2b  ResetISR                       
00001c37  CANDisable                     
00001c41  CANEnable                      
00001c4b  CANIntDisable                  
00001c55  CANIntEnable                   
00001c5d  _system_pre_init               
00001c61  C$$EXIT                        
00001c61  abort                          
00001da8  __TI_Handler_Table_Base        
00001db4  __TI_Handler_Table_Limit       
00001dc0  __TI_CINIT_Base                
00001dd0  __TI_CINIT_Limit               
20000000  __stack                        
20000200  Can                            
20000200  __STACK_END                    
20000200  __STACK_TOP                    
20000290  CanTimeoutDuration             
200002ab  CurrentCanState                
200002af  LogicalSleep                   
200002b3  CanDevelopmentError            
ffffffff  __TI_pprof_out_hndl            
ffffffff  __TI_prof_data_size            
ffffffff  __TI_prof_data_start           
ffffffff  __binit__                      
ffffffff  __c_args__                     
ffffffff  binit                          
UNDEFED   __mpu_init                     
UNDEFED   _system_post_cinit             

[70 symbols]
