******************************************************************************
                  TI ARM Linker PC v18.12.3                    
******************************************************************************
>> Linked Sun Oct 27 00:36:40 2019

OUTPUT FILE NAME:   <ApplicationCanDRVTest.out>
ENTRY POINT SYMBOL: "_c_int00_noargs"  address: 00001ee5


MEMORY CONFIGURATION

         name            origin    length      used     unused   attr    fill
----------------------  --------  ---------  --------  --------  ----  --------
  FLASH                 00000000   00040000  000021a2  0003de5e  R  X
  SRAM                  20000000   00008000  00000365  00007c9b  RW X


SEGMENT ALLOCATION MAP

run origin  load origin   length   init length attrs members
----------  ----------- ---------- ----------- ----- -------
00000000    00000000    000021a8   000021a8    r-x
  00000000    00000000    0000026c   0000026c    r-- .intvecs
  0000026c    0000026c    00001da0   00001da0    r-x .text
  0000200c    0000200c    000000e6   000000e6    r-- .const
  000020f8    000020f8    000000b0   000000b0    r-- .cinit
20000000    20000000    00000365   00000000    rw-
  20000000    20000000    00000200   00000000    rw- .stack
  20000200    20000200    0000014c   00000000    rw- .data
  2000034c    2000034c    00000019   00000000    rw- .bss


SECTION ALLOCATION MAP

 output                                  attributes/
section   page    origin      length       input sections
--------  ----  ----------  ----------   ----------------
.intvecs   0    00000000    0000026c     
                  00000000    0000026c     tm4c123gh6pm_startup_ccs.obj (.intvecs)

.text      0    0000026c    00001da0     
                  0000026c    00001158     Can.obj (.text)
                  000013c4    0000040c     CanIf.obj (.text)
                  000017d0    00000136     driverlib.lib : can.obj (.text:CANMessageSet)
                  00001906    00000002     --HOLE-- [fill = 0]
                  00001908    00000110                   : sysctl.obj (.text:SysCtlClockGet)
                  00001a18    0000010e                   : can.obj (.text:CANMessageGet)
                  00001b26    0000009c     rtsv7M4_T_le_v4SPD16_eabi.lib : memcpy_t2.asm.obj (.text)
                  00001bc2    00000002     --HOLE-- [fill = 0]
                  00001bc4    00000068     driverlib.lib : interrupt.obj (.text:IntDisable)
                  00001c2c    00000068                   : interrupt.obj (.text:IntEnable)
                  00001c94    00000068     rtsv7M4_T_le_v4SPD16_eabi.lib : copy_decompress_lzss.c.obj (.text:decompress:lzss:__TI_decompress_lzss)
                  00001cfc    00000064     driverlib.lib : interrupt.obj (.text:IntIsEnabled)
                  00001d60    00000058                   : can.obj (.text:CANBitTimingSet)
                  00001db8    00000044     rtsv7M4_T_le_v4SPD16_eabi.lib : autoinit.c.obj (.text:__TI_auto_init_nobinit_nopinit:__TI_auto_init_nobinit_nopinit)
                  00001dfc    00000040     driverlib.lib : can.obj (.text:CANStatusGet)
                  00001e3c    0000003a                   : can.obj (.text:CANInit)
                  00001e76    00000002     --HOLE-- [fill = 0]
                  00001e78    00000038                   : sysctl.obj (.text:SysCtlPeripheralReady)
                  00001eb0    00000034                   : sysctl.obj (.text:SysCtlPeripheralEnable)
                  00001ee4    00000034     rtsv7M4_T_le_v4SPD16_eabi.lib : boot_cortex_m.c.obj (.text:_c_int00_noargs:_c_int00_noargs)
                  00001f18    0000002a     driverlib.lib : can.obj (.text:_CANDataRegRead)
                  00001f42    00000024                   : can.obj (.text:_CANDataRegWrite)
                  00001f66    00000022                   : can.obj (.text:CANIntClear)
                  00001f88    00000020                   : can.obj (.text:CANIntStatus)
                  00001fa8    0000001c     rtsv7M4_T_le_v4SPD16_eabi.lib : copy_zero_init.c.obj (.text:decompress:ZI:__TI_zero_init_nomemset:__TI_zero_init_nomemset)
                  00001fc4    0000000e                                   : copy_decompress_none.c.obj (.text:decompress:none:__TI_decompress_none)
                  00001fd2    0000000c     tm4c123gh6pm_startup_ccs.obj (.text)
                  00001fde    0000000a     driverlib.lib : can.obj (.text:CANDisable)
                  00001fe8    0000000a                   : can.obj (.text:CANEnable)
                  00001ff2    0000000a                   : can.obj (.text:CANIntDisable)
                  00001ffc    00000008                   : can.obj (.text:CANIntEnable)
                  00002004    00000004     rtsv7M4_T_le_v4SPD16_eabi.lib : pre_init.c.obj (.text:_system_pre_init)
                  00002008    00000004                                   : exit.c.obj (.text:abort:abort)

.const     0    0000200c    000000e6     
                  0000200c    00000070     driverlib.lib : interrupt.obj (.const)
                  0000207c    0000006c                   : sysctl.obj (.const:g_pui32Xtals)
                  000020e8    00000008     Can.obj (.const:$P$T0$1)
                  000020f0    00000002     Can.obj (.const:.string:$P$T1$2)

.cinit     0    000020f8    000000b0     
                  000020f8    00000085     (.cinit..data.load) [load image, compression = lzss]
                  0000217d    00000003     --HOLE-- [fill = 0]
                  00002180    0000000c     (__TI_handler_table)
                  0000218c    00000004     --HOLE-- [fill = 0]
                  00002190    00000008     (.cinit..bss.load) [load image, compression = zero_init]
                  00002198    00000010     (__TI_cinit_table)

.init_array 
*          0    00000000    00000000     UNINITIALIZED

.data      0    20000200    0000014c     UNINITIALIZED
                  20000200    00000090     Can_PBcfg.obj (.data:Can)
                  20000290    0000005c     CanIf_Cfg.obj (.data:CanIf)
                  200002ec    00000058     CanIf.obj (.data:CanIfTxBuffer)
                  20000344    00000002     Can.obj (.data:ControllerState)
                  20000346    00000002     Can.obj (.data:InterruptDisableCount)
                  20000348    00000002     Can.obj (.data:InterruptEnableCount)
                  2000034a    00000001     Can.obj (.data)
                  2000034b    00000001     CanIf.obj (.data)

.bss       0    2000034c    00000019     UNINITIALIZED
                  2000034c    0000000c     Can.obj (.bss:MessageObject)
                  20000358    00000004     CanIf.obj (.bss:CanIfPduMode)
                  2000035c    00000004     Can.obj (.bss:LogicalSleep)
                  20000360    00000004     (.common:CurrentCanState)
                  20000364    00000001     (.common:CanDevelopmentError)

.stack     0    20000000    00000200     UNINITIALIZED
                  20000000    00000004     rtsv7M4_T_le_v4SPD16_eabi.lib : boot_cortex_m.c.obj (.stack)
                  20000004    000001fc     --HOLE--

MODULE SUMMARY

       Module                         code   ro data   rw data
       ------                         ----   -------   -------
    .\
       Can.obj                        4440   10        28     
       CanIf.obj                      1036   0         93     
       tm4c123gh6pm_startup_ccs.obj   12     620       0      
       Can_PBcfg.obj                  0      0         144    
       CanIf_Cfg.obj                  0      0         92     
    +--+------------------------------+------+---------+---------+
       Total:                         5488   630       357    
                                                              
    C:/ti/TivaWare_C_Series-2.1.4.178/driverlib/ccs/Debug/driverlib.lib
       can.obj                        972    0         0      
       sysctl.obj                     380    108       0      
       interrupt.obj                  308    112       0      
    +--+------------------------------+------+---------+---------+
       Total:                         1660   220       0      
                                                              
    C:\ti\ccs910\ccs\tools\compiler\ti-cgt-arm_18.12.3.LTS\lib\rtsv7M4_T_le_v4SPD16_eabi.lib
       memcpy_t2.asm.obj              156    0         0      
       copy_decompress_lzss.c.obj     104    0         0      
       autoinit.c.obj                 68     0         0      
       boot_cortex_m.c.obj            52     0         0      
       copy_zero_init.c.obj           28     0         0      
       copy_decompress_none.c.obj     14     0         0      
       exit.c.obj                     4      0         0      
       pre_init.c.obj                 4      0         0      
    +--+------------------------------+------+---------+---------+
       Total:                         430    0         0      
                                                              
       Stack:                         0      0         512    
       Linker Generated:              0      169       0      
    +--+------------------------------+------+---------+---------+
       Grand Total:                   7578   1019      869    


LINKER GENERATED COPY TABLES

__TI_cinit_table @ 00002198 records: 2, size/record: 8, table size: 16
	.data: load addr=000020f8, load size=00000085 bytes, run addr=20000200, run size=0000014c bytes, compression=lzss
	.bss: load addr=00002190, load size=00000008 bytes, run addr=2000034c, run size=00000019 bytes, compression=zero_init


LINKER GENERATED HANDLER TABLE

__TI_handler_table @ 00002180 records: 3, size/record: 4, table size: 12
	index: 0, handler: __TI_decompress_lzss
	index: 1, handler: __TI_decompress_none
	index: 2, handler: __TI_zero_init


GLOBAL SYMBOLS: SORTED ALPHABETICALLY BY Name 

address   name                           
-------   ----                           
00002009  C$$EXIT                        
00001d61  CANBitTimingSet                
00001fdf  CANDisable                     
00001fe9  CANEnable                      
00001e3d  CANInit                        
00001f67  CANIntClear                    
00001ff3  CANIntDisable                  
00001ffd  CANIntEnable                   
00001f89  CANIntStatus                   
00001a19  CANMessageGet                  
000017d1  CANMessageSet                  
00001dfd  CANStatusGet                   
20000200  Can                            
00000679  Can0_InterruptHandler          
0000088d  Can1_InterruptHandler          
20000364  CanDevelopmentError            
20000290  CanIf                          
000017a1  CanIf_ControllerBusOff         
000017ad  CanIf_ControllerModeIndication 
000015ab  CanIf_GetControllerMode        
00001729  CanIf_GetPduMode               
0000158f  CanIf_Init                     
00001709  CanIf_ReadRxNotifStatus        
000016eb  CanIf_ReadRxPduData            
000016fb  CanIf_ReadTxNotifStatus        
00001795  CanIf_RxIndication             
00001777  CanIf_SetBaudrate              
00001599  CanIf_SetControllerMode        
00001717  CanIf_SetPduMode               
000015c1  CanIf_Transmit                 
00001789  CanIf_TxConfirmation           
000004c1  Can_DisableControllerInterrupts
00000599  Can_EnableControllerInterrupts 
0000026d  Can_GetHardwareObjectOfHTH     
00000d8d  Can_Init                       
00001347  Can_MainFunctionBusoff         
00001201  Can_MainFunction_Mode          
0000107b  Can_MainFunction_Write         
00001085  Can_SetBaudrate                
00000abd  Can_SetControllerMode          
000002c3  Can_Write                      
20000360  CurrentCanState                
UNDEFED   Det_ReportError                
00001bc5  IntDisable                     
00001c2d  IntEnable                      
00001cfd  IntIsEnabled                   
00001fd3  ResetISR                       
00001909  SysCtlClockGet                 
00001eb1  SysCtlPeripheralEnable         
00001e79  SysCtlPeripheralReady          
20000200  __STACK_END                    
00000200  __STACK_SIZE                   
20000200  __STACK_TOP                    
00002198  __TI_CINIT_Base                
000021a8  __TI_CINIT_Limit               
00002180  __TI_Handler_Table_Base        
0000218c  __TI_Handler_Table_Limit       
00001db9  __TI_auto_init_nobinit_nopinit 
00001c95  __TI_decompress_lzss           
00001fc5  __TI_decompress_none           
ffffffff  __TI_pprof_out_hndl            
ffffffff  __TI_prof_data_size            
ffffffff  __TI_prof_data_start           
00000000  __TI_static_base__             
00001fa9  __TI_zero_init_nomemset        
00001b27  __aeabi_memcpy                 
00001b27  __aeabi_memcpy4                
00001b27  __aeabi_memcpy8                
ffffffff  __binit__                      
ffffffff  __c_args__                     
UNDEFED   __mpu_init                     
20000000  __stack                        
00001ee5  _c_int00_noargs                
UNDEFED   _system_post_cinit             
00002005  _system_pre_init               
00002009  abort                          
ffffffff  binit                          
00000000  g_pfnVectors                   
000017bd  main                           
00001b27  memcpy                         


GLOBAL SYMBOLS: SORTED BY Symbol Address 

address   name                           
-------   ----                           
00000000  __TI_static_base__             
00000000  g_pfnVectors                   
00000200  __STACK_SIZE                   
0000026d  Can_GetHardwareObjectOfHTH     
000002c3  Can_Write                      
000004c1  Can_DisableControllerInterrupts
00000599  Can_EnableControllerInterrupts 
00000679  Can0_InterruptHandler          
0000088d  Can1_InterruptHandler          
00000abd  Can_SetControllerMode          
00000d8d  Can_Init                       
0000107b  Can_MainFunction_Write         
00001085  Can_SetBaudrate                
00001201  Can_MainFunction_Mode          
00001347  Can_MainFunctionBusoff         
0000158f  CanIf_Init                     
00001599  CanIf_SetControllerMode        
000015ab  CanIf_GetControllerMode        
000015c1  CanIf_Transmit                 
000016eb  CanIf_ReadRxPduData            
000016fb  CanIf_ReadTxNotifStatus        
00001709  CanIf_ReadRxNotifStatus        
00001717  CanIf_SetPduMode               
00001729  CanIf_GetPduMode               
00001777  CanIf_SetBaudrate              
00001789  CanIf_TxConfirmation           
00001795  CanIf_RxIndication             
000017a1  CanIf_ControllerBusOff         
000017ad  CanIf_ControllerModeIndication 
000017bd  main                           
000017d1  CANMessageSet                  
00001909  SysCtlClockGet                 
00001a19  CANMessageGet                  
00001b27  __aeabi_memcpy                 
00001b27  __aeabi_memcpy4                
00001b27  __aeabi_memcpy8                
00001b27  memcpy                         
00001bc5  IntDisable                     
00001c2d  IntEnable                      
00001c95  __TI_decompress_lzss           
00001cfd  IntIsEnabled                   
00001d61  CANBitTimingSet                
00001db9  __TI_auto_init_nobinit_nopinit 
00001dfd  CANStatusGet                   
00001e3d  CANInit                        
00001e79  SysCtlPeripheralReady          
00001eb1  SysCtlPeripheralEnable         
00001ee5  _c_int00_noargs                
00001f67  CANIntClear                    
00001f89  CANIntStatus                   
00001fa9  __TI_zero_init_nomemset        
00001fc5  __TI_decompress_none           
00001fd3  ResetISR                       
00001fdf  CANDisable                     
00001fe9  CANEnable                      
00001ff3  CANIntDisable                  
00001ffd  CANIntEnable                   
00002005  _system_pre_init               
00002009  C$$EXIT                        
00002009  abort                          
00002180  __TI_Handler_Table_Base        
0000218c  __TI_Handler_Table_Limit       
00002198  __TI_CINIT_Base                
000021a8  __TI_CINIT_Limit               
20000000  __stack                        
20000200  Can                            
20000200  __STACK_END                    
20000200  __STACK_TOP                    
20000290  CanIf                          
20000360  CurrentCanState                
20000364  CanDevelopmentError            
ffffffff  __TI_pprof_out_hndl            
ffffffff  __TI_prof_data_size            
ffffffff  __TI_prof_data_start           
ffffffff  __binit__                      
ffffffff  __c_args__                     
ffffffff  binit                          
UNDEFED   Det_ReportError                
UNDEFED   __mpu_init                     
UNDEFED   _system_post_cinit             

[80 symbols]
