******************************************************************************
                  TI ARM Linker PC v18.12.3                    
******************************************************************************
>> Linked Thu Dec  5 18:26:15 2019

OUTPUT FILE NAME:   <Application(Windows).out>
ENTRY POINT SYMBOL: "_c_int00_noargs"  address: 0000369d


MEMORY CONFIGURATION

         name            origin    length      used     unused   attr    fill
----------------------  --------  ---------  --------  --------  ----  --------
  FLASH                 00000000   00040000  00003a90  0003c570  R  X
  SRAM                  20000000   00008000  000004c4  00007b3c  RW X


SEGMENT ALLOCATION MAP

run origin  load origin   length   init length attrs members
----------  ----------- ---------- ----------- ----- -------
00000000    00000000    00003a90   00003a90    r-x
  00000000    00000000    0000026c   0000026c    r-- .intvecs
  0000026c    0000026c    000035b0   000035b0    r-x .text
  0000381c    0000381c    00000124   00000124    r-- .const
  00003940    00003940    00000150   00000150    r-- .cinit
20000000    20000000    000004c4   00000000    rw-
  20000000    20000000    00000250   00000000    rw- .data
  20000250    20000250    00000200   00000000    rw- .stack
  20000450    20000450    00000074   00000000    rw- .bss


SECTION ALLOCATION MAP

 output                                  attributes/
section   page    origin      length       input sections
--------  ----  ----------  ----------   ----------------
.intvecs   0    00000000    0000026c     
                  00000000    0000026c     tm4c123gh6pm_startup_ccs.obj (.intvecs)

.text      0    0000026c    000035b0     
                  0000026c    00001630     Can.obj (.text)
                  0000189c    000009cc     Com.obj (.text)
                  00002268    0000074c     CanIf.obj (.text)
                  000029b4    0000049c     uartstdio.obj (.text)
                  00002e50    00000136     driverlib.lib : can.obj (.text:CANMessageSet)
                  00002f86    00000002     rtsv7M4_T_le_v4SPD16_eabi.lib : div0.asm.obj (.text)
                  00002f88    00000110     driverlib.lib : sysctl.obj (.text:SysCtlClockGet)
                  00003098    0000010e                   : can.obj (.text:CANMessageGet)
                  000031a6    0000009c     rtsv7M4_T_le_v4SPD16_eabi.lib : memcpy_t2.asm.obj (.text)
                  00003242    00000002     --HOLE-- [fill = 0]
                  00003244    00000076     PduR.obj (.text)
                  000032ba    00000002     --HOLE-- [fill = 0]
                  000032bc    00000068     driverlib.lib : interrupt.obj (.text:IntDisable)
                  00003324    00000068                   : interrupt.obj (.text:IntEnable)
                  0000338c    00000068     rtsv7M4_T_le_v4SPD16_eabi.lib : copy_decompress_lzss.c.obj (.text:decompress:lzss:__TI_decompress_lzss)
                  000033f4    00000064     driverlib.lib : interrupt.obj (.text:IntIsEnabled)
                  00003458    00000058                   : can.obj (.text:CANBitTimingSet)
                  000034b0    00000046                   : uart.obj (.text:UARTConfigSetExpClk)
                  000034f6    00000002     --HOLE-- [fill = 0]
                  000034f8    00000044     rtsv7M4_T_le_v4SPD16_eabi.lib : autoinit.c.obj (.text:__TI_auto_init_nobinit_nopinit:__TI_auto_init_nobinit_nopinit)
                  0000353c    00000040     driverlib.lib : can.obj (.text:CANStatusGet)
                  0000357c    00000040     rtsv7M4_T_le_v4SPD16_eabi.lib : u_divt2.asm.obj (.text)
                  000035bc    0000003a     driverlib.lib : can.obj (.text:CANInit)
                  000035f6    00000002     --HOLE-- [fill = 0]
                  000035f8    00000038                   : sysctl.obj (.text:SysCtlPeripheralPresent)
                  00003630    00000038                   : sysctl.obj (.text:SysCtlPeripheralReady)
                  00003668    00000034                   : sysctl.obj (.text:SysCtlPeripheralEnable)
                  0000369c    00000034     rtsv7M4_T_le_v4SPD16_eabi.lib : boot_cortex_m.c.obj (.text:_c_int00_noargs:_c_int00_noargs)
                  000036d0    0000002a     driverlib.lib : can.obj (.text:_CANDataRegRead)
                  000036fa    00000024                   : can.obj (.text:_CANDataRegWrite)
                  0000371e    00000022                   : can.obj (.text:CANIntClear)
                  00003740    00000020                   : can.obj (.text:CANIntStatus)
                  00003760    00000020                   : uart.obj (.text:UARTDisable)
                  00003780    0000001c     rtsv7M4_T_le_v4SPD16_eabi.lib : copy_zero_init.c.obj (.text:decompress:ZI:__TI_zero_init_nomemset:__TI_zero_init_nomemset)
                  0000379c    00000014     driverlib.lib : uart.obj (.text:UARTEnable)
                  000037b0    0000000e     rtsv7M4_T_le_v4SPD16_eabi.lib : copy_decompress_none.c.obj (.text:decompress:none:__TI_decompress_none)
                  000037be    0000000c     CanSM.obj (.text)
                  000037ca    0000000c     tm4c123gh6pm_startup_ccs.obj (.text)
                  000037d6    0000000a     driverlib.lib : can.obj (.text:CANDisable)
                  000037e0    0000000a                   : can.obj (.text:CANEnable)
                  000037ea    0000000a                   : can.obj (.text:CANIntDisable)
                  000037f4    0000000a                   : uart.obj (.text:UARTCharGet)
                  000037fe    0000000a                   : uart.obj (.text:UARTCharPut)
                  00003808    00000008                   : can.obj (.text:CANIntEnable)
                  00003810    00000004     Com_Cfg.obj (.text)
                  00003814    00000004     rtsv7M4_T_le_v4SPD16_eabi.lib : pre_init.c.obj (.text:_system_pre_init)
                  00003818    00000004                                   : exit.c.obj (.text:abort:abort)

.const     0    0000381c    00000124     
                  0000381c    00000070     driverlib.lib : interrupt.obj (.const)
                  0000388c    0000006c                   : sysctl.obj (.const:g_pui32Xtals)
                  000038f8    00000012     uartstdio.obj (.const:.string)
                  0000390a    00000002     Can.obj (.const:.string:$P$T1$2)
                  0000390c    0000000c     uartstdio.obj (.const:g_ui32UARTBase)
                  00003918    0000000c     uartstdio.obj (.const:g_ui32UARTPeriph)
                  00003924    00000008     Can.obj (.const:$P$T0$1)
                  0000392c    00000008     Can.obj (.const:$P$T2$3)
                  00003934    00000008     Can.obj (.const:$P$T3$4)
                  0000393c    00000004     uartstdio.obj (.const)

.cinit     0    00003940    00000150     
                  00003940    00000127     (.cinit..data.load) [load image, compression = lzss]
                  00003a67    00000001     --HOLE-- [fill = 0]
                  00003a68    0000000c     (__TI_handler_table)
                  00003a74    00000004     --HOLE-- [fill = 0]
                  00003a78    00000008     (.cinit..bss.load) [load image, compression = zero_init]
                  00003a80    00000010     (__TI_cinit_table)

.init_array 
*          0    00000000    00000000     UNINITIALIZED

.data      0    20000000    00000250     UNINITIALIZED
                  20000000    00000144     Com_Cfg.obj (.data:Com)
                  20000144    00000098     Can_PBcfg.obj (.data:Can)
                  200001dc    00000064     CanIf_Cfg.obj (.data:CanIf)
                  20000240    00000005     uartstdio.obj (.data)
                  20000245    00000002     Can.obj (.data:CanControllerState)
                  20000247    00000002     CanIf.obj (.data:CanIfControllerMode)
                  20000249    00000002     Can.obj (.data:InterruptDisableCount)
                  2000024b    00000002     Can.obj (.data:InterruptEnableCount)
                  2000024d    00000001     Can.obj (.data)
                  2000024e    00000001     CanIf.obj (.data)
                  2000024f    00000001     Com.obj (.data)

.bss       0    20000450    00000074     UNINITIALIZED
                  20000450    0000002c     (.common:ComTeamConfig)
                  2000047c    0000000c     Can.obj (.bss:MessageObject)
                  20000488    00000008     CanIf.obj (.bss:RxBuffer)
                  20000490    00000008     (.common:ComIPdu0Buffer)
                  20000498    00000008     (.common:ComIPdu1Buffer)
                  200004a0    00000004     CanIf.obj (.bss:CanIfPduMode)
                  200004a4    00000004     Can.obj (.bss:LogicalSleep)
                  200004a8    00000004     (.common:ComGroupSignal0Buffer)
                  200004ac    00000004     (.common:ComGroupSignal1Buffer)
                  200004b0    00000004     (.common:ComSignal0Buffer)
                  200004b4    00000004     (.common:ComSignal1Buffer)
                  200004b8    00000004     (.common:ComSignal2Buffer)
                  200004bc    00000004     (.common:ComSignal3Buffer)
                  200004c0    00000004     (.common:CurrentCanState)

.stack     0    20000250    00000200     UNINITIALIZED
                  20000250    00000004     rtsv7M4_T_le_v4SPD16_eabi.lib : boot_cortex_m.c.obj (.stack)
                  20000254    000001fc     --HOLE--

MODULE SUMMARY

       Module                         code    ro data   rw data
       ------                         ----    -------   -------
    .\
       Can.obj                        5680    26        27     
       Com.obj                        2508    0         45     
       CanIf.obj                      1868    0         15     
       uartstdio.obj                  1180    46        5      
       tm4c123gh6pm_startup_ccs.obj   12      620       0      
       Com_Cfg.obj                    4       0         364    
       Can_PBcfg.obj                  0       0         152    
       PduR.obj                       118     0         0      
       CanIf_Cfg.obj                  0       0         100    
       CanSM.obj                      12      0         0      
    +--+------------------------------+-------+---------+---------+
       Total:                         11382   692       708    
                                                               
    C:/ti/TivaWare_C_Series-2.1.4.178/driverlib/ccs/Debug/driverlib.lib
       can.obj                        972     0         0      
       sysctl.obj                     436     108       0      
       interrupt.obj                  308     112       0      
       uart.obj                       142     0         0      
    +--+------------------------------+-------+---------+---------+
       Total:                         1858    220       0      
                                                               
    C:\ti\ccs910\ccs\tools\compiler\ti-cgt-arm_18.12.3.LTS\lib\rtsv7M4_T_le_v4SPD16_eabi.lib
       memcpy_t2.asm.obj              156     0         0      
       copy_decompress_lzss.c.obj     104     0         0      
       autoinit.c.obj                 68      0         0      
       u_divt2.asm.obj                64      0         0      
       boot_cortex_m.c.obj            52      0         0      
       copy_zero_init.c.obj           28      0         0      
       copy_decompress_none.c.obj     14      0         0      
       exit.c.obj                     4       0         0      
       pre_init.c.obj                 4       0         0      
       div0.asm.obj                   2       0         0      
    +--+------------------------------+-------+---------+---------+
       Total:                         496     0         0      
                                                               
       Stack:                         0       0         512    
       Linker Generated:              0       331       0      
    +--+------------------------------+-------+---------+---------+
       Grand Total:                   13736   1243      1220   


LINKER GENERATED COPY TABLES

__TI_cinit_table @ 00003a80 records: 2, size/record: 8, table size: 16
	.data: load addr=00003940, load size=00000127 bytes, run addr=20000000, run size=00000250 bytes, compression=lzss
	.bss: load addr=00003a78, load size=00000008 bytes, run addr=20000450, run size=00000074 bytes, compression=zero_init


LINKER GENERATED HANDLER TABLE

__TI_handler_table @ 00003a68 records: 3, size/record: 4, table size: 12
	index: 0, handler: __TI_decompress_lzss
	index: 1, handler: __TI_decompress_none
	index: 2, handler: __TI_zero_init


GLOBAL SYMBOLS: SORTED ALPHABETICALLY BY Name 

address   name                           
-------   ----                           
00003819  C$$EXIT                        
00003459  CANBitTimingSet                
000037d7  CANDisable                     
000037e1  CANEnable                      
000035bd  CANInit                        
0000371f  CANIntClear                    
000037eb  CANIntDisable                  
00003809  CANIntEnable                   
00003741  CANIntStatus                   
00003099  CANMessageGet                  
00002e51  CANMessageSet                  
0000353d  CANStatusGet                   
20000144  Can                            
0000058d  Can0_InterruptHandler          
000005b1  Can1_InterruptHandler          
200001dc  CanIf                          
00002813  CanIf_ControllerBusOff         
00002869  CanIf_ControllerModeIndication 
00002431  CanIf_GetControllerMode        
0000269b  CanIf_GetPduMode               
000022fb  CanIf_Init                     
000025a5  CanIf_ReadRxPduData            
0000273b  CanIf_RxIndication             
000026d5  CanIf_SetBaudrate              
0000234d  CanIf_SetControllerMode        
00002625  CanIf_SetPduMode               
0000249d  CanIf_Transmit                 
000026f9  CanIf_TxConfirmation           
000037bf  CanSM_ControllerBusOff         
00000f45  Can_DisableControllerInterrupts
00000ffd  Can_EnableControllerInterrupts 
0000026d  Can_GetHardwareObjectOfHTH     
000002c3  Can_ISRHandler                 
00000641  Can_Init                       
00001465  Can_MainFunction_BusOff        
000014fd  Can_MainFunction_Mode          
000012f1  Can_MainFunction_Read          
00000939  Can_MainFunction_Write         
000016b5  Can_SetBaudrate                
00000bdd  Can_SetControllerMode          
000010e1  Can_Write                      
20000000  Com                            
200004a8  ComGroupSignal0Buffer          
200004ac  ComGroupSignal1Buffer          
20000490  ComIPdu0Buffer                 
20000498  ComIPdu1Buffer                 
200004b0  ComSignal0Buffer               
200004b4  ComSignal1Buffer               
200004b8  ComSignal2Buffer               
200004bc  ComSignal3Buffer               
20000450  ComTeamConfig                  
00003813  Com_CbkRxAck                   
00003811  Com_CbkTxAck                   
00001a13  Com_Init                       
00001fe9  Com_MainFunctionRx             
00001cf1  Com_MainFunctionTx             
00001a9b  Com_ReceiveShadowSignal        
00001a2b  Com_ReceiveSignal              
00002221  Com_ReceiveSignalGroup         
00001af3  Com_RxIndication               
00001a1d  Com_SendSignal                 
0000220f  Com_SendSignalGroup            
00002245  Com_TriggerIPDUSend            
00001b09  Com_TxConfirmation             
00001a39  Com_UpdateShadowSignal         
200004c0  CurrentCanState                
000032bd  IntDisable                     
00003325  IntEnable                      
000033f5  IntIsEnabled                   
00003245  PduR_CanIfRxIndication         
0000325f  PduR_CanIfTxConfirmation       
000037cb  ResetISR                       
00002f89  SysCtlClockGet                 
00003669  SysCtlPeripheralEnable         
000035f9  SysCtlPeripheralPresent        
00003631  SysCtlPeripheralReady          
000037f5  UARTCharGet                    
000037ff  UARTCharPut                    
000034b1  UARTConfigSetExpClk            
00003761  UARTDisable                    
0000379d  UARTEnable                     
000029b5  UARTStdioConfig                
00002afb  UARTgetc                       
00002a41  UARTgets                       
00002e1b  UARTprintf                     
00002b21  UARTvprintf                    
000029fb  UARTwrite                      
20000450  __STACK_END                    
00000200  __STACK_SIZE                   
20000450  __STACK_TOP                    
00003a80  __TI_CINIT_Base                
00003a90  __TI_CINIT_Limit               
00003a68  __TI_Handler_Table_Base        
00003a74  __TI_Handler_Table_Limit       
000034f9  __TI_auto_init_nobinit_nopinit 
0000338d  __TI_decompress_lzss           
000037b1  __TI_decompress_none           
ffffffff  __TI_pprof_out_hndl            
ffffffff  __TI_prof_data_size            
ffffffff  __TI_prof_data_start           
00000000  __TI_static_base__             
00003781  __TI_zero_init_nomemset        
00002f87  __aeabi_idiv0                  
00002f87  __aeabi_ldiv0                  
000031a7  __aeabi_memcpy                 
000031a7  __aeabi_memcpy4                
000031a7  __aeabi_memcpy8                
0000357d  __aeabi_uidiv                  
0000357d  __aeabi_uidivmod               
ffffffff  __binit__                      
ffffffff  __c_args__                     
UNDEFED   __mpu_init                     
20000250  __stack                        
0000369d  _c_int00_noargs                
UNDEFED   _system_post_cinit             
00003815  _system_pre_init               
00003819  abort                          
ffffffff  binit                          
00000000  g_pfnVectors                   
00002251  main                           
000031a7  memcpy                         


GLOBAL SYMBOLS: SORTED BY Symbol Address 

address   name                           
-------   ----                           
00000000  __TI_static_base__             
00000000  g_pfnVectors                   
00000200  __STACK_SIZE                   
0000026d  Can_GetHardwareObjectOfHTH     
000002c3  Can_ISRHandler                 
0000058d  Can0_InterruptHandler          
000005b1  Can1_InterruptHandler          
00000641  Can_Init                       
00000939  Can_MainFunction_Write         
00000bdd  Can_SetControllerMode          
00000f45  Can_DisableControllerInterrupts
00000ffd  Can_EnableControllerInterrupts 
000010e1  Can_Write                      
000012f1  Can_MainFunction_Read          
00001465  Can_MainFunction_BusOff        
000014fd  Can_MainFunction_Mode          
000016b5  Can_SetBaudrate                
00001a13  Com_Init                       
00001a1d  Com_SendSignal                 
00001a2b  Com_ReceiveSignal              
00001a39  Com_UpdateShadowSignal         
00001a9b  Com_ReceiveShadowSignal        
00001af3  Com_RxIndication               
00001b09  Com_TxConfirmation             
00001cf1  Com_MainFunctionTx             
00001fe9  Com_MainFunctionRx             
0000220f  Com_SendSignalGroup            
00002221  Com_ReceiveSignalGroup         
00002245  Com_TriggerIPDUSend            
00002251  main                           
000022fb  CanIf_Init                     
0000234d  CanIf_SetControllerMode        
00002431  CanIf_GetControllerMode        
0000249d  CanIf_Transmit                 
000025a5  CanIf_ReadRxPduData            
00002625  CanIf_SetPduMode               
0000269b  CanIf_GetPduMode               
000026d5  CanIf_SetBaudrate              
000026f9  CanIf_TxConfirmation           
0000273b  CanIf_RxIndication             
00002813  CanIf_ControllerBusOff         
00002869  CanIf_ControllerModeIndication 
000029b5  UARTStdioConfig                
000029fb  UARTwrite                      
00002a41  UARTgets                       
00002afb  UARTgetc                       
00002b21  UARTvprintf                    
00002e1b  UARTprintf                     
00002e51  CANMessageSet                  
00002f87  __aeabi_idiv0                  
00002f87  __aeabi_ldiv0                  
00002f89  SysCtlClockGet                 
00003099  CANMessageGet                  
000031a7  __aeabi_memcpy                 
000031a7  __aeabi_memcpy4                
000031a7  __aeabi_memcpy8                
000031a7  memcpy                         
00003245  PduR_CanIfRxIndication         
0000325f  PduR_CanIfTxConfirmation       
000032bd  IntDisable                     
00003325  IntEnable                      
0000338d  __TI_decompress_lzss           
000033f5  IntIsEnabled                   
00003459  CANBitTimingSet                
000034b1  UARTConfigSetExpClk            
000034f9  __TI_auto_init_nobinit_nopinit 
0000353d  CANStatusGet                   
0000357d  __aeabi_uidiv                  
0000357d  __aeabi_uidivmod               
000035bd  CANInit                        
000035f9  SysCtlPeripheralPresent        
00003631  SysCtlPeripheralReady          
00003669  SysCtlPeripheralEnable         
0000369d  _c_int00_noargs                
0000371f  CANIntClear                    
00003741  CANIntStatus                   
00003761  UARTDisable                    
00003781  __TI_zero_init_nomemset        
0000379d  UARTEnable                     
000037b1  __TI_decompress_none           
000037bf  CanSM_ControllerBusOff         
000037cb  ResetISR                       
000037d7  CANDisable                     
000037e1  CANEnable                      
000037eb  CANIntDisable                  
000037f5  UARTCharGet                    
000037ff  UARTCharPut                    
00003809  CANIntEnable                   
00003811  Com_CbkTxAck                   
00003813  Com_CbkRxAck                   
00003815  _system_pre_init               
00003819  C$$EXIT                        
00003819  abort                          
00003a68  __TI_Handler_Table_Base        
00003a74  __TI_Handler_Table_Limit       
00003a80  __TI_CINIT_Base                
00003a90  __TI_CINIT_Limit               
20000000  Com                            
20000144  Can                            
200001dc  CanIf                          
20000250  __stack                        
20000450  ComTeamConfig                  
20000450  __STACK_END                    
20000450  __STACK_TOP                    
20000490  ComIPdu0Buffer                 
20000498  ComIPdu1Buffer                 
200004a8  ComGroupSignal0Buffer          
200004ac  ComGroupSignal1Buffer          
200004b0  ComSignal0Buffer               
200004b4  ComSignal1Buffer               
200004b8  ComSignal2Buffer               
200004bc  ComSignal3Buffer               
200004c0  CurrentCanState                
ffffffff  __TI_pprof_out_hndl            
ffffffff  __TI_prof_data_size            
ffffffff  __TI_prof_data_start           
ffffffff  __binit__                      
ffffffff  __c_args__                     
ffffffff  binit                          
UNDEFED   __mpu_init                     
UNDEFED   _system_post_cinit             

[121 symbols]
