******************************************************************************
                  TI ARM Linker PC v18.12.3                    
******************************************************************************
>> Linked Thu Jan 16 19:01:12 2020

OUTPUT FILE NAME:   <Application(Windows).out>
ENTRY POINT SYMBOL: "_c_int00_noargs"  address: 000049c5


MEMORY CONFIGURATION

         name            origin    length      used     unused   attr    fill
----------------------  --------  ---------  --------  --------  ----  --------
  FLASH                 00000000   00040000  00004ee0  0003b120  R  X
  SRAM                  20000000   00008000  000006e9  00007917  RW X


SEGMENT ALLOCATION MAP

run origin  load origin   length   init length attrs members
----------  ----------- ---------- ----------- ----- -------
00000000    00000000    00004ee0   00004ee0    r-x
  00000000    00000000    0000026c   0000026c    r-- .intvecs
  0000026c    0000026c    00004968   00004968    r-x .text
  00004bd4    00004bd4    000001b4   000001b4    r-- .const
  00004d88    00004d88    00000158   00000158    r-- .cinit
20000000    20000000    000006ec   00000000    rw-
  20000000    20000000    00000400   00000000    rw- .stack
  20000400    20000400    00000275   00000000    rw- .data
  20000678    20000678    00000074   00000000    rw- .bss


SECTION ALLOCATION MAP

 output                                  attributes/
section   page    origin      length       input sections
--------  ----  ----------  ----------   ----------------
.intvecs   0    00000000    0000026c     
                  00000000    0000026c     tm4c123gh6pm_startup_ccs.obj (.intvecs)

.text      0    0000026c    00004968     
                  0000026c    00001c48     Com.obj (.text)
                  00001eb4    00001488     Can.obj (.text)
                  0000333c    00000674     CanIf.obj (.text)
                  000039b0    0000049c     uartstdio.obj (.text)
                  00003e4c    00000138     PduR.obj (.text)
                  00003f84    00000136     driverlib.lib : can.obj (.text:CANMessageSet)
                  000040ba    00000132                   : gpio.obj (.text:GPIOPadConfigSet)
                  000041ec    00000110                   : sysctl.obj (.text:SysCtlClockGet)
                  000042fc    0000010e                   : can.obj (.text:CANMessageGet)
                  0000440a    00000002     rtsv7M4_T_le_v4SPD16_eabi.lib : div0.asm.obj (.text)
                  0000440c    000000f4     driverlib.lib : sysctl.obj (.text:SysCtlClockSet)
                  00004500    0000009c     rtsv7M4_T_le_v4SPD16_eabi.lib : memcpy_t2.asm.obj (.text)
                  0000459c    00000068     driverlib.lib : interrupt.obj (.text:IntDisable)
                  00004604    00000068                   : interrupt.obj (.text:IntEnable)
                  0000466c    00000068     rtsv7M4_T_le_v4SPD16_eabi.lib : copy_decompress_lzss.c.obj (.text:decompress:lzss:__TI_decompress_lzss)
                  000046d4    00000064     driverlib.lib : interrupt.obj (.text:IntIsEnabled)
                  00004738    00000058                   : can.obj (.text:CANBitTimingSet)
                  00004790    00000048                   : gpio.obj (.text:GPIOPinConfigure)
                  000047d8    00000046                   : uart.obj (.text:UARTConfigSetExpClk)
                  0000481e    00000002     --HOLE-- [fill = 0]
                  00004820    00000044     rtsv7M4_T_le_v4SPD16_eabi.lib : autoinit.c.obj (.text:__TI_auto_init_nobinit_nopinit:__TI_auto_init_nobinit_nopinit)
                  00004864    00000040     driverlib.lib : can.obj (.text:CANStatusGet)
                  000048a4    00000040     rtsv7M4_T_le_v4SPD16_eabi.lib : u_divt2.asm.obj (.text)
                  000048e4    0000003a     driverlib.lib : can.obj (.text:CANInit)
                  0000491e    00000002     --HOLE-- [fill = 0]
                  00004920    00000038                   : sysctl.obj (.text:SysCtlPeripheralPresent)
                  00004958    00000038                   : sysctl.obj (.text:SysCtlPeripheralReady)
                  00004990    00000034                   : sysctl.obj (.text:SysCtlPeripheralEnable)
                  000049c4    00000034     rtsv7M4_T_le_v4SPD16_eabi.lib : boot_cortex_m.c.obj (.text:_c_int00_noargs:_c_int00_noargs)
                  000049f8    0000002a     driverlib.lib : gpio.obj (.text:GPIODirModeSet)
                  00004a22    0000002a                   : can.obj (.text:_CANDataRegRead)
                  00004a4c    00000024                   : can.obj (.text:_CANDataRegWrite)
                  00004a70    00000024     rtsv7M4_T_le_v4SPD16_eabi.lib : memcmp.c.obj (.text:memcmp)
                  00004a94    00000022     driverlib.lib : can.obj (.text:CANIntClear)
                  00004ab6    00000020                   : can.obj (.text:CANIntStatus)
                  00004ad6    00000002     --HOLE-- [fill = 0]
                  00004ad8    00000020                   : uart.obj (.text:UARTDisable)
                  00004af8    0000001c     rtsv7M4_T_le_v4SPD16_eabi.lib : copy_zero_init.c.obj (.text:decompress:ZI:__TI_zero_init_nomemset:__TI_zero_init_nomemset)
                  00004b14    0000001a     Com_Cfg.obj (.text)
                  00004b2e    00000014     driverlib.lib : uart.obj (.text:UARTEnable)
                  00004b42    00000012                   : gpio.obj (.text:GPIOPinTypeCAN)
                  00004b54    00000012                   : gpio.obj (.text:GPIOPinTypeUART)
                  00004b66    0000000e     rtsv7M4_T_le_v4SPD16_eabi.lib : copy_decompress_none.c.obj (.text:decompress:none:__TI_decompress_none)
                  00004b74    0000000c     CanSM.obj (.text)
                  00004b80    0000000c     tm4c123gh6pm_startup_ccs.obj (.text)
                  00004b8c    0000000a     driverlib.lib : can.obj (.text:CANDisable)
                  00004b96    0000000a                   : can.obj (.text:CANEnable)
                  00004ba0    0000000a                   : can.obj (.text:CANIntDisable)
                  00004baa    0000000a                   : uart.obj (.text:UARTCharGet)
                  00004bb4    0000000a                   : uart.obj (.text:UARTCharPut)
                  00004bbe    00000008                   : can.obj (.text:CANIntEnable)
                  00004bc6    00000006                   : sysctl.obj (.text:SysCtlDelay)
                  00004bcc    00000004     rtsv7M4_T_le_v4SPD16_eabi.lib : pre_init.c.obj (.text:_system_pre_init)
                  00004bd0    00000004                                   : exit.c.obj (.text:abort:abort)

.const     0    00004bd4    000001b4     
                  00004bd4    00000090     driverlib.lib : gpio.obj (.const:g_pui32GPIOBaseAddrs)
                  00004c64    00000070                   : interrupt.obj (.const)
                  00004cd4    0000006c                   : sysctl.obj (.const:g_pui32Xtals)
                  00004d40    00000012     uartstdio.obj (.const:.string)
                  00004d52    00000002     Can.obj (.const:.string:$P$T1$2)
                  00004d54    0000000c     uartstdio.obj (.const:g_ui32UARTBase)
                  00004d60    0000000c     uartstdio.obj (.const:g_ui32UARTPeriph)
                  00004d6c    00000008     Can.obj (.const:$P$T0$1)
                  00004d74    00000008     Can.obj (.const:$P$T2$3)
                  00004d7c    00000008     Can.obj (.const:$P$T3$4)
                  00004d84    00000004     uartstdio.obj (.const)

.cinit     0    00004d88    00000158     
                  00004d88    0000012d     (.cinit..data.load) [load image, compression = lzss]
                  00004eb5    00000003     --HOLE-- [fill = 0]
                  00004eb8    0000000c     (__TI_handler_table)
                  00004ec4    00000004     --HOLE-- [fill = 0]
                  00004ec8    00000008     (.cinit..bss.load) [load image, compression = zero_init]
                  00004ed0    00000010     (__TI_cinit_table)

.init_array 
*          0    00000000    00000000     UNINITIALIZED

.data      0    20000400    00000275     UNINITIALIZED
                  20000400    00000154     Com_Cfg.obj (.data:Com)
                  20000554    00000098     Can_PBcfg.obj (.data:Can)
                  200005ec    00000064     CanIf_Cfg.obj (.data:CanIf)
                  20000650    00000014     PduR_PBCfg.obj (.data:PduR)
                  20000664    00000005     uartstdio.obj (.data)
                  20000669    00000002     Can.obj (.data:CanControllerState)
                  2000066b    00000002     CanIf.obj (.data:CanIfControllerMode)
                  2000066d    00000002     Can.obj (.data:InterruptDisableCount)
                  2000066f    00000002     Can.obj (.data:InterruptEnableCount)
                  20000671    00000001     Can.obj (.data)
                  20000672    00000001     CanIf.obj (.data)
                  20000673    00000001     Com.obj (.data)
                  20000674    00000001     PduR.obj (.data)

.bss       0    20000678    00000074     UNINITIALIZED
                  20000678    0000002c     (.common:ComTeamConfig)
                  200006a4    0000000c     Can.obj (.bss:MessageObject)
                  200006b0    00000008     CanIf.obj (.bss:RxBuffer)
                  200006b8    00000008     (.common:ComIPdu0Buffer)
                  200006c0    00000008     (.common:ComIPdu1Buffer)
                  200006c8    00000004     CanIf.obj (.bss:CanIfPduMode)
                  200006cc    00000004     Can.obj (.bss:LogicalSleep)
                  200006d0    00000004     (.common:ComGroupSignal0Buffer)
                  200006d4    00000004     (.common:ComGroupSignal1Buffer)
                  200006d8    00000004     (.common:ComSignal0Buffer)
                  200006dc    00000004     (.common:ComSignal1Buffer)
                  200006e0    00000004     (.common:ComSignal2Buffer)
                  200006e4    00000004     (.common:ComSignal3Buffer)
                  200006e8    00000004     (.common:CurrentCanState)

.stack     0    20000000    00000400     UNINITIALIZED
                  20000000    00000004     rtsv7M4_T_le_v4SPD16_eabi.lib : boot_cortex_m.c.obj (.stack)
                  20000004    000003fc     --HOLE--

MODULE SUMMARY

       Module                         code    ro data   rw data
       ------                         ----    -------   -------
    .\
       Com.obj                        7240    0         45     
       Can.obj                        5256    26        27     
       CanIf.obj                      1652    0         15     
       uartstdio.obj                  1180    46        5      
       tm4c123gh6pm_startup_ccs.obj   12      620       0      
       Com_Cfg.obj                    26      0         380    
       PduR.obj                       312     0         1      
       Can_PBcfg.obj                  0       0         152    
       CanIf_Cfg.obj                  0       0         100    
       PduR_PBCfg.obj                 0       0         20     
       CanSM.obj                      12      0         0      
    +--+------------------------------+-------+---------+---------+
       Total:                         15690   692       745    
                                                               
    C:/ti/TivaWare_C_Series-2.1.4.178/driverlib/ccs/Debug/driverlib.lib
       can.obj                        972     0         0      
       sysctl.obj                     686     108       0      
       gpio.obj                       456     144       0      
       interrupt.obj                  308     112       0      
       uart.obj                       142     0         0      
    +--+------------------------------+-------+---------+---------+
       Total:                         2564    364       0      
                                                               
    C:\ti\ccs910\ccs\tools\compiler\ti-cgt-arm_18.12.3.LTS\lib\rtsv7M4_T_le_v4SPD16_eabi.lib
       memcpy_t2.asm.obj              156     0         0      
       copy_decompress_lzss.c.obj     104     0         0      
       autoinit.c.obj                 68      0         0      
       u_divt2.asm.obj                64      0         0      
       boot_cortex_m.c.obj            52      0         0      
       memcmp.c.obj                   36      0         0      
       copy_zero_init.c.obj           28      0         0      
       copy_decompress_none.c.obj     14      0         0      
       exit.c.obj                     4       0         0      
       pre_init.c.obj                 4       0         0      
       div0.asm.obj                   2       0         0      
    +--+------------------------------+-------+---------+---------+
       Total:                         532     0         0      
                                                               
       Stack:                         0       0         1024   
       Linker Generated:              0       337       0      
    +--+------------------------------+-------+---------+---------+
       Grand Total:                   18786   1393      1769   


LINKER GENERATED COPY TABLES

__TI_cinit_table @ 00004ed0 records: 2, size/record: 8, table size: 16
	.data: load addr=00004d88, load size=0000012d bytes, run addr=20000400, run size=00000275 bytes, compression=lzss
	.bss: load addr=00004ec8, load size=00000008 bytes, run addr=20000678, run size=00000074 bytes, compression=zero_init


LINKER GENERATED HANDLER TABLE

__TI_handler_table @ 00004eb8 records: 3, size/record: 4, table size: 12
	index: 0, handler: __TI_decompress_lzss
	index: 1, handler: __TI_decompress_none
	index: 2, handler: __TI_zero_init


GLOBAL SYMBOLS: SORTED ALPHABETICALLY BY Name 

address   name                           
-------   ----                           
00004bd1  C$$EXIT                        
00004739  CANBitTimingSet                
00004b8d  CANDisable                     
00004b97  CANEnable                      
000048e5  CANInit                        
00004a95  CANIntClear                    
00004ba1  CANIntDisable                  
00004bbf  CANIntEnable                   
00004ab7  CANIntStatus                   
000042fd  CANMessageGet                  
00003f85  CANMessageSet                  
00004865  CANStatusGet                   
20000554  Can                            
000021bb  Can0_InterruptHandler          
000021d9  Can1_InterruptHandler          
200005ec  CanIf                          
000038d9  CanIf_ControllerBusOff         
0000392d  CanIf_ControllerModeIndication 
00003505  CanIf_GetControllerMode        
0000376f  CanIf_GetPduMode               
000033cf  CanIf_Init                     
00003679  CanIf_ReadRxPduData            
0000380f  CanIf_RxIndication             
000037a9  CanIf_SetBaudrate              
00003421  CanIf_SetControllerMode        
000036f9  CanIf_SetPduMode               
00003571  CanIf_Transmit                 
000037cd  CanIf_TxConfirmation           
00004b75  CanSM_ControllerBusOff         
00002af9  Can_DisableControllerInterrupts
00002bb1  Can_EnableControllerInterrupts 
00001eb5  Can_GetHardwareObjectOfHTH     
00001f0b  Can_ISRHandler                 
00002225  Can_Init                       
00003009  Can_MainFunction_BusOff        
00003073  Can_MainFunction_Mode          
00002ea1  Can_MainFunction_Read          
00002529  Can_MainFunction_Write         
000031d5  Can_SetBaudrate                
0000278d  Can_SetControllerMode          
00002c95  Can_Write                      
20000400  Com                            
200006d0  ComGroupSignal0Buffer          
200006d4  ComGroupSignal1Buffer          
200006b8  ComIPdu0Buffer                 
200006c0  ComIPdu1Buffer                 
200006d8  ComSignal0Buffer               
200006dc  ComSignal1Buffer               
200006e0  ComSignal2Buffer               
200006e4  ComSignal3Buffer               
20000678  ComTeamConfig                  
00004b1f  Com_CbkRxAck                   
00004b15  Com_CbkTxAck                   
00000321  Com_Init                       
000013f1  Com_MainFunctionRx             
000010c5  Com_MainFunctionTx             
00000c5b  Com_ReceiveShadowSignal        
00000a51  Com_ReceiveSignal              
00001955  Com_ReceiveSignalGroup         
00000cc1  Com_RxIndication               
000007d5  Com_SendSignal                 
0000162d  Com_SendSignalGroup            
00001ae3  Com_TriggerIPDUSend            
00000ee5  Com_TxConfirmation             
00000bed  Com_UpdateShadowSignal         
200006e8  CurrentCanState                
000049f9  GPIODirModeSet                 
000040bb  GPIOPadConfigSet               
00004791  GPIOPinConfigure               
00004b43  GPIOPinTypeCAN                 
00004b55  GPIOPinTypeUART                
0000459d  IntDisable                     
00004605  IntEnable                      
000046d5  IntIsEnabled                   
20000650  PduR                           
00003eb7  PduR_CanIfRxIndication         
00003f0f  PduR_CanIfTxConfirmation       
00003e5d  PduR_ComTransmit               
00003e4d  PduR_Init                      
00004b81  ResetISR                       
000041ed  SysCtlClockGet                 
0000440d  SysCtlClockSet                 
00004bc7  SysCtlDelay                    
00004991  SysCtlPeripheralEnable         
00004921  SysCtlPeripheralPresent        
00004959  SysCtlPeripheralReady          
00001cb7  Timer0IntHandler               
00004bab  UARTCharGet                    
00004bb5  UARTCharPut                    
000047d9  UARTConfigSetExpClk            
00004ad9  UARTDisable                    
00004b2f  UARTEnable                     
000039b1  UARTStdioConfig                
00003af7  UARTgetc                       
00003a3d  UARTgets                       
00003e17  UARTprintf                     
00003b1d  UARTvprintf                    
000039f7  UARTwrite                      
20000400  __STACK_END                    
00000400  __STACK_SIZE                   
20000200  __STACK_TOP                    
00004ed0  __TI_CINIT_Base                
00004ee0  __TI_CINIT_Limit               
00004eb8  __TI_Handler_Table_Base        
00004ec4  __TI_Handler_Table_Limit       
00004821  __TI_auto_init_nobinit_nopinit 
0000466d  __TI_decompress_lzss           
00004b67  __TI_decompress_none           
ffffffff  __TI_pprof_out_hndl            
ffffffff  __TI_prof_data_size            
ffffffff  __TI_prof_data_start           
00000000  __TI_static_base__             
00004af9  __TI_zero_init_nomemset        
0000440b  __aeabi_idiv0                  
0000440b  __aeabi_ldiv0                  
00004501  __aeabi_memcpy                 
00004501  __aeabi_memcpy4                
00004501  __aeabi_memcpy8                
000048a5  __aeabi_uidiv                  
000048a5  __aeabi_uidivmod               
ffffffff  __binit__                      
ffffffff  __c_args__                     
UNDEFED   __mpu_init                     
20000000  __stack                        
000049c5  _c_int00_noargs                
UNDEFED   _system_post_cinit             
00004bcd  _system_pre_init               
00004bd1  abort                          
ffffffff  binit                          
00000000  g_pfnVectors                   
00001cc5  main                           
00004a71  memcmp                         
00004501  memcpy                         


GLOBAL SYMBOLS: SORTED BY Symbol Address 

address   name                           
-------   ----                           
00000000  __TI_static_base__             
00000000  g_pfnVectors                   
00000321  Com_Init                       
00000400  __STACK_SIZE                   
000007d5  Com_SendSignal                 
00000a51  Com_ReceiveSignal              
00000bed  Com_UpdateShadowSignal         
00000c5b  Com_ReceiveShadowSignal        
00000cc1  Com_RxIndication               
00000ee5  Com_TxConfirmation             
000010c5  Com_MainFunctionTx             
000013f1  Com_MainFunctionRx             
0000162d  Com_SendSignalGroup            
00001955  Com_ReceiveSignalGroup         
00001ae3  Com_TriggerIPDUSend            
00001cb7  Timer0IntHandler               
00001cc5  main                           
00001eb5  Can_GetHardwareObjectOfHTH     
00001f0b  Can_ISRHandler                 
000021bb  Can0_InterruptHandler          
000021d9  Can1_InterruptHandler          
00002225  Can_Init                       
00002529  Can_MainFunction_Write         
0000278d  Can_SetControllerMode          
00002af9  Can_DisableControllerInterrupts
00002bb1  Can_EnableControllerInterrupts 
00002c95  Can_Write                      
00002ea1  Can_MainFunction_Read          
00003009  Can_MainFunction_BusOff        
00003073  Can_MainFunction_Mode          
000031d5  Can_SetBaudrate                
000033cf  CanIf_Init                     
00003421  CanIf_SetControllerMode        
00003505  CanIf_GetControllerMode        
00003571  CanIf_Transmit                 
00003679  CanIf_ReadRxPduData            
000036f9  CanIf_SetPduMode               
0000376f  CanIf_GetPduMode               
000037a9  CanIf_SetBaudrate              
000037cd  CanIf_TxConfirmation           
0000380f  CanIf_RxIndication             
000038d9  CanIf_ControllerBusOff         
0000392d  CanIf_ControllerModeIndication 
000039b1  UARTStdioConfig                
000039f7  UARTwrite                      
00003a3d  UARTgets                       
00003af7  UARTgetc                       
00003b1d  UARTvprintf                    
00003e17  UARTprintf                     
00003e4d  PduR_Init                      
00003e5d  PduR_ComTransmit               
00003eb7  PduR_CanIfRxIndication         
00003f0f  PduR_CanIfTxConfirmation       
00003f85  CANMessageSet                  
000040bb  GPIOPadConfigSet               
000041ed  SysCtlClockGet                 
000042fd  CANMessageGet                  
0000440b  __aeabi_idiv0                  
0000440b  __aeabi_ldiv0                  
0000440d  SysCtlClockSet                 
00004501  __aeabi_memcpy                 
00004501  __aeabi_memcpy4                
00004501  __aeabi_memcpy8                
00004501  memcpy                         
0000459d  IntDisable                     
00004605  IntEnable                      
0000466d  __TI_decompress_lzss           
000046d5  IntIsEnabled                   
00004739  CANBitTimingSet                
00004791  GPIOPinConfigure               
000047d9  UARTConfigSetExpClk            
00004821  __TI_auto_init_nobinit_nopinit 
00004865  CANStatusGet                   
000048a5  __aeabi_uidiv                  
000048a5  __aeabi_uidivmod               
000048e5  CANInit                        
00004921  SysCtlPeripheralPresent        
00004959  SysCtlPeripheralReady          
00004991  SysCtlPeripheralEnable         
000049c5  _c_int00_noargs                
000049f9  GPIODirModeSet                 
00004a71  memcmp                         
00004a95  CANIntClear                    
00004ab7  CANIntStatus                   
00004ad9  UARTDisable                    
00004af9  __TI_zero_init_nomemset        
00004b15  Com_CbkTxAck                   
00004b1f  Com_CbkRxAck                   
00004b2f  UARTEnable                     
00004b43  GPIOPinTypeCAN                 
00004b55  GPIOPinTypeUART                
00004b67  __TI_decompress_none           
00004b75  CanSM_ControllerBusOff         
00004b81  ResetISR                       
00004b8d  CANDisable                     
00004b97  CANEnable                      
00004ba1  CANIntDisable                  
00004bab  UARTCharGet                    
00004bb5  UARTCharPut                    
00004bbf  CANIntEnable                   
00004bc7  SysCtlDelay                    
00004bcd  _system_pre_init               
00004bd1  C$$EXIT                        
00004bd1  abort                          
00004eb8  __TI_Handler_Table_Base        
00004ec4  __TI_Handler_Table_Limit       
00004ed0  __TI_CINIT_Base                
00004ee0  __TI_CINIT_Limit               
20000000  __stack                        
20000200  __STACK_TOP                    
20000400  Com                            
20000400  __STACK_END                    
20000554  Can                            
200005ec  CanIf                          
20000650  PduR                           
20000678  ComTeamConfig                  
200006b8  ComIPdu0Buffer                 
200006c0  ComIPdu1Buffer                 
200006d0  ComGroupSignal0Buffer          
200006d4  ComGroupSignal1Buffer          
200006d8  ComSignal0Buffer               
200006dc  ComSignal1Buffer               
200006e0  ComSignal2Buffer               
200006e4  ComSignal3Buffer               
200006e8  CurrentCanState                
ffffffff  __TI_pprof_out_hndl            
ffffffff  __TI_prof_data_size            
ffffffff  __TI_prof_data_start           
ffffffff  __binit__                      
ffffffff  __c_args__                     
ffffffff  binit                          
UNDEFED   __mpu_init                     
UNDEFED   _system_post_cinit             

[133 symbols]
