******************************************************************************
                  TI ARM Linker PC v18.12.3                    
******************************************************************************
>> Linked Sat Jan 25 15:11:40 2020

OUTPUT FILE NAME:   <Application(Windows).out>
ENTRY POINT SYMBOL: "_c_int00_noargs"  address: 00004b15


MEMORY CONFIGURATION

         name            origin    length      used     unused   attr    fill
----------------------  --------  ---------  --------  --------  ----  --------
  FLASH                 00000000   00040000  0000500e  0003aff2  R  X
  SRAM                  20000000   00008000  000012df  00006d21  RW X


SEGMENT ALLOCATION MAP

run origin  load origin   length   init length attrs members
----------  ----------- ---------- ----------- ----- -------
00000000    00000000    00005010   00005010    r-x
  00000000    00000000    0000026c   0000026c    r-- .intvecs
  0000026c    0000026c    00004a9e   00004a9e    r-x .text
  00004d0c    00004d0c    000001b4   000001b4    r-- .const
  00004ec0    00004ec0    00000150   00000150    r-- .cinit
20000000    20000000    000012e0   00000000    rw-
  20000000    20000000    00001000   00000000    rw- .stack
  20001000    20001000    0000026b   00000000    rw- .data
  2000126c    2000126c    00000074   00000000    rw- .bss


SECTION ALLOCATION MAP

 output                                  attributes/
section   page    origin      length       input sections
--------  ----  ----------  ----------   ----------------
.intvecs   0    00000000    0000026c     
                  00000000    0000026c     tm4c123gh6pm_startup_ccs.obj (.intvecs)

.text      0    0000026c    00004a9e     
                  0000026c    00001c88     Com.obj (.text)
                  00001ef4    00001488     Can.obj (.text)
                  0000337c    00000674     CanIf.obj (.text)
                  000039f0    0000049c     uartstdio.obj (.text)
                  00003e8c    00000138     PduR.obj (.text)
                  00003fc4    00000136     driverlib.lib : can.obj (.text:CANMessageSet)
                  000040fa    00000132                   : gpio.obj (.text:GPIOPadConfigSet)
                  0000422c    00000110     Com_Cfg.obj (.text)
                  0000433c    00000110     driverlib.lib : sysctl.obj (.text:SysCtlClockGet)
                  0000444c    0000010e                   : can.obj (.text:CANMessageGet)
                  0000455a    00000002     rtsv7M4_T_le_v4SPD16_eabi.lib : div0.asm.obj (.text)
                  0000455c    000000f4     driverlib.lib : sysctl.obj (.text:SysCtlClockSet)
                  00004650    0000009c     rtsv7M4_T_le_v4SPD16_eabi.lib : memcpy_t2.asm.obj (.text)
                  000046ec    00000068     driverlib.lib : interrupt.obj (.text:IntDisable)
                  00004754    00000068                   : interrupt.obj (.text:IntEnable)
                  000047bc    00000068     rtsv7M4_T_le_v4SPD16_eabi.lib : copy_decompress_lzss.c.obj (.text:decompress:lzss:__TI_decompress_lzss)
                  00004824    00000064     driverlib.lib : interrupt.obj (.text:IntIsEnabled)
                  00004888    00000058                   : can.obj (.text:CANBitTimingSet)
                  000048e0    00000048                   : gpio.obj (.text:GPIOPinConfigure)
                  00004928    00000046                   : uart.obj (.text:UARTConfigSetExpClk)
                  0000496e    00000002     --HOLE-- [fill = 0]
                  00004970    00000044     rtsv7M4_T_le_v4SPD16_eabi.lib : autoinit.c.obj (.text:__TI_auto_init_nobinit_nopinit:__TI_auto_init_nobinit_nopinit)
                  000049b4    00000040     driverlib.lib : can.obj (.text:CANStatusGet)
                  000049f4    00000040     rtsv7M4_T_le_v4SPD16_eabi.lib : u_divt2.asm.obj (.text)
                  00004a34    0000003a     driverlib.lib : can.obj (.text:CANInit)
                  00004a6e    00000002     --HOLE-- [fill = 0]
                  00004a70    00000038                   : sysctl.obj (.text:SysCtlPeripheralPresent)
                  00004aa8    00000038                   : sysctl.obj (.text:SysCtlPeripheralReady)
                  00004ae0    00000034                   : sysctl.obj (.text:SysCtlPeripheralEnable)
                  00004b14    00000034     rtsv7M4_T_le_v4SPD16_eabi.lib : boot_cortex_m.c.obj (.text:_c_int00_noargs:_c_int00_noargs)
                  00004b48    0000002a     driverlib.lib : gpio.obj (.text:GPIODirModeSet)
                  00004b72    0000002a                   : can.obj (.text:_CANDataRegRead)
                  00004b9c    00000024                   : can.obj (.text:_CANDataRegWrite)
                  00004bc0    00000024     rtsv7M4_T_le_v4SPD16_eabi.lib : memcmp.c.obj (.text:memcmp)
                  00004be4    00000022     driverlib.lib : can.obj (.text:CANIntClear)
                  00004c06    00000020                   : can.obj (.text:CANIntStatus)
                  00004c26    00000002     --HOLE-- [fill = 0]
                  00004c28    00000020                   : uart.obj (.text:UARTDisable)
                  00004c48    0000001c     rtsv7M4_T_le_v4SPD16_eabi.lib : copy_zero_init.c.obj (.text:decompress:ZI:__TI_zero_init_nomemset:__TI_zero_init_nomemset)
                  00004c64    00000014     driverlib.lib : uart.obj (.text:UARTEnable)
                  00004c78    00000012                   : gpio.obj (.text:GPIOPinTypeCAN)
                  00004c8a    00000012                   : gpio.obj (.text:GPIOPinTypeUART)
                  00004c9c    0000000e     rtsv7M4_T_le_v4SPD16_eabi.lib : copy_decompress_none.c.obj (.text:decompress:none:__TI_decompress_none)
                  00004caa    0000000c     CanSM.obj (.text)
                  00004cb6    0000000c     tm4c123gh6pm_startup_ccs.obj (.text)
                  00004cc2    0000000a     driverlib.lib : can.obj (.text:CANDisable)
                  00004ccc    0000000a                   : can.obj (.text:CANEnable)
                  00004cd6    0000000a                   : can.obj (.text:CANIntDisable)
                  00004ce0    0000000a                   : uart.obj (.text:UARTCharGet)
                  00004cea    0000000a                   : uart.obj (.text:UARTCharPut)
                  00004cf4    00000008                   : can.obj (.text:CANIntEnable)
                  00004cfc    00000006                   : sysctl.obj (.text:SysCtlDelay)
                  00004d02    00000004     rtsv7M4_T_le_v4SPD16_eabi.lib : pre_init.c.obj (.text:_system_pre_init)
                  00004d06    00000004                                   : exit.c.obj (.text:abort:abort)

.const     0    00004d0c    000001b4     
                  00004d0c    00000090     driverlib.lib : gpio.obj (.const:g_pui32GPIOBaseAddrs)
                  00004d9c    00000070                   : interrupt.obj (.const)
                  00004e0c    0000006c                   : sysctl.obj (.const:g_pui32Xtals)
                  00004e78    00000012     uartstdio.obj (.const:.string)
                  00004e8a    00000002     Can.obj (.const:.string:$P$T1$2)
                  00004e8c    0000000c     uartstdio.obj (.const:g_ui32UARTBase)
                  00004e98    0000000c     uartstdio.obj (.const:g_ui32UARTPeriph)
                  00004ea4    00000008     Can.obj (.const:$P$T0$1)
                  00004eac    00000008     Can.obj (.const:$P$T2$3)
                  00004eb4    00000008     Can.obj (.const:$P$T3$4)
                  00004ebc    00000004     uartstdio.obj (.const)

.cinit     0    00004ec0    00000150     
                  00004ec0    00000128     (.cinit..data.load) [load image, compression = lzss]
                  00004fe8    0000000c     (__TI_handler_table)
                  00004ff4    00000004     --HOLE-- [fill = 0]
                  00004ff8    00000008     (.cinit..bss.load) [load image, compression = zero_init]
                  00005000    00000010     (__TI_cinit_table)

.init_array 
*          0    00000000    00000000     UNINITIALIZED

.data      0    20001000    0000026b     UNINITIALIZED
                  20001000    00000154     Com_Cfg.obj (.data:Com)
                  20001154    00000098     Can_PBcfg.obj (.data:Can)
                  200011ec    00000064     CanIf_Cfg.obj (.data:CanIf)
                  20001250    0000000a     PduR_PBCfg.obj (.data:PduR)
                  2000125a    00000002     Can.obj (.data:CanControllerState)
                  2000125c    00000005     uartstdio.obj (.data)
                  20001261    00000002     CanIf.obj (.data:CanIfControllerMode)
                  20001263    00000002     Can.obj (.data:InterruptDisableCount)
                  20001265    00000002     Can.obj (.data:InterruptEnableCount)
                  20001267    00000001     Can.obj (.data)
                  20001268    00000001     CanIf.obj (.data)
                  20001269    00000001     Com.obj (.data)
                  2000126a    00000001     PduR.obj (.data)

.bss       0    2000126c    00000074     UNINITIALIZED
                  2000126c    0000002c     (.common:ComTeamConfig)
                  20001298    0000000c     Can.obj (.bss:MessageObject)
                  200012a4    00000008     CanIf.obj (.bss:RxBuffer)
                  200012ac    00000008     (.common:ComIPdu0Buffer)
                  200012b4    00000008     (.common:ComIPdu1Buffer)
                  200012bc    00000004     CanIf.obj (.bss:CanIfPduMode)
                  200012c0    00000004     Can.obj (.bss:LogicalSleep)
                  200012c4    00000004     (.common:ComGroupSignal0Buffer)
                  200012c8    00000004     (.common:ComGroupSignal1Buffer)
                  200012cc    00000004     (.common:ComSignal0Buffer)
                  200012d0    00000004     (.common:ComSignal1Buffer)
                  200012d4    00000004     (.common:ComSignal2Buffer)
                  200012d8    00000004     (.common:ComSignal3Buffer)
                  200012dc    00000004     (.common:CurrentCanState)

.stack     0    20000000    00001000     UNINITIALIZED
                  20000000    00000004     rtsv7M4_T_le_v4SPD16_eabi.lib : boot_cortex_m.c.obj (.stack)
                  20000004    00000ffc     --HOLE--

MODULE SUMMARY

       Module                         code    ro data   rw data
       ------                         ----    -------   -------
    .\
       Com.obj                        7304    0         45     
       Can.obj                        5256    26        27     
       CanIf.obj                      1652    0         15     
       uartstdio.obj                  1180    46        5      
       Com_Cfg.obj                    272     0         380    
       tm4c123gh6pm_startup_ccs.obj   12      620       0      
       PduR.obj                       312     0         1      
       Can_PBcfg.obj                  0       0         152    
       CanIf_Cfg.obj                  0       0         100    
       CanSM.obj                      12      0         0      
       PduR_PBCfg.obj                 0       0         10     
    +--+------------------------------+-------+---------+---------+
       Total:                         16000   692       735    
                                                               
    C:/ti/TivaWare_C_Series-2.1.4.178/driverlib/ccs/Debug/driverlib.lib
       can.obj                        972     0         0      
       sysctl.obj                     686     108       0      
       gpio.obj                       456     144       0      
       interrupt.obj                  308     112       0      
       uart.obj                       142     0         0      
    +--+------------------------------+-------+---------+---------+
       Total:                         2564    364       0      
                                                               
    C:\ti\ccs910\ccs\tools\compiler\ti-cgt-arm_18.12.3.LTS\lib\rtsv7M4_T_le_v4SPD16_eabi.lib
       memcpy_t2.asm.obj              156     0         0      
       copy_decompress_lzss.c.obj     104     0         0      
       autoinit.c.obj                 68      0         0      
       u_divt2.asm.obj                64      0         0      
       boot_cortex_m.c.obj            52      0         0      
       memcmp.c.obj                   36      0         0      
       copy_zero_init.c.obj           28      0         0      
       copy_decompress_none.c.obj     14      0         0      
       exit.c.obj                     4       0         0      
       pre_init.c.obj                 4       0         0      
       div0.asm.obj                   2       0         0      
    +--+------------------------------+-------+---------+---------+
       Total:                         532     0         0      
                                                               
       Stack:                         0       0         4096   
       Linker Generated:              0       332       0      
    +--+------------------------------+-------+---------+---------+
       Grand Total:                   19096   1388      4831   


LINKER GENERATED COPY TABLES

__TI_cinit_table @ 00005000 records: 2, size/record: 8, table size: 16
	.data: load addr=00004ec0, load size=00000128 bytes, run addr=20001000, run size=0000026b bytes, compression=lzss
	.bss: load addr=00004ff8, load size=00000008 bytes, run addr=2000126c, run size=00000074 bytes, compression=zero_init


LINKER GENERATED HANDLER TABLE

__TI_handler_table @ 00004fe8 records: 3, size/record: 4, table size: 12
	index: 0, handler: __TI_decompress_lzss
	index: 1, handler: __TI_decompress_none
	index: 2, handler: __TI_zero_init


GLOBAL SYMBOLS: SORTED ALPHABETICALLY BY Name 

address   name                           
-------   ----                           
00004d07  C$$EXIT                        
00004889  CANBitTimingSet                
00004cc3  CANDisable                     
00004ccd  CANEnable                      
00004a35  CANInit                        
00004be5  CANIntClear                    
00004cd7  CANIntDisable                  
00004cf5  CANIntEnable                   
00004c07  CANIntStatus                   
0000444d  CANMessageGet                  
00003fc5  CANMessageSet                  
000049b5  CANStatusGet                   
20001154  Can                            
000021fb  Can0_InterruptHandler          
00002219  Can1_InterruptHandler          
200011ec  CanIf                          
00003919  CanIf_ControllerBusOff         
0000396d  CanIf_ControllerModeIndication 
00003545  CanIf_GetControllerMode        
000037af  CanIf_GetPduMode               
0000340f  CanIf_Init                     
000036b9  CanIf_ReadRxPduData            
0000384f  CanIf_RxIndication             
000037e9  CanIf_SetBaudrate              
00003461  CanIf_SetControllerMode        
00003739  CanIf_SetPduMode               
000035b1  CanIf_Transmit                 
0000380d  CanIf_TxConfirmation           
00004cab  CanSM_ControllerBusOff         
00002b39  Can_DisableControllerInterrupts
00002bf1  Can_EnableControllerInterrupts 
00001ef5  Can_GetHardwareObjectOfHTH     
00001f4b  Can_ISRHandler                 
00002265  Can_Init                       
00003049  Can_MainFunction_BusOff        
000030b3  Can_MainFunction_Mode          
00002ee1  Can_MainFunction_Read          
00002569  Can_MainFunction_Write         
00003215  Can_SetBaudrate                
000027cd  Can_SetControllerMode          
00002cd5  Can_Write                      
20001000  Com                            
200012c4  ComGroupSignal0Buffer          
200012c8  ComGroupSignal1Buffer          
200012ac  ComIPdu0Buffer                 
200012b4  ComIPdu1Buffer                 
200012cc  ComSignal0Buffer               
200012d0  ComSignal1Buffer               
200012d4  ComSignal2Buffer               
200012d8  ComSignal3Buffer               
2000126c  ComTeamConfig                  
0000422d  Com_CbkSignal0TxAck            
00004237  Com_CbkSignal1TxAck            
00004241  Com_CbkSignal2RxAck            
00004259  Com_CbkSignal3RxAck            
00004271  Com_CbkSignalGroup0TxAck       
0000427b  Com_CbkSignalGroup1RxAck       
00000321  Com_Init                       
00001419  Com_MainFunctionRx             
000010ed  Com_MainFunctionTx             
00000c47  Com_ReceiveShadowSignal        
00000a3d  Com_ReceiveSignal              
00001969  Com_ReceiveSignalGroup         
00000cb9  Com_RxIndication               
000007b5  Com_SendSignal                 
00001655  Com_SendSignalGroup            
00001ae9  Com_TriggerIPDUSend            
00000edd  Com_TxConfirmation             
00000bd9  Com_UpdateShadowSignal         
200012dc  CurrentCanState                
00004b49  GPIODirModeSet                 
000040fb  GPIOPadConfigSet               
000048e1  GPIOPinConfigure               
00004c79  GPIOPinTypeCAN                 
00004c8b  GPIOPinTypeUART                
000046ed  IntDisable                     
00004755  IntEnable                      
00004825  IntIsEnabled                   
20001250  PduR                           
00003ef7  PduR_CanIfRxIndication         
00003f4f  PduR_CanIfTxConfirmation       
00003e9d  PduR_ComTransmit               
00003e8d  PduR_Init                      
00004cb7  ResetISR                       
0000433d  SysCtlClockGet                 
0000455d  SysCtlClockSet                 
00004cfd  SysCtlDelay                    
00004ae1  SysCtlPeripheralEnable         
00004a71  SysCtlPeripheralPresent        
00004aa9  SysCtlPeripheralReady          
00001d05  Timer0IntHandler               
00004ce1  UARTCharGet                    
00004ceb  UARTCharPut                    
00004929  UARTConfigSetExpClk            
00004c29  UARTDisable                    
00004c65  UARTEnable                     
000039f1  UARTStdioConfig                
00003b37  UARTgetc                       
00003a7d  UARTgets                       
00003e57  UARTprintf                     
00003b5d  UARTvprintf                    
00003a37  UARTwrite                      
20001000  __STACK_END                    
00001000  __STACK_SIZE                   
20000200  __STACK_TOP                    
00005000  __TI_CINIT_Base                
00005010  __TI_CINIT_Limit               
00004fe8  __TI_Handler_Table_Base        
00004ff4  __TI_Handler_Table_Limit       
00004971  __TI_auto_init_nobinit_nopinit 
000047bd  __TI_decompress_lzss           
00004c9d  __TI_decompress_none           
ffffffff  __TI_pprof_out_hndl            
ffffffff  __TI_prof_data_size            
ffffffff  __TI_prof_data_start           
00000000  __TI_static_base__             
00004c49  __TI_zero_init_nomemset        
0000455b  __aeabi_idiv0                  
0000455b  __aeabi_ldiv0                  
00004651  __aeabi_memcpy                 
00004651  __aeabi_memcpy4                
00004651  __aeabi_memcpy8                
000049f5  __aeabi_uidiv                  
000049f5  __aeabi_uidivmod               
ffffffff  __binit__                      
ffffffff  __c_args__                     
UNDEFED   __mpu_init                     
20000000  __stack                        
00004b15  _c_int00_noargs                
UNDEFED   _system_post_cinit             
00004d03  _system_pre_init               
00004d07  abort                          
ffffffff  binit                          
00000000  g_pfnVectors                   
00001d1d  main                           
00004bc1  memcmp                         
00004651  memcpy                         


GLOBAL SYMBOLS: SORTED BY Symbol Address 

address   name                           
-------   ----                           
00000000  __TI_static_base__             
00000000  g_pfnVectors                   
00000321  Com_Init                       
000007b5  Com_SendSignal                 
00000a3d  Com_ReceiveSignal              
00000bd9  Com_UpdateShadowSignal         
00000c47  Com_ReceiveShadowSignal        
00000cb9  Com_RxIndication               
00000edd  Com_TxConfirmation             
00001000  __STACK_SIZE                   
000010ed  Com_MainFunctionTx             
00001419  Com_MainFunctionRx             
00001655  Com_SendSignalGroup            
00001969  Com_ReceiveSignalGroup         
00001ae9  Com_TriggerIPDUSend            
00001d05  Timer0IntHandler               
00001d1d  main                           
00001ef5  Can_GetHardwareObjectOfHTH     
00001f4b  Can_ISRHandler                 
000021fb  Can0_InterruptHandler          
00002219  Can1_InterruptHandler          
00002265  Can_Init                       
00002569  Can_MainFunction_Write         
000027cd  Can_SetControllerMode          
00002b39  Can_DisableControllerInterrupts
00002bf1  Can_EnableControllerInterrupts 
00002cd5  Can_Write                      
00002ee1  Can_MainFunction_Read          
00003049  Can_MainFunction_BusOff        
000030b3  Can_MainFunction_Mode          
00003215  Can_SetBaudrate                
0000340f  CanIf_Init                     
00003461  CanIf_SetControllerMode        
00003545  CanIf_GetControllerMode        
000035b1  CanIf_Transmit                 
000036b9  CanIf_ReadRxPduData            
00003739  CanIf_SetPduMode               
000037af  CanIf_GetPduMode               
000037e9  CanIf_SetBaudrate              
0000380d  CanIf_TxConfirmation           
0000384f  CanIf_RxIndication             
00003919  CanIf_ControllerBusOff         
0000396d  CanIf_ControllerModeIndication 
000039f1  UARTStdioConfig                
00003a37  UARTwrite                      
00003a7d  UARTgets                       
00003b37  UARTgetc                       
00003b5d  UARTvprintf                    
00003e57  UARTprintf                     
00003e8d  PduR_Init                      
00003e9d  PduR_ComTransmit               
00003ef7  PduR_CanIfRxIndication         
00003f4f  PduR_CanIfTxConfirmation       
00003fc5  CANMessageSet                  
000040fb  GPIOPadConfigSet               
0000422d  Com_CbkSignal0TxAck            
00004237  Com_CbkSignal1TxAck            
00004241  Com_CbkSignal2RxAck            
00004259  Com_CbkSignal3RxAck            
00004271  Com_CbkSignalGroup0TxAck       
0000427b  Com_CbkSignalGroup1RxAck       
0000433d  SysCtlClockGet                 
0000444d  CANMessageGet                  
0000455b  __aeabi_idiv0                  
0000455b  __aeabi_ldiv0                  
0000455d  SysCtlClockSet                 
00004651  __aeabi_memcpy                 
00004651  __aeabi_memcpy4                
00004651  __aeabi_memcpy8                
00004651  memcpy                         
000046ed  IntDisable                     
00004755  IntEnable                      
000047bd  __TI_decompress_lzss           
00004825  IntIsEnabled                   
00004889  CANBitTimingSet                
000048e1  GPIOPinConfigure               
00004929  UARTConfigSetExpClk            
00004971  __TI_auto_init_nobinit_nopinit 
000049b5  CANStatusGet                   
000049f5  __aeabi_uidiv                  
000049f5  __aeabi_uidivmod               
00004a35  CANInit                        
00004a71  SysCtlPeripheralPresent        
00004aa9  SysCtlPeripheralReady          
00004ae1  SysCtlPeripheralEnable         
00004b15  _c_int00_noargs                
00004b49  GPIODirModeSet                 
00004bc1  memcmp                         
00004be5  CANIntClear                    
00004c07  CANIntStatus                   
00004c29  UARTDisable                    
00004c49  __TI_zero_init_nomemset        
00004c65  UARTEnable                     
00004c79  GPIOPinTypeCAN                 
00004c8b  GPIOPinTypeUART                
00004c9d  __TI_decompress_none           
00004cab  CanSM_ControllerBusOff         
00004cb7  ResetISR                       
00004cc3  CANDisable                     
00004ccd  CANEnable                      
00004cd7  CANIntDisable                  
00004ce1  UARTCharGet                    
00004ceb  UARTCharPut                    
00004cf5  CANIntEnable                   
00004cfd  SysCtlDelay                    
00004d03  _system_pre_init               
00004d07  C$$EXIT                        
00004d07  abort                          
00004fe8  __TI_Handler_Table_Base        
00004ff4  __TI_Handler_Table_Limit       
00005000  __TI_CINIT_Base                
00005010  __TI_CINIT_Limit               
20000000  __stack                        
20000200  __STACK_TOP                    
20001000  Com                            
20001000  __STACK_END                    
20001154  Can                            
200011ec  CanIf                          
20001250  PduR                           
2000126c  ComTeamConfig                  
200012ac  ComIPdu0Buffer                 
200012b4  ComIPdu1Buffer                 
200012c4  ComGroupSignal0Buffer          
200012c8  ComGroupSignal1Buffer          
200012cc  ComSignal0Buffer               
200012d0  ComSignal1Buffer               
200012d4  ComSignal2Buffer               
200012d8  ComSignal3Buffer               
200012dc  CurrentCanState                
ffffffff  __TI_pprof_out_hndl            
ffffffff  __TI_prof_data_size            
ffffffff  __TI_prof_data_start           
ffffffff  __binit__                      
ffffffff  __c_args__                     
ffffffff  binit                          
UNDEFED   __mpu_init                     
UNDEFED   _system_post_cinit             

[137 symbols]
