******************************************************************************
                  TI ARM Linker PC v18.12.3                    
******************************************************************************
>> Linked Fri Jan 17 15:47:56 2020

OUTPUT FILE NAME:   <Application(Windows).out>
ENTRY POINT SYMBOL: "_c_int00_noargs"  address: 00004a15


MEMORY CONFIGURATION

         name            origin    length      used     unused   attr    fill
----------------------  --------  ---------  --------  --------  ----  --------
  FLASH                 00000000   00040000  00004f16  0003b0ea  R  X
  SRAM                  20000000   00008000  000008df  00007721  RW X


SEGMENT ALLOCATION MAP

run origin  load origin   length   init length attrs members
----------  ----------- ---------- ----------- ----- -------
00000000    00000000    00004f18   00004f18    r-x
  00000000    00000000    0000026c   0000026c    r-- .intvecs
  0000026c    0000026c    0000499e   0000499e    r-x .text
  00004c0c    00004c0c    000001b4   000001b4    r-- .const
  00004dc0    00004dc0    00000158   00000158    r-- .cinit
20000000    20000000    000008e0   00000000    rw-
  20000000    20000000    00000600   00000000    rw- .stack
  20000600    20000600    0000026b   00000000    rw- .data
  2000086c    2000086c    00000074   00000000    rw- .bss


SECTION ALLOCATION MAP

 output                                  attributes/
section   page    origin      length       input sections
--------  ----  ----------  ----------   ----------------
.intvecs   0    00000000    0000026c     
                  00000000    0000026c     tm4c123gh6pm_startup_ccs.obj (.intvecs)

.text      0    0000026c    0000499e     
                  0000026c    00001b7c     Com.obj (.text)
                  00001de8    00001488     Can.obj (.text)
                  00003270    00000674     CanIf.obj (.text)
                  000038e4    0000049c     uartstdio.obj (.text)
                  00003d80    00000138     PduR.obj (.text)
                  00003eb8    00000136     driverlib.lib : can.obj (.text:CANMessageSet)
                  00003fee    00000132                   : gpio.obj (.text:GPIOPadConfigSet)
                  00004120    0000011c     Com_Cfg.obj (.text)
                  0000423c    00000110     driverlib.lib : sysctl.obj (.text:SysCtlClockGet)
                  0000434c    0000010e                   : can.obj (.text:CANMessageGet)
                  0000445a    00000002     rtsv7M4_T_le_v4SPD16_eabi.lib : div0.asm.obj (.text)
                  0000445c    000000f4     driverlib.lib : sysctl.obj (.text:SysCtlClockSet)
                  00004550    0000009c     rtsv7M4_T_le_v4SPD16_eabi.lib : memcpy_t2.asm.obj (.text)
                  000045ec    00000068     driverlib.lib : interrupt.obj (.text:IntDisable)
                  00004654    00000068                   : interrupt.obj (.text:IntEnable)
                  000046bc    00000068     rtsv7M4_T_le_v4SPD16_eabi.lib : copy_decompress_lzss.c.obj (.text:decompress:lzss:__TI_decompress_lzss)
                  00004724    00000064     driverlib.lib : interrupt.obj (.text:IntIsEnabled)
                  00004788    00000058                   : can.obj (.text:CANBitTimingSet)
                  000047e0    00000048                   : gpio.obj (.text:GPIOPinConfigure)
                  00004828    00000046                   : uart.obj (.text:UARTConfigSetExpClk)
                  0000486e    00000002     --HOLE-- [fill = 0]
                  00004870    00000044     rtsv7M4_T_le_v4SPD16_eabi.lib : autoinit.c.obj (.text:__TI_auto_init_nobinit_nopinit:__TI_auto_init_nobinit_nopinit)
                  000048b4    00000040     driverlib.lib : can.obj (.text:CANStatusGet)
                  000048f4    00000040     rtsv7M4_T_le_v4SPD16_eabi.lib : u_divt2.asm.obj (.text)
                  00004934    0000003a     driverlib.lib : can.obj (.text:CANInit)
                  0000496e    00000002     --HOLE-- [fill = 0]
                  00004970    00000038                   : sysctl.obj (.text:SysCtlPeripheralPresent)
                  000049a8    00000038                   : sysctl.obj (.text:SysCtlPeripheralReady)
                  000049e0    00000034                   : sysctl.obj (.text:SysCtlPeripheralEnable)
                  00004a14    00000034     rtsv7M4_T_le_v4SPD16_eabi.lib : boot_cortex_m.c.obj (.text:_c_int00_noargs:_c_int00_noargs)
                  00004a48    0000002a     driverlib.lib : gpio.obj (.text:GPIODirModeSet)
                  00004a72    0000002a                   : can.obj (.text:_CANDataRegRead)
                  00004a9c    00000024                   : can.obj (.text:_CANDataRegWrite)
                  00004ac0    00000024     rtsv7M4_T_le_v4SPD16_eabi.lib : memcmp.c.obj (.text:memcmp)
                  00004ae4    00000022     driverlib.lib : can.obj (.text:CANIntClear)
                  00004b06    00000020                   : can.obj (.text:CANIntStatus)
                  00004b26    00000002     --HOLE-- [fill = 0]
                  00004b28    00000020                   : uart.obj (.text:UARTDisable)
                  00004b48    0000001c     rtsv7M4_T_le_v4SPD16_eabi.lib : copy_zero_init.c.obj (.text:decompress:ZI:__TI_zero_init_nomemset:__TI_zero_init_nomemset)
                  00004b64    00000014     driverlib.lib : uart.obj (.text:UARTEnable)
                  00004b78    00000012                   : gpio.obj (.text:GPIOPinTypeCAN)
                  00004b8a    00000012                   : gpio.obj (.text:GPIOPinTypeUART)
                  00004b9c    0000000e     rtsv7M4_T_le_v4SPD16_eabi.lib : copy_decompress_none.c.obj (.text:decompress:none:__TI_decompress_none)
                  00004baa    0000000c     CanSM.obj (.text)
                  00004bb6    0000000c     tm4c123gh6pm_startup_ccs.obj (.text)
                  00004bc2    0000000a     driverlib.lib : can.obj (.text:CANDisable)
                  00004bcc    0000000a                   : can.obj (.text:CANEnable)
                  00004bd6    0000000a                   : can.obj (.text:CANIntDisable)
                  00004be0    0000000a                   : uart.obj (.text:UARTCharGet)
                  00004bea    0000000a                   : uart.obj (.text:UARTCharPut)
                  00004bf4    00000008                   : can.obj (.text:CANIntEnable)
                  00004bfc    00000006                   : sysctl.obj (.text:SysCtlDelay)
                  00004c02    00000004     rtsv7M4_T_le_v4SPD16_eabi.lib : pre_init.c.obj (.text:_system_pre_init)
                  00004c06    00000004                                   : exit.c.obj (.text:abort:abort)

.const     0    00004c0c    000001b4     
                  00004c0c    00000090     driverlib.lib : gpio.obj (.const:g_pui32GPIOBaseAddrs)
                  00004c9c    00000070                   : interrupt.obj (.const)
                  00004d0c    0000006c                   : sysctl.obj (.const:g_pui32Xtals)
                  00004d78    00000012     uartstdio.obj (.const:.string)
                  00004d8a    00000002     Can.obj (.const:.string:$P$T1$2)
                  00004d8c    0000000c     uartstdio.obj (.const:g_ui32UARTBase)
                  00004d98    0000000c     uartstdio.obj (.const:g_ui32UARTPeriph)
                  00004da4    00000008     Can.obj (.const:$P$T0$1)
                  00004dac    00000008     Can.obj (.const:$P$T2$3)
                  00004db4    00000008     Can.obj (.const:$P$T3$4)
                  00004dbc    00000004     uartstdio.obj (.const)

.cinit     0    00004dc0    00000158     
                  00004dc0    0000012f     (.cinit..data.load) [load image, compression = lzss]
                  00004eef    00000001     --HOLE-- [fill = 0]
                  00004ef0    0000000c     (__TI_handler_table)
                  00004efc    00000004     --HOLE-- [fill = 0]
                  00004f00    00000008     (.cinit..bss.load) [load image, compression = zero_init]
                  00004f08    00000010     (__TI_cinit_table)

.init_array 
*          0    00000000    00000000     UNINITIALIZED

.data      0    20000600    0000026b     UNINITIALIZED
                  20000600    00000154     Com_Cfg.obj (.data:Com)
                  20000754    00000098     Can_PBcfg.obj (.data:Can)
                  200007ec    00000064     CanIf_Cfg.obj (.data:CanIf)
                  20000850    0000000a     PduR_PBCfg.obj (.data:PduR)
                  2000085a    00000002     Can.obj (.data:CanControllerState)
                  2000085c    00000005     uartstdio.obj (.data)
                  20000861    00000002     CanIf.obj (.data:CanIfControllerMode)
                  20000863    00000002     Can.obj (.data:InterruptDisableCount)
                  20000865    00000002     Can.obj (.data:InterruptEnableCount)
                  20000867    00000001     Can.obj (.data)
                  20000868    00000001     CanIf.obj (.data)
                  20000869    00000001     Com.obj (.data)
                  2000086a    00000001     PduR.obj (.data)

.bss       0    2000086c    00000074     UNINITIALIZED
                  2000086c    0000002c     (.common:ComTeamConfig)
                  20000898    0000000c     Can.obj (.bss:MessageObject)
                  200008a4    00000008     CanIf.obj (.bss:RxBuffer)
                  200008ac    00000008     (.common:ComIPdu0Buffer)
                  200008b4    00000008     (.common:ComIPdu1Buffer)
                  200008bc    00000004     CanIf.obj (.bss:CanIfPduMode)
                  200008c0    00000004     Can.obj (.bss:LogicalSleep)
                  200008c4    00000004     (.common:ComGroupSignal0Buffer)
                  200008c8    00000004     (.common:ComGroupSignal1Buffer)
                  200008cc    00000004     (.common:ComSignal0Buffer)
                  200008d0    00000004     (.common:ComSignal1Buffer)
                  200008d4    00000004     (.common:ComSignal2Buffer)
                  200008d8    00000004     (.common:ComSignal3Buffer)
                  200008dc    00000004     (.common:CurrentCanState)

.stack     0    20000000    00000600     UNINITIALIZED
                  20000000    00000004     rtsv7M4_T_le_v4SPD16_eabi.lib : boot_cortex_m.c.obj (.stack)
                  20000004    000005fc     --HOLE--

MODULE SUMMARY

       Module                         code    ro data   rw data
       ------                         ----    -------   -------
    .\
       Com.obj                        7036    0         45     
       Can.obj                        5256    26        27     
       CanIf.obj                      1652    0         15     
       uartstdio.obj                  1180    46        5      
       Com_Cfg.obj                    284     0         380    
       tm4c123gh6pm_startup_ccs.obj   12      620       0      
       PduR.obj                       312     0         1      
       Can_PBcfg.obj                  0       0         152    
       CanIf_Cfg.obj                  0       0         100    
       CanSM.obj                      12      0         0      
       PduR_PBCfg.obj                 0       0         10     
    +--+------------------------------+-------+---------+---------+
       Total:                         15744   692       735    
                                                               
    C:/ti/TivaWare_C_Series-2.1.4.178/driverlib/ccs/Debug/driverlib.lib
       can.obj                        972     0         0      
       sysctl.obj                     686     108       0      
       gpio.obj                       456     144       0      
       interrupt.obj                  308     112       0      
       uart.obj                       142     0         0      
    +--+------------------------------+-------+---------+---------+
       Total:                         2564    364       0      
                                                               
    C:\ti\ccs910\ccs\tools\compiler\ti-cgt-arm_18.12.3.LTS\lib\rtsv7M4_T_le_v4SPD16_eabi.lib
       memcpy_t2.asm.obj              156     0         0      
       copy_decompress_lzss.c.obj     104     0         0      
       autoinit.c.obj                 68      0         0      
       u_divt2.asm.obj                64      0         0      
       boot_cortex_m.c.obj            52      0         0      
       memcmp.c.obj                   36      0         0      
       copy_zero_init.c.obj           28      0         0      
       copy_decompress_none.c.obj     14      0         0      
       exit.c.obj                     4       0         0      
       pre_init.c.obj                 4       0         0      
       div0.asm.obj                   2       0         0      
    +--+------------------------------+-------+---------+---------+
       Total:                         532     0         0      
                                                               
       Stack:                         0       0         1536   
       Linker Generated:              0       339       0      
    +--+------------------------------+-------+---------+---------+
       Grand Total:                   18840   1395      2271   


LINKER GENERATED COPY TABLES

__TI_cinit_table @ 00004f08 records: 2, size/record: 8, table size: 16
	.data: load addr=00004dc0, load size=0000012f bytes, run addr=20000600, run size=0000026b bytes, compression=lzss
	.bss: load addr=00004f00, load size=00000008 bytes, run addr=2000086c, run size=00000074 bytes, compression=zero_init


LINKER GENERATED HANDLER TABLE

__TI_handler_table @ 00004ef0 records: 3, size/record: 4, table size: 12
	index: 0, handler: __TI_decompress_lzss
	index: 1, handler: __TI_decompress_none
	index: 2, handler: __TI_zero_init


GLOBAL SYMBOLS: SORTED ALPHABETICALLY BY Name 

address   name                           
-------   ----                           
00004c07  C$$EXIT                        
00004789  CANBitTimingSet                
00004bc3  CANDisable                     
00004bcd  CANEnable                      
00004935  CANInit                        
00004ae5  CANIntClear                    
00004bd7  CANIntDisable                  
00004bf5  CANIntEnable                   
00004b07  CANIntStatus                   
0000434d  CANMessageGet                  
00003eb9  CANMessageSet                  
000048b5  CANStatusGet                   
20000754  Can                            
000020ef  Can0_InterruptHandler          
0000210d  Can1_InterruptHandler          
200007ec  CanIf                          
0000380d  CanIf_ControllerBusOff         
00003861  CanIf_ControllerModeIndication 
00003439  CanIf_GetControllerMode        
000036a3  CanIf_GetPduMode               
00003303  CanIf_Init                     
000035ad  CanIf_ReadRxPduData            
00003743  CanIf_RxIndication             
000036dd  CanIf_SetBaudrate              
00003355  CanIf_SetControllerMode        
0000362d  CanIf_SetPduMode               
000034a5  CanIf_Transmit                 
00003701  CanIf_TxConfirmation           
00004bab  CanSM_ControllerBusOff         
00002a2d  Can_DisableControllerInterrupts
00002ae5  Can_EnableControllerInterrupts 
00001de9  Can_GetHardwareObjectOfHTH     
00001e3f  Can_ISRHandler                 
00002159  Can_Init                       
00002f3d  Can_MainFunction_BusOff        
00002fa7  Can_MainFunction_Mode          
00002dd5  Can_MainFunction_Read          
0000245d  Can_MainFunction_Write         
00003109  Can_SetBaudrate                
000026c1  Can_SetControllerMode          
00002bc9  Can_Write                      
20000600  Com                            
200008c4  ComGroupSignal0Buffer          
200008c8  ComGroupSignal1Buffer          
200008ac  ComIPdu0Buffer                 
200008b4  ComIPdu1Buffer                 
200008cc  ComSignal0Buffer               
200008d0  ComSignal1Buffer               
200008d4  ComSignal2Buffer               
200008d8  ComSignal3Buffer               
2000086c  ComTeamConfig                  
00004121  Com_CbkSignal0TxAck            
0000412b  Com_CbkSignal1TxAck            
00004135  Com_CbkSignal2RxAck            
00004151  Com_CbkSignal3RxAck            
0000416d  Com_CbkSignalGroup0TxAck       
00004177  Com_CbkSignalGroup1RxAck       
00000321  Com_Init                       
000013f1  Com_MainFunctionRx             
000010c5  Com_MainFunctionTx             
00000c5b  Com_ReceiveShadowSignal        
00000a51  Com_ReceiveSignal              
00001955  Com_ReceiveSignalGroup         
00000cc1  Com_RxIndication               
000007d5  Com_SendSignal                 
0000162d  Com_SendSignalGroup            
00001ae3  Com_TriggerIPDUSend            
00000ee5  Com_TxConfirmation             
00000bed  Com_UpdateShadowSignal         
200008dc  CurrentCanState                
00004a49  GPIODirModeSet                 
00003fef  GPIOPadConfigSet               
000047e1  GPIOPinConfigure               
00004b79  GPIOPinTypeCAN                 
00004b8b  GPIOPinTypeUART                
000045ed  IntDisable                     
00004655  IntEnable                      
00004725  IntIsEnabled                   
20000850  PduR                           
00003deb  PduR_CanIfRxIndication         
00003e43  PduR_CanIfTxConfirmation       
00003d91  PduR_ComTransmit               
00003d81  PduR_Init                      
00004bb7  ResetISR                       
0000423d  SysCtlClockGet                 
0000445d  SysCtlClockSet                 
00004bfd  SysCtlDelay                    
000049e1  SysCtlPeripheralEnable         
00004971  SysCtlPeripheralPresent        
000049a9  SysCtlPeripheralReady          
00001cb7  Timer0IntHandler               
00004be1  UARTCharGet                    
00004beb  UARTCharPut                    
00004829  UARTConfigSetExpClk            
00004b29  UARTDisable                    
00004b65  UARTEnable                     
000038e5  UARTStdioConfig                
00003a2b  UARTgetc                       
00003971  UARTgets                       
00003d4b  UARTprintf                     
00003a51  UARTvprintf                    
0000392b  UARTwrite                      
20000600  __STACK_END                    
00000600  __STACK_SIZE                   
20000200  __STACK_TOP                    
00004f08  __TI_CINIT_Base                
00004f18  __TI_CINIT_Limit               
00004ef0  __TI_Handler_Table_Base        
00004efc  __TI_Handler_Table_Limit       
00004871  __TI_auto_init_nobinit_nopinit 
000046bd  __TI_decompress_lzss           
00004b9d  __TI_decompress_none           
ffffffff  __TI_pprof_out_hndl            
ffffffff  __TI_prof_data_size            
ffffffff  __TI_prof_data_start           
00000000  __TI_static_base__             
00004b49  __TI_zero_init_nomemset        
0000445b  __aeabi_idiv0                  
0000445b  __aeabi_ldiv0                  
00004551  __aeabi_memcpy                 
00004551  __aeabi_memcpy4                
00004551  __aeabi_memcpy8                
000048f5  __aeabi_uidiv                  
000048f5  __aeabi_uidivmod               
ffffffff  __binit__                      
ffffffff  __c_args__                     
UNDEFED   __mpu_init                     
20000000  __stack                        
00004a15  _c_int00_noargs                
UNDEFED   _system_post_cinit             
00004c03  _system_pre_init               
00004c07  abort                          
ffffffff  binit                          
00000000  g_pfnVectors                   
00001cb9  main                           
00004ac1  memcmp                         
00004551  memcpy                         


GLOBAL SYMBOLS: SORTED BY Symbol Address 

address   name                           
-------   ----                           
00000000  __TI_static_base__             
00000000  g_pfnVectors                   
00000321  Com_Init                       
00000600  __STACK_SIZE                   
000007d5  Com_SendSignal                 
00000a51  Com_ReceiveSignal              
00000bed  Com_UpdateShadowSignal         
00000c5b  Com_ReceiveShadowSignal        
00000cc1  Com_RxIndication               
00000ee5  Com_TxConfirmation             
000010c5  Com_MainFunctionTx             
000013f1  Com_MainFunctionRx             
0000162d  Com_SendSignalGroup            
00001955  Com_ReceiveSignalGroup         
00001ae3  Com_TriggerIPDUSend            
00001cb7  Timer0IntHandler               
00001cb9  main                           
00001de9  Can_GetHardwareObjectOfHTH     
00001e3f  Can_ISRHandler                 
000020ef  Can0_InterruptHandler          
0000210d  Can1_InterruptHandler          
00002159  Can_Init                       
0000245d  Can_MainFunction_Write         
000026c1  Can_SetControllerMode          
00002a2d  Can_DisableControllerInterrupts
00002ae5  Can_EnableControllerInterrupts 
00002bc9  Can_Write                      
00002dd5  Can_MainFunction_Read          
00002f3d  Can_MainFunction_BusOff        
00002fa7  Can_MainFunction_Mode          
00003109  Can_SetBaudrate                
00003303  CanIf_Init                     
00003355  CanIf_SetControllerMode        
00003439  CanIf_GetControllerMode        
000034a5  CanIf_Transmit                 
000035ad  CanIf_ReadRxPduData            
0000362d  CanIf_SetPduMode               
000036a3  CanIf_GetPduMode               
000036dd  CanIf_SetBaudrate              
00003701  CanIf_TxConfirmation           
00003743  CanIf_RxIndication             
0000380d  CanIf_ControllerBusOff         
00003861  CanIf_ControllerModeIndication 
000038e5  UARTStdioConfig                
0000392b  UARTwrite                      
00003971  UARTgets                       
00003a2b  UARTgetc                       
00003a51  UARTvprintf                    
00003d4b  UARTprintf                     
00003d81  PduR_Init                      
00003d91  PduR_ComTransmit               
00003deb  PduR_CanIfRxIndication         
00003e43  PduR_CanIfTxConfirmation       
00003eb9  CANMessageSet                  
00003fef  GPIOPadConfigSet               
00004121  Com_CbkSignal0TxAck            
0000412b  Com_CbkSignal1TxAck            
00004135  Com_CbkSignal2RxAck            
00004151  Com_CbkSignal3RxAck            
0000416d  Com_CbkSignalGroup0TxAck       
00004177  Com_CbkSignalGroup1RxAck       
0000423d  SysCtlClockGet                 
0000434d  CANMessageGet                  
0000445b  __aeabi_idiv0                  
0000445b  __aeabi_ldiv0                  
0000445d  SysCtlClockSet                 
00004551  __aeabi_memcpy                 
00004551  __aeabi_memcpy4                
00004551  __aeabi_memcpy8                
00004551  memcpy                         
000045ed  IntDisable                     
00004655  IntEnable                      
000046bd  __TI_decompress_lzss           
00004725  IntIsEnabled                   
00004789  CANBitTimingSet                
000047e1  GPIOPinConfigure               
00004829  UARTConfigSetExpClk            
00004871  __TI_auto_init_nobinit_nopinit 
000048b5  CANStatusGet                   
000048f5  __aeabi_uidiv                  
000048f5  __aeabi_uidivmod               
00004935  CANInit                        
00004971  SysCtlPeripheralPresent        
000049a9  SysCtlPeripheralReady          
000049e1  SysCtlPeripheralEnable         
00004a15  _c_int00_noargs                
00004a49  GPIODirModeSet                 
00004ac1  memcmp                         
00004ae5  CANIntClear                    
00004b07  CANIntStatus                   
00004b29  UARTDisable                    
00004b49  __TI_zero_init_nomemset        
00004b65  UARTEnable                     
00004b79  GPIOPinTypeCAN                 
00004b8b  GPIOPinTypeUART                
00004b9d  __TI_decompress_none           
00004bab  CanSM_ControllerBusOff         
00004bb7  ResetISR                       
00004bc3  CANDisable                     
00004bcd  CANEnable                      
00004bd7  CANIntDisable                  
00004be1  UARTCharGet                    
00004beb  UARTCharPut                    
00004bf5  CANIntEnable                   
00004bfd  SysCtlDelay                    
00004c03  _system_pre_init               
00004c07  C$$EXIT                        
00004c07  abort                          
00004ef0  __TI_Handler_Table_Base        
00004efc  __TI_Handler_Table_Limit       
00004f08  __TI_CINIT_Base                
00004f18  __TI_CINIT_Limit               
20000000  __stack                        
20000200  __STACK_TOP                    
20000600  Com                            
20000600  __STACK_END                    
20000754  Can                            
200007ec  CanIf                          
20000850  PduR                           
2000086c  ComTeamConfig                  
200008ac  ComIPdu0Buffer                 
200008b4  ComIPdu1Buffer                 
200008c4  ComGroupSignal0Buffer          
200008c8  ComGroupSignal1Buffer          
200008cc  ComSignal0Buffer               
200008d0  ComSignal1Buffer               
200008d4  ComSignal2Buffer               
200008d8  ComSignal3Buffer               
200008dc  CurrentCanState                
ffffffff  __TI_pprof_out_hndl            
ffffffff  __TI_prof_data_size            
ffffffff  __TI_prof_data_start           
ffffffff  __binit__                      
ffffffff  __c_args__                     
ffffffff  binit                          
UNDEFED   __mpu_init                     
UNDEFED   _system_post_cinit             

[137 symbols]
