******************************************************************************
                  TI ARM Linker PC v18.12.3                    
******************************************************************************
>> Linked Fri Dec  6 16:28:07 2019

OUTPUT FILE NAME:   <Application(Windows).out>
ENTRY POINT SYMBOL: "_c_int00_noargs"  address: 00003b2d


MEMORY CONFIGURATION

         name            origin    length      used     unused   attr    fill
----------------------  --------  ---------  --------  --------  ----  --------
  FLASH                 00000000   00040000  00003f44  0003c0bc  R  X
  SRAM                  20000000   00008000  000004c4  00007b3c  RW X


SEGMENT ALLOCATION MAP

run origin  load origin   length   init length attrs members
----------  ----------- ---------- ----------- ----- -------
00000000    00000000    00003f48   00003f48    r-x
  00000000    00000000    0000026c   0000026c    r-- .intvecs
  0000026c    0000026c    00003a64   00003a64    r-x .text
  00003cd0    00003cd0    00000124   00000124    r-- .const
  00003df8    00003df8    00000150   00000150    r-- .cinit
20000000    20000000    000004c4   00000000    rw-
  20000000    20000000    00000250   00000000    rw- .data
  20000250    20000250    00000200   00000000    rw- .stack
  20000450    20000450    00000074   00000000    rw- .bss


SECTION ALLOCATION MAP

 output                                  attributes/
section   page    origin      length       input sections
--------  ----  ----------  ----------   ----------------
.intvecs   0    00000000    0000026c     
                  00000000    0000026c     tm4c123gh6pm_startup_ccs.obj (.intvecs)

.text      0    0000026c    00003a64     
                  0000026c    00001630     Can.obj (.text)
                  0000189c    00000e5c     Com.obj (.text)
                  000026f8    0000074c     CanIf.obj (.text)
                  00002e44    0000049c     uartstdio.obj (.text)
                  000032e0    00000136     driverlib.lib : can.obj (.text:CANMessageSet)
                  00003416    00000002     rtsv7M4_T_le_v4SPD16_eabi.lib : div0.asm.obj (.text)
                  00003418    00000110     driverlib.lib : sysctl.obj (.text:SysCtlClockGet)
                  00003528    0000010e                   : can.obj (.text:CANMessageGet)
                  00003636    0000009c     rtsv7M4_T_le_v4SPD16_eabi.lib : memcpy_t2.asm.obj (.text)
                  000036d2    00000002     --HOLE-- [fill = 0]
                  000036d4    00000076     PduR.obj (.text)
                  0000374a    00000002     --HOLE-- [fill = 0]
                  0000374c    00000068     driverlib.lib : interrupt.obj (.text:IntDisable)
                  000037b4    00000068                   : interrupt.obj (.text:IntEnable)
                  0000381c    00000068     rtsv7M4_T_le_v4SPD16_eabi.lib : copy_decompress_lzss.c.obj (.text:decompress:lzss:__TI_decompress_lzss)
                  00003884    00000064     driverlib.lib : interrupt.obj (.text:IntIsEnabled)
                  000038e8    00000058                   : can.obj (.text:CANBitTimingSet)
                  00003940    00000046                   : uart.obj (.text:UARTConfigSetExpClk)
                  00003986    00000002     --HOLE-- [fill = 0]
                  00003988    00000044     rtsv7M4_T_le_v4SPD16_eabi.lib : autoinit.c.obj (.text:__TI_auto_init_nobinit_nopinit:__TI_auto_init_nobinit_nopinit)
                  000039cc    00000040     driverlib.lib : can.obj (.text:CANStatusGet)
                  00003a0c    00000040     rtsv7M4_T_le_v4SPD16_eabi.lib : u_divt2.asm.obj (.text)
                  00003a4c    0000003a     driverlib.lib : can.obj (.text:CANInit)
                  00003a86    00000002     --HOLE-- [fill = 0]
                  00003a88    00000038                   : sysctl.obj (.text:SysCtlPeripheralPresent)
                  00003ac0    00000038                   : sysctl.obj (.text:SysCtlPeripheralReady)
                  00003af8    00000034                   : sysctl.obj (.text:SysCtlPeripheralEnable)
                  00003b2c    00000034     rtsv7M4_T_le_v4SPD16_eabi.lib : boot_cortex_m.c.obj (.text:_c_int00_noargs:_c_int00_noargs)
                  00003b60    0000002a     driverlib.lib : can.obj (.text:_CANDataRegRead)
                  00003b8a    00000024                   : can.obj (.text:_CANDataRegWrite)
                  00003bae    00000024     rtsv7M4_T_le_v4SPD16_eabi.lib : memcmp.c.obj (.text:memcmp)
                  00003bd2    00000022     driverlib.lib : can.obj (.text:CANIntClear)
                  00003bf4    00000020                   : can.obj (.text:CANIntStatus)
                  00003c14    00000020                   : uart.obj (.text:UARTDisable)
                  00003c34    0000001c     rtsv7M4_T_le_v4SPD16_eabi.lib : copy_zero_init.c.obj (.text:decompress:ZI:__TI_zero_init_nomemset:__TI_zero_init_nomemset)
                  00003c50    00000014     driverlib.lib : uart.obj (.text:UARTEnable)
                  00003c64    0000000e     rtsv7M4_T_le_v4SPD16_eabi.lib : copy_decompress_none.c.obj (.text:decompress:none:__TI_decompress_none)
                  00003c72    0000000c     CanSM.obj (.text)
                  00003c7e    0000000c     tm4c123gh6pm_startup_ccs.obj (.text)
                  00003c8a    0000000a     driverlib.lib : can.obj (.text:CANDisable)
                  00003c94    0000000a                   : can.obj (.text:CANEnable)
                  00003c9e    0000000a                   : can.obj (.text:CANIntDisable)
                  00003ca8    0000000a                   : uart.obj (.text:UARTCharGet)
                  00003cb2    0000000a                   : uart.obj (.text:UARTCharPut)
                  00003cbc    00000008                   : can.obj (.text:CANIntEnable)
                  00003cc4    00000004     Com_Cfg.obj (.text)
                  00003cc8    00000004     rtsv7M4_T_le_v4SPD16_eabi.lib : pre_init.c.obj (.text:_system_pre_init)
                  00003ccc    00000004                                   : exit.c.obj (.text:abort:abort)

.const     0    00003cd0    00000124     
                  00003cd0    00000070     driverlib.lib : interrupt.obj (.const)
                  00003d40    0000006c                   : sysctl.obj (.const:g_pui32Xtals)
                  00003dac    00000012     uartstdio.obj (.const:.string)
                  00003dbe    00000002     Can.obj (.const:.string:$P$T1$2)
                  00003dc0    0000000c     uartstdio.obj (.const:g_ui32UARTBase)
                  00003dcc    0000000c     uartstdio.obj (.const:g_ui32UARTPeriph)
                  00003dd8    00000008     Can.obj (.const:$P$T0$1)
                  00003de0    00000008     Can.obj (.const:$P$T2$3)
                  00003de8    00000008     Can.obj (.const:$P$T3$4)
                  00003df0    00000004     uartstdio.obj (.const)

.cinit     0    00003df8    00000150     
                  00003df8    00000127     (.cinit..data.load) [load image, compression = lzss]
                  00003f1f    00000001     --HOLE-- [fill = 0]
                  00003f20    0000000c     (__TI_handler_table)
                  00003f2c    00000004     --HOLE-- [fill = 0]
                  00003f30    00000008     (.cinit..bss.load) [load image, compression = zero_init]
                  00003f38    00000010     (__TI_cinit_table)

.init_array 
*          0    00000000    00000000     UNINITIALIZED

.data      0    20000000    00000250     UNINITIALIZED
                  20000000    00000144     Com_Cfg.obj (.data:Com)
                  20000144    00000098     Can_PBcfg.obj (.data:Can)
                  200001dc    00000064     CanIf_Cfg.obj (.data:CanIf)
                  20000240    00000005     uartstdio.obj (.data)
                  20000245    00000002     Can.obj (.data:CanControllerState)
                  20000247    00000002     CanIf.obj (.data:CanIfControllerMode)
                  20000249    00000002     Can.obj (.data:InterruptDisableCount)
                  2000024b    00000002     Can.obj (.data:InterruptEnableCount)
                  2000024d    00000001     Can.obj (.data)
                  2000024e    00000001     CanIf.obj (.data)
                  2000024f    00000001     Com.obj (.data)

.bss       0    20000450    00000074     UNINITIALIZED
                  20000450    0000002c     (.common:ComTeamConfig)
                  2000047c    0000000c     Can.obj (.bss:MessageObject)
                  20000488    00000008     CanIf.obj (.bss:RxBuffer)
                  20000490    00000008     (.common:ComIPdu0Buffer)
                  20000498    00000008     (.common:ComIPdu1Buffer)
                  200004a0    00000004     CanIf.obj (.bss:CanIfPduMode)
                  200004a4    00000004     Can.obj (.bss:LogicalSleep)
                  200004a8    00000004     (.common:ComGroupSignal0Buffer)
                  200004ac    00000004     (.common:ComGroupSignal1Buffer)
                  200004b0    00000004     (.common:ComSignal0Buffer)
                  200004b4    00000004     (.common:ComSignal1Buffer)
                  200004b8    00000004     (.common:ComSignal2Buffer)
                  200004bc    00000004     (.common:ComSignal3Buffer)
                  200004c0    00000004     (.common:CurrentCanState)

.stack     0    20000250    00000200     UNINITIALIZED
                  20000250    00000004     rtsv7M4_T_le_v4SPD16_eabi.lib : boot_cortex_m.c.obj (.stack)
                  20000254    000001fc     --HOLE--

MODULE SUMMARY

       Module                         code    ro data   rw data
       ------                         ----    -------   -------
    .\
       Can.obj                        5680    26        27     
       Com.obj                        3676    0         45     
       CanIf.obj                      1868    0         15     
       uartstdio.obj                  1180    46        5      
       Com.obj                        848     0         1      
       tm4c123gh6pm_startup_ccs.obj   12      620       0      
       Com_Cfg.obj                    4       0         364    
       Can_PBcfg.obj                  0       0         152    
       PduR.obj                       118     0         0      
       CanIf_Cfg.obj                  0       0         100    
       CanSM.obj                      12      0         0      
    +--+------------------------------+-------+---------+---------+
       Total:                         12550   692       708    
                                                               
    C:/ti/TivaWare_C_Series-2.1.4.178/driverlib/ccs/Debug/driverlib.lib
       can.obj                        972     0         0      
       sysctl.obj                     436     108       0      
       interrupt.obj                  308     112       0      
       uart.obj                       142     0         0      
    +--+------------------------------+-------+---------+---------+
       Total:                         1858    220       0      
                                                               
    C:\ti\ccs910\ccs\tools\compiler\ti-cgt-arm_18.12.3.LTS\lib\rtsv7M4_T_le_v4SPD16_eabi.lib
       memcpy_t2.asm.obj              156     0         0      
       copy_decompress_lzss.c.obj     104     0         0      
       autoinit.c.obj                 68      0         0      
       u_divt2.asm.obj                64      0         0      
       boot_cortex_m.c.obj            52      0         0      
       memcmp.c.obj                   36      0         0      
       copy_zero_init.c.obj           28      0         0      
       copy_decompress_none.c.obj     14      0         0      
       exit.c.obj                     4       0         0      
       pre_init.c.obj                 4       0         0      
       div0.asm.obj                   2       0         0      
    +--+------------------------------+-------+---------+---------+
       Total:                         532     0         0      
                                                               
       Stack:                         0       0         512    
       Linker Generated:              0       331       0      
    +--+------------------------------+-------+---------+---------+
       Grand Total:                   14940   1243      1220   


LINKER GENERATED COPY TABLES

__TI_cinit_table @ 00003f38 records: 2, size/record: 8, table size: 16
	.data: load addr=00003df8, load size=00000127 bytes, run addr=20000000, run size=00000250 bytes, compression=lzss
	.bss: load addr=00003f30, load size=00000008 bytes, run addr=20000450, run size=00000074 bytes, compression=zero_init


LINKER GENERATED HANDLER TABLE

__TI_handler_table @ 00003f20 records: 3, size/record: 4, table size: 12
	index: 0, handler: __TI_decompress_lzss
	index: 1, handler: __TI_decompress_none
	index: 2, handler: __TI_zero_init


GLOBAL SYMBOLS: SORTED ALPHABETICALLY BY Name 

address   name                           
-------   ----                           
00003ccd  C$$EXIT                        
000038e9  CANBitTimingSet                
00003c8b  CANDisable                     
00003c95  CANEnable                      
00003a4d  CANInit                        
00003bd3  CANIntClear                    
00003c9f  CANIntDisable                  
00003cbd  CANIntEnable                   
00003bf5  CANIntStatus                   
00003529  CANMessageGet                  
000032e1  CANMessageSet                  
000039cd  CANStatusGet                   
20000144  Can                            
0000058d  Can0_InterruptHandler          
000005b1  Can1_InterruptHandler          
200001dc  CanIf                          
00002ca3  CanIf_ControllerBusOff         
00002cf9  CanIf_ControllerModeIndication 
000028c1  CanIf_GetControllerMode        
00002b2b  CanIf_GetPduMode               
0000278b  CanIf_Init                     
00002a35  CanIf_ReadRxPduData            
00002bcb  CanIf_RxIndication             
00002b65  CanIf_SetBaudrate              
000027dd  CanIf_SetControllerMode        
00002ab5  CanIf_SetPduMode               
0000292d  CanIf_Transmit                 
00002b89  CanIf_TxConfirmation           
00003c73  CanSM_ControllerBusOff         
00000f45  Can_DisableControllerInterrupts
00000ffd  Can_EnableControllerInterrupts 
0000026d  Can_GetHardwareObjectOfHTH     
000002c3  Can_ISRHandler                 
00000641  Can_Init                       
00001465  Can_MainFunction_BusOff        
000014fd  Can_MainFunction_Mode          
000012f1  Can_MainFunction_Read          
00000939  Can_MainFunction_Write         
000016b5  Can_SetBaudrate                
00000bdd  Can_SetControllerMode          
000010e1  Can_Write                      
20000000  Com                            
200004a8  ComGroupSignal0Buffer          
200004ac  ComGroupSignal1Buffer          
20000490  ComIPdu0Buffer                 
20000498  ComIPdu1Buffer                 
200004b0  ComSignal0Buffer               
200004b4  ComSignal1Buffer               
200004b8  ComSignal2Buffer               
200004bc  ComSignal3Buffer               
20000450  ComTeamConfig                  
00003cc7  Com_CbkRxAck                   
00003cc5  Com_CbkTxAck                   
00001d2d  Com_Init                       
00002479  Com_MainFunctionRx             
00002181  Com_MainFunctionTx             
00001f23  Com_ReceiveShadowSignal        
00001e8b  Com_ReceiveSignal              
000026b1  Com_ReceiveSignalGroup         
00001f7b  Com_RxIndication               
00001d37  Com_SendSignal                 
0000269f  Com_SendSignalGroup            
000026d9  Com_TriggerIPDUSend            
00001f95  Com_TxConfirmation             
00001ec1  Com_UpdateShadowSignal         
200004c0  CurrentCanState                
0000374d  IntDisable                     
000037b5  IntEnable                      
00003885  IntIsEnabled                   
000036d5  PduR_CanIfRxIndication         
000036ef  PduR_CanIfTxConfirmation       
00003c7f  ResetISR                       
00003419  SysCtlClockGet                 
00003af9  SysCtlPeripheralEnable         
00003a89  SysCtlPeripheralPresent        
00003ac1  SysCtlPeripheralReady          
00003ca9  UARTCharGet                    
00003cb3  UARTCharPut                    
00003941  UARTConfigSetExpClk            
00003c15  UARTDisable                    
00003c51  UARTEnable                     
00002e45  UARTStdioConfig                
00002f8b  UARTgetc                       
00002ed1  UARTgets                       
000032ab  UARTprintf                     
00002fb1  UARTvprintf                    
00002e8b  UARTwrite                      
20000450  __STACK_END                    
00000200  __STACK_SIZE                   
20000450  __STACK_TOP                    
00003f38  __TI_CINIT_Base                
00003f48  __TI_CINIT_Limit               
00003f20  __TI_Handler_Table_Base        
00003f2c  __TI_Handler_Table_Limit       
00003989  __TI_auto_init_nobinit_nopinit 
0000381d  __TI_decompress_lzss           
00003c65  __TI_decompress_none           
ffffffff  __TI_pprof_out_hndl            
ffffffff  __TI_prof_data_size            
ffffffff  __TI_prof_data_start           
00000000  __TI_static_base__             
00003c35  __TI_zero_init_nomemset        
00003417  __aeabi_idiv0                  
00003417  __aeabi_ldiv0                  
00003637  __aeabi_memcpy                 
00003637  __aeabi_memcpy4                
00003637  __aeabi_memcpy8                
00003a0d  __aeabi_uidiv                  
00003a0d  __aeabi_uidivmod               
ffffffff  __binit__                      
ffffffff  __c_args__                     
UNDEFED   __mpu_init                     
20000250  __stack                        
00003b2d  _c_int00_noargs                
UNDEFED   _system_post_cinit             
00003cc9  _system_pre_init               
00003ccd  abort                          
ffffffff  binit                          
00000000  g_pfnVectors                   
000026e7  main                           
00003baf  memcmp                         
00003637  memcpy                         


GLOBAL SYMBOLS: SORTED BY Symbol Address 

address   name                           
-------   ----                           
00000000  __TI_static_base__             
00000000  g_pfnVectors                   
00000200  __STACK_SIZE                   
0000026d  Can_GetHardwareObjectOfHTH     
000002c3  Can_ISRHandler                 
0000058d  Can0_InterruptHandler          
000005b1  Can1_InterruptHandler          
00000641  Can_Init                       
00000939  Can_MainFunction_Write         
00000bdd  Can_SetControllerMode          
00000f45  Can_DisableControllerInterrupts
00000ffd  Can_EnableControllerInterrupts 
000010e1  Can_Write                      
000012f1  Can_MainFunction_Read          
00001465  Can_MainFunction_BusOff        
000014fd  Can_MainFunction_Mode          
000016b5  Can_SetBaudrate                
00001d2d  Com_Init                       
00001d37  Com_SendSignal                 
00001e8b  Com_ReceiveSignal              
00001ec1  Com_UpdateShadowSignal         
00001f23  Com_ReceiveShadowSignal        
00001f7b  Com_RxIndication               
00001f95  Com_TxConfirmation             
00002181  Com_MainFunctionTx             
00002479  Com_MainFunctionRx             
0000269f  Com_SendSignalGroup            
000026b1  Com_ReceiveSignalGroup         
000026d9  Com_TriggerIPDUSend            
000026e7  main                           
0000278b  CanIf_Init                     
000027dd  CanIf_SetControllerMode        
000028c1  CanIf_GetControllerMode        
0000292d  CanIf_Transmit                 
00002a35  CanIf_ReadRxPduData            
00002ab5  CanIf_SetPduMode               
00002b2b  CanIf_GetPduMode               
00002b65  CanIf_SetBaudrate              
00002b89  CanIf_TxConfirmation           
00002bcb  CanIf_RxIndication             
00002ca3  CanIf_ControllerBusOff         
00002cf9  CanIf_ControllerModeIndication 
00002e45  UARTStdioConfig                
00002e8b  UARTwrite                      
00002ed1  UARTgets                       
00002f8b  UARTgetc                       
00002fb1  UARTvprintf                    
000032ab  UARTprintf                     
000032e1  CANMessageSet                  
00003417  __aeabi_idiv0                  
00003417  __aeabi_ldiv0                  
00003419  SysCtlClockGet                 
00003529  CANMessageGet                  
00003637  __aeabi_memcpy                 
00003637  __aeabi_memcpy4                
00003637  __aeabi_memcpy8                
00003637  memcpy                         
000036d5  PduR_CanIfRxIndication         
000036ef  PduR_CanIfTxConfirmation       
0000374d  IntDisable                     
000037b5  IntEnable                      
0000381d  __TI_decompress_lzss           
00003885  IntIsEnabled                   
000038e9  CANBitTimingSet                
00003941  UARTConfigSetExpClk            
00003989  __TI_auto_init_nobinit_nopinit 
000039cd  CANStatusGet                   
00003a0d  __aeabi_uidiv                  
00003a0d  __aeabi_uidivmod               
00003a4d  CANInit                        
00003a89  SysCtlPeripheralPresent        
00003ac1  SysCtlPeripheralReady          
00003af9  SysCtlPeripheralEnable         
00003b2d  _c_int00_noargs                
00003baf  memcmp                         
00003bd3  CANIntClear                    
00003bf5  CANIntStatus                   
00003c15  UARTDisable                    
00003c35  __TI_zero_init_nomemset        
00003c51  UARTEnable                     
00003c65  __TI_decompress_none           
00003c73  CanSM_ControllerBusOff         
00003c7f  ResetISR                       
00003c8b  CANDisable                     
00003c95  CANEnable                      
00003c9f  CANIntDisable                  
00003ca9  UARTCharGet                    
00003cb3  UARTCharPut                    
00003cbd  CANIntEnable                   
00003cc5  Com_CbkTxAck                   
00003cc7  Com_CbkRxAck                   
00003cc9  _system_pre_init               
00003ccd  C$$EXIT                        
00003ccd  abort                          
00003f20  __TI_Handler_Table_Base        
00003f2c  __TI_Handler_Table_Limit       
00003f38  __TI_CINIT_Base                
00003f48  __TI_CINIT_Limit               
20000000  Com                            
20000144  Can                            
200001dc  CanIf                          
20000250  __stack                        
20000450  ComTeamConfig                  
20000450  __STACK_END                    
20000450  __STACK_TOP                    
20000490  ComIPdu0Buffer                 
20000498  ComIPdu1Buffer                 
200004a8  ComGroupSignal0Buffer          
200004ac  ComGroupSignal1Buffer          
200004b0  ComSignal0Buffer               
200004b4  ComSignal1Buffer               
200004b8  ComSignal2Buffer               
200004bc  ComSignal3Buffer               
200004c0  CurrentCanState                
ffffffff  __TI_pprof_out_hndl            
ffffffff  __TI_prof_data_size            
ffffffff  __TI_prof_data_start           
ffffffff  __binit__                      
ffffffff  __c_args__                     
ffffffff  binit                          
UNDEFED   __mpu_init                     
UNDEFED   _system_post_cinit             

[122 symbols]
