******************************************************************************
                  TI ARM Linker PC v18.12.3                    
******************************************************************************
>> Linked Sun Oct 27 16:12:58 2019

OUTPUT FILE NAME:   <CanIf_Test.out>
ENTRY POINT SYMBOL: "_c_int00_noargs"  address: 00001ffd


MEMORY CONFIGURATION

         name            origin    length      used     unused   attr    fill
----------------------  --------  ---------  --------  --------  ----  --------
  FLASH                 00000000   00040000  000022ce  0003dd32  R  X
  SRAM                  20000000   00008000  00000373  00007c8d  RW X


SEGMENT ALLOCATION MAP

run origin  load origin   length   init length attrs members
----------  ----------- ---------- ----------- ----- -------
00000000    00000000    000022d0   000022d0    r-x
  00000000    00000000    0000026c   0000026c    r-- .intvecs
  0000026c    0000026c    00001ec4   00001ec4    r-x .text
  00002130    00002130    000000e6   000000e6    r-- .const
  00002218    00002218    000000b8   000000b8    r-- .cinit
20000000    20000000    00000375   00000000    rw-
  20000000    20000000    00000200   00000000    rw- .stack
  20000200    20000200    00000156   00000000    rw- .data
  20000358    20000358    0000001d   00000000    rw- .bss


SECTION ALLOCATION MAP

 output                                  attributes/
section   page    origin      length       input sections
--------  ----  ----------  ----------   ----------------
.intvecs   0    00000000    0000026c     
                  00000000    0000026c     tm4c123gh6pm_startup_ccs.obj (.intvecs)

.text      0    0000026c    00001ec4     
                  0000026c    00001158     Can.obj (.text)
                  000013c4    00000524     CanIf.obj (.text)
                  000018e8    00000136     driverlib.lib : can.obj (.text:CANMessageSet)
                  00001a1e    00000002     --HOLE-- [fill = 0]
                  00001a20    00000110                   : sysctl.obj (.text:SysCtlClockGet)
                  00001b30    0000010e                   : can.obj (.text:CANMessageGet)
                  00001c3e    0000009c     rtsv7M4_T_le_v4SPD16_eabi.lib : memcpy_t2.asm.obj (.text)
                  00001cda    00000002     --HOLE-- [fill = 0]
                  00001cdc    00000068     driverlib.lib : interrupt.obj (.text:IntDisable)
                  00001d44    00000068                   : interrupt.obj (.text:IntEnable)
                  00001dac    00000068     rtsv7M4_T_le_v4SPD16_eabi.lib : copy_decompress_lzss.c.obj (.text:decompress:lzss:__TI_decompress_lzss)
                  00001e14    00000064     driverlib.lib : interrupt.obj (.text:IntIsEnabled)
                  00001e78    00000058                   : can.obj (.text:CANBitTimingSet)
                  00001ed0    00000044     rtsv7M4_T_le_v4SPD16_eabi.lib : autoinit.c.obj (.text:__TI_auto_init_nobinit_nopinit:__TI_auto_init_nobinit_nopinit)
                  00001f14    00000040     driverlib.lib : can.obj (.text:CANStatusGet)
                  00001f54    0000003a                   : can.obj (.text:CANInit)
                  00001f8e    00000002     --HOLE-- [fill = 0]
                  00001f90    00000038                   : sysctl.obj (.text:SysCtlPeripheralReady)
                  00001fc8    00000034                   : sysctl.obj (.text:SysCtlPeripheralEnable)
                  00001ffc    00000034     rtsv7M4_T_le_v4SPD16_eabi.lib : boot_cortex_m.c.obj (.text:_c_int00_noargs:_c_int00_noargs)
                  00002030    0000002a     driverlib.lib : can.obj (.text:_CANDataRegRead)
                  0000205a    00000024                   : can.obj (.text:_CANDataRegWrite)
                  0000207e    00000022                   : can.obj (.text:CANIntClear)
                  000020a0    00000020                   : can.obj (.text:CANIntStatus)
                  000020c0    0000001c     rtsv7M4_T_le_v4SPD16_eabi.lib : copy_zero_init.c.obj (.text:decompress:ZI:__TI_zero_init_nomemset:__TI_zero_init_nomemset)
                  000020dc    0000000e                                   : copy_decompress_none.c.obj (.text:decompress:none:__TI_decompress_none)
                  000020ea    0000000c     CanSM.obj (.text)
                  000020f6    0000000c     tm4c123gh6pm_startup_ccs.obj (.text)
                  00002102    0000000a     driverlib.lib : can.obj (.text:CANDisable)
                  0000210c    0000000a                   : can.obj (.text:CANEnable)
                  00002116    0000000a                   : can.obj (.text:CANIntDisable)
                  00002120    00000008                   : can.obj (.text:CANIntEnable)
                  00002128    00000004     rtsv7M4_T_le_v4SPD16_eabi.lib : pre_init.c.obj (.text:_system_pre_init)
                  0000212c    00000004                                   : exit.c.obj (.text:abort:abort)

.const     0    00002130    000000e6     
                  00002130    00000070     driverlib.lib : interrupt.obj (.const)
                  000021a0    0000006c                   : sysctl.obj (.const:g_pui32Xtals)
                  0000220c    00000008     Can.obj (.const:$P$T0$1)
                  00002214    00000002     Can.obj (.const:.string:$P$T1$2)

.cinit     0    00002218    000000b8     
                  00002218    0000008f     (.cinit..data.load) [load image, compression = lzss]
                  000022a7    00000001     --HOLE-- [fill = 0]
                  000022a8    0000000c     (__TI_handler_table)
                  000022b4    00000004     --HOLE-- [fill = 0]
                  000022b8    00000008     (.cinit..bss.load) [load image, compression = zero_init]
                  000022c0    00000010     (__TI_cinit_table)

.init_array 
*          0    00000000    00000000     UNINITIALIZED

.data      0    20000200    00000156     UNINITIALIZED
                  20000200    00000090     Can_PBcfg.obj (.data:Can)
                  20000290    00000064     CanIf_Cfg.obj (.data:CanIf)
                  200002f4    00000058     CanIf.obj (.data:CanIfTxBuffer)
                  2000034c    00000002     CanIf.obj (.data:CanIfControllerMode)
                  2000034e    00000002     Can.obj (.data:ControllerState)
                  20000350    00000002     Can.obj (.data:InterruptDisableCount)
                  20000352    00000002     Can.obj (.data:InterruptEnableCount)
                  20000354    00000001     Can.obj (.data)
                  20000355    00000001     CanIf.obj (.data)

.bss       0    20000358    0000001d     UNINITIALIZED
                  20000358    0000000c     Can.obj (.bss:MessageObject)
                  20000364    00000004     CanIf.obj (.bss:CanIfPduMode)
                  20000368    00000004     Can.obj (.bss:LogicalSleep)
                  2000036c    00000004     CanIf.obj (.bss:RxBuffer)
                  20000370    00000004     (.common:CurrentCanState)
                  20000374    00000001     (.common:CanDevelopmentError)

.stack     0    20000000    00000200     UNINITIALIZED
                  20000000    00000004     rtsv7M4_T_le_v4SPD16_eabi.lib : boot_cortex_m.c.obj (.stack)
                  20000004    000001fc     --HOLE--

MODULE SUMMARY

       Module                         code   ro data   rw data
       ------                         ----   -------   -------
    .\
       Can.obj                        4440   10        28     
       CanIf.obj                      1316   0         99     
       tm4c123gh6pm_startup_ccs.obj   12     620       0      
       Can_PBcfg.obj                  0      0         144    
       CanIf_Cfg.obj                  0      0         100    
       CanSM.obj                      12     0         0      
    +--+------------------------------+------+---------+---------+
       Total:                         5780   630       371    
                                                              
    C:/ti/TivaWare_C_Series-2.1.4.178/driverlib/ccs/Debug/driverlib.lib
       can.obj                        972    0         0      
       sysctl.obj                     380    108       0      
       interrupt.obj                  308    112       0      
    +--+------------------------------+------+---------+---------+
       Total:                         1660   220       0      
                                                              
    C:\ti\ccs910\ccs\tools\compiler\ti-cgt-arm_18.12.3.LTS\lib\rtsv7M4_T_le_v4SPD16_eabi.lib
       memcpy_t2.asm.obj              156    0         0      
       copy_decompress_lzss.c.obj     104    0         0      
       autoinit.c.obj                 68     0         0      
       boot_cortex_m.c.obj            52     0         0      
       copy_zero_init.c.obj           28     0         0      
       copy_decompress_none.c.obj     14     0         0      
       exit.c.obj                     4      0         0      
       pre_init.c.obj                 4      0         0      
    +--+------------------------------+------+---------+---------+
       Total:                         430    0         0      
                                                              
       Stack:                         0      0         512    
       Linker Generated:              0      179       0      
    +--+------------------------------+------+---------+---------+
       Grand Total:                   7870   1029      883    


LINKER GENERATED COPY TABLES

__TI_cinit_table @ 000022c0 records: 2, size/record: 8, table size: 16
	.data: load addr=00002218, load size=0000008f bytes, run addr=20000200, run size=00000156 bytes, compression=lzss
	.bss: load addr=000022b8, load size=00000008 bytes, run addr=20000358, run size=0000001d bytes, compression=zero_init


LINKER GENERATED HANDLER TABLE

__TI_handler_table @ 000022a8 records: 3, size/record: 4, table size: 12
	index: 0, handler: __TI_decompress_lzss
	index: 1, handler: __TI_decompress_none
	index: 2, handler: __TI_zero_init


GLOBAL SYMBOLS: SORTED ALPHABETICALLY BY Name 

address   name                           
-------   ----                           
0000212d  C$$EXIT                        
00001e79  CANBitTimingSet                
00002103  CANDisable                     
0000210d  CANEnable                      
00001f55  CANInit                        
0000207f  CANIntClear                    
00002117  CANIntDisable                  
00002121  CANIntEnable                   
000020a1  CANIntStatus                   
00001b31  CANMessageGet                  
000018e9  CANMessageSet                  
00001f15  CANStatusGet                   
20000200  Can                            
00000679  Can0_InterruptHandler          
0000088d  Can1_InterruptHandler          
20000374  CanDevelopmentError            
20000290  CanIf                          
00001875  CanIf_ControllerBusOff         
000018d1  CanIf_ControllerModeIndication 
0000163f  CanIf_GetControllerMode        
000017f5  CanIf_GetPduMode               
000015dd  CanIf_Init                     
000017d1  CanIf_ReadRxNotifStatus        
00001757  CanIf_ReadRxPduData            
000017c5  CanIf_ReadTxNotifStatus        
0000185f  CanIf_RxIndication             
0000182f  CanIf_SetBaudrate              
0000162f  CanIf_SetControllerMode        
000017dd  CanIf_SetPduMode               
00001651  CanIf_Transmit                 
00001853  CanIf_TxConfirmation           
000020eb  CanSM_ControllerBusOff         
000004c1  Can_DisableControllerInterrupts
00000599  Can_EnableControllerInterrupts 
0000026d  Can_GetHardwareObjectOfHTH     
00000d8d  Can_Init                       
00001347  Can_MainFunctionBusoff         
00001201  Can_MainFunction_Mode          
0000107b  Can_MainFunction_Write         
00001085  Can_SetBaudrate                
00000abd  Can_SetControllerMode          
000002c3  Can_Write                      
20000370  CurrentCanState                
00001cdd  IntDisable                     
00001d45  IntEnable                      
00001e15  IntIsEnabled                   
000020f7  ResetISR                       
00001a21  SysCtlClockGet                 
00001fc9  SysCtlPeripheralEnable         
00001f91  SysCtlPeripheralReady          
20000200  __STACK_END                    
00000200  __STACK_SIZE                   
20000200  __STACK_TOP                    
000022c0  __TI_CINIT_Base                
000022d0  __TI_CINIT_Limit               
000022a8  __TI_Handler_Table_Base        
000022b4  __TI_Handler_Table_Limit       
00001ed1  __TI_auto_init_nobinit_nopinit 
00001dad  __TI_decompress_lzss           
000020dd  __TI_decompress_none           
ffffffff  __TI_pprof_out_hndl            
ffffffff  __TI_prof_data_size            
ffffffff  __TI_prof_data_start           
00000000  __TI_static_base__             
000020c1  __TI_zero_init_nomemset        
00001c3f  __aeabi_memcpy                 
00001c3f  __aeabi_memcpy4                
00001c3f  __aeabi_memcpy8                
ffffffff  __binit__                      
ffffffff  __c_args__                     
UNDEFED   __mpu_init                     
20000000  __stack                        
00001ffd  _c_int00_noargs                
UNDEFED   _system_post_cinit             
00002129  _system_pre_init               
0000212d  abort                          
ffffffff  binit                          
00000000  g_pfnVectors                   
000018e1  main                           
00001c3f  memcpy                         


GLOBAL SYMBOLS: SORTED BY Symbol Address 

address   name                           
-------   ----                           
00000000  __TI_static_base__             
00000000  g_pfnVectors                   
00000200  __STACK_SIZE                   
0000026d  Can_GetHardwareObjectOfHTH     
000002c3  Can_Write                      
000004c1  Can_DisableControllerInterrupts
00000599  Can_EnableControllerInterrupts 
00000679  Can0_InterruptHandler          
0000088d  Can1_InterruptHandler          
00000abd  Can_SetControllerMode          
00000d8d  Can_Init                       
0000107b  Can_MainFunction_Write         
00001085  Can_SetBaudrate                
00001201  Can_MainFunction_Mode          
00001347  Can_MainFunctionBusoff         
000015dd  CanIf_Init                     
0000162f  CanIf_SetControllerMode        
0000163f  CanIf_GetControllerMode        
00001651  CanIf_Transmit                 
00001757  CanIf_ReadRxPduData            
000017c5  CanIf_ReadTxNotifStatus        
000017d1  CanIf_ReadRxNotifStatus        
000017dd  CanIf_SetPduMode               
000017f5  CanIf_GetPduMode               
0000182f  CanIf_SetBaudrate              
00001853  CanIf_TxConfirmation           
0000185f  CanIf_RxIndication             
00001875  CanIf_ControllerBusOff         
000018d1  CanIf_ControllerModeIndication 
000018e1  main                           
000018e9  CANMessageSet                  
00001a21  SysCtlClockGet                 
00001b31  CANMessageGet                  
00001c3f  __aeabi_memcpy                 
00001c3f  __aeabi_memcpy4                
00001c3f  __aeabi_memcpy8                
00001c3f  memcpy                         
00001cdd  IntDisable                     
00001d45  IntEnable                      
00001dad  __TI_decompress_lzss           
00001e15  IntIsEnabled                   
00001e79  CANBitTimingSet                
00001ed1  __TI_auto_init_nobinit_nopinit 
00001f15  CANStatusGet                   
00001f55  CANInit                        
00001f91  SysCtlPeripheralReady          
00001fc9  SysCtlPeripheralEnable         
00001ffd  _c_int00_noargs                
0000207f  CANIntClear                    
000020a1  CANIntStatus                   
000020c1  __TI_zero_init_nomemset        
000020dd  __TI_decompress_none           
000020eb  CanSM_ControllerBusOff         
000020f7  ResetISR                       
00002103  CANDisable                     
0000210d  CANEnable                      
00002117  CANIntDisable                  
00002121  CANIntEnable                   
00002129  _system_pre_init               
0000212d  C$$EXIT                        
0000212d  abort                          
000022a8  __TI_Handler_Table_Base        
000022b4  __TI_Handler_Table_Limit       
000022c0  __TI_CINIT_Base                
000022d0  __TI_CINIT_Limit               
20000000  __stack                        
20000200  Can                            
20000200  __STACK_END                    
20000200  __STACK_TOP                    
20000290  CanIf                          
20000370  CurrentCanState                
20000374  CanDevelopmentError            
ffffffff  __TI_pprof_out_hndl            
ffffffff  __TI_prof_data_size            
ffffffff  __TI_prof_data_start           
ffffffff  __binit__                      
ffffffff  __c_args__                     
ffffffff  binit                          
UNDEFED   __mpu_init                     
UNDEFED   _system_post_cinit             

[80 symbols]
