******************************************************************************
                  TI ARM Linker PC v18.12.3                    
******************************************************************************
>> Linked Wed Oct  2 14:08:39 2019

OUTPUT FILE NAME:   <Test_1.out>
ENTRY POINT SYMBOL: "_c_int00_noinit_noargs"  address: 00000731


MEMORY CONFIGURATION

         name            origin    length      used     unused   attr    fill
----------------------  --------  ---------  --------  --------  ----  --------
  FLASH                 00000000   00040000  00000906  0003f6fa  R  X
  SRAM                  20000000   00008000  00000200  00007e00  RW X


SEGMENT ALLOCATION MAP

run origin  load origin   length   init length attrs members
----------  ----------- ---------- ----------- ----- -------
00000000    00000000    00000908   00000908    r-x
  00000000    00000000    0000026c   0000026c    r-- .intvecs
  0000026c    0000026c    0000059e   0000059e    r-x .text
  0000080c    0000080c    000000fc   000000fc    r-- .const
20000000    20000000    00000200   00000000    rw-
  20000000    20000000    00000200   00000000    rw- .stack


SECTION ALLOCATION MAP

 output                                  attributes/
section   page    origin      length       input sections
--------  ----  ----------  ----------   ----------------
.intvecs   0    00000000    0000026c     
                  00000000    0000026c     tm4c123gh6pm_startup_ccs.obj (.intvecs)

.text      0    0000026c    0000059e     
                  0000026c    00000132     driverlib.lib : gpio.obj (.text:GPIOPadConfigSet)
                  0000039e    00000002     --HOLE-- [fill = 0]
                  000003a0    00000110                   : sysctl.obj (.text:SysCtlClockGet)
                  000004b0    000000f4                   : sysctl.obj (.text:SysCtlClockSet)
                  000005a4    000000c8     main.obj (.text)
                  0000066c    00000048     driverlib.lib : gpio.obj (.text:GPIOPinConfigure)
                  000006b4    00000046                   : uart.obj (.text:UARTConfigSetExpClk)
                  000006fa    00000002     --HOLE-- [fill = 0]
                  000006fc    00000034                   : sysctl.obj (.text:SysCtlPeripheralEnable)
                  00000730    0000002c     rtsv7M4_T_le_v4SPD16_eabi.lib : boot_cortex_m.c.obj (.text:_c_int00_noinit_noargs:_c_int00_noinit_noargs)
                  0000075c    0000002a     driverlib.lib : gpio.obj (.text:GPIODirModeSet)
                  00000786    00000002     --HOLE-- [fill = 0]
                  00000788    00000020                   : uart.obj (.text:UARTDisable)
                  000007a8    00000014                   : uart.obj (.text:UARTEnable)
                  000007bc    00000012                   : gpio.obj (.text:GPIOPinTypeUART)
                  000007ce    0000000e                   : uart.obj (.text:UARTCharsAvail)
                  000007dc    0000000c     tm4c123gh6pm_startup_ccs.obj (.text)
                  000007e8    0000000a     driverlib.lib : uart.obj (.text:UARTCharGet)
                  000007f2    0000000a                   : uart.obj (.text:UARTCharPut)
                  000007fc    00000006                   : sysctl.obj (.text:SysCtlDelay)
                  00000802    00000004     rtsv7M4_T_le_v4SPD16_eabi.lib : pre_init.c.obj (.text:_system_pre_init)
                  00000806    00000004                                   : exit.c.obj (.text:abort:abort)

.const     0    0000080c    000000fc     
                  0000080c    00000090     driverlib.lib : gpio.obj (.const:g_pui32GPIOBaseAddrs)
                  0000089c    0000006c                   : sysctl.obj (.const:g_pui32Xtals)

.cinit     0    00000000    00000000     UNINITIALIZED

.init_array 
*          0    00000000    00000000     UNINITIALIZED

.stack     0    20000000    00000200     UNINITIALIZED
                  20000000    00000004     rtsv7M4_T_le_v4SPD16_eabi.lib : boot_cortex_m.c.obj (.stack)
                  20000004    000001fc     --HOLE--

MODULE SUMMARY

       Module                         code   ro data   rw data
       ------                         ----   -------   -------
    .\
       tm4c123gh6pm_startup_ccs.obj   12     620       0      
       main.obj                       200    0         0      
    +--+------------------------------+------+---------+---------+
       Total:                         212    620       0      
                                                              
    C:/ti/TivaWare_C_Series-2.1.4.178/driverlib/ccs/Debug/driverlib.lib
       sysctl.obj                     574    108       0      
       gpio.obj                       438    144       0      
       uart.obj                       156    0         0      
    +--+------------------------------+------+---------+---------+
       Total:                         1168   252       0      
                                                              
    C:\ti\ccs910\ccs\tools\compiler\ti-cgt-arm_18.12.3.LTS\lib\rtsv7M4_T_le_v4SPD16_eabi.lib
       boot_cortex_m.c.obj            44     0         0      
       exit.c.obj                     4      0         0      
       pre_init.c.obj                 4      0         0      
    +--+------------------------------+------+---------+---------+
       Total:                         52     0         0      
                                                              
       Stack:                         0      0         512    
    +--+------------------------------+------+---------+---------+
       Grand Total:                   1432   872       512    


GLOBAL SYMBOLS: SORTED ALPHABETICALLY BY Name 

address   name                  
-------   ----                  
00000807  C$$EXIT               
0000075d  GPIODirModeSet        
0000026d  GPIOPadConfigSet      
0000066d  GPIOPinConfigure      
000007bd  GPIOPinTypeUART       
000007dd  ResetISR              
000003a1  SysCtlClockGet        
000004b1  SysCtlClockSet        
000007fd  SysCtlDelay           
000006fd  SysCtlPeripheralEnable
000007e9  UARTCharGet           
000007f3  UARTCharPut           
000007cf  UARTCharsAvail        
000006b5  UARTConfigSetExpClk   
00000789  UARTDisable           
000007a9  UARTEnable            
20000200  __STACK_END           
00000200  __STACK_SIZE          
20000200  __STACK_TOP           
ffffffff  __TI_pprof_out_hndl   
ffffffff  __TI_prof_data_size   
ffffffff  __TI_prof_data_start  
00000000  __TI_static_base__    
ffffffff  __binit__             
ffffffff  __c_args__            
UNDEFED   __mpu_init            
20000000  __stack               
00000731  _c_int00_noinit_noargs
00000803  _system_pre_init      
00000807  abort                 
ffffffff  binit                 
00000000  g_pfnVectors          
000005a5  main                  


GLOBAL SYMBOLS: SORTED BY Symbol Address 

address   name                  
-------   ----                  
00000000  __TI_static_base__    
00000000  g_pfnVectors          
00000200  __STACK_SIZE          
0000026d  GPIOPadConfigSet      
000003a1  SysCtlClockGet        
000004b1  SysCtlClockSet        
000005a5  main                  
0000066d  GPIOPinConfigure      
000006b5  UARTConfigSetExpClk   
000006fd  SysCtlPeripheralEnable
00000731  _c_int00_noinit_noargs
0000075d  GPIODirModeSet        
00000789  UARTDisable           
000007a9  UARTEnable            
000007bd  GPIOPinTypeUART       
000007cf  UARTCharsAvail        
000007dd  ResetISR              
000007e9  UARTCharGet           
000007f3  UARTCharPut           
000007fd  SysCtlDelay           
00000803  _system_pre_init      
00000807  C$$EXIT               
00000807  abort                 
20000000  __stack               
20000200  __STACK_END           
20000200  __STACK_TOP           
ffffffff  __TI_pprof_out_hndl   
ffffffff  __TI_prof_data_size   
ffffffff  __TI_prof_data_start  
ffffffff  __binit__             
ffffffff  __c_args__            
ffffffff  binit                 
UNDEFED   __mpu_init            

[33 symbols]
