******************************************************************************
                  TI ARM Linker Unix v18.12.2                  
******************************************************************************
>> Linked Tue Jan 28 19:27:30 2020

OUTPUT FILE NAME:   <freertos_demo.out>
ENTRY POINT SYMBOL: "_c_int00_noargs"  address: 00001cfd


MEMORY CONFIGURATION

         name            origin    length      used     unused   attr    fill
----------------------  --------  ---------  --------  --------  ----  --------
  FLASH                 00000000   00040000  00002016  0003dfea  R  X
  SRAM                  20000000   00008000  00007955  000006ab  RW X


SEGMENT ALLOCATION MAP

run origin  load origin   length   init length attrs members
----------  ----------- ---------- ----------- ----- -------
00000000    00000000    00002018   00002018    r-x
  00000000    00000000    0000026c   0000026c    r-- .intvecs
  0000026c    0000026c    00001d4e   00001d4e    r-x .text
  00001fbc    00001fbc    0000001c   0000001c    r-- .const
  00001fd8    00001fd8    00000040   00000040    r-- .cinit
20000000    20000000    0000795c   00000000    rw-
  20000000    20000000    00007701   00000000    rw- .bss
  20007708    20007708    00000200   00000000    rw- .stack
  20007908    20007908    00000054   00000000    rw- .data


SECTION ALLOCATION MAP

 output                                  attributes/
section   page    origin      length       input sections
--------  ----  ----------  ----------   ----------------
.intvecs   0    00000000    0000026c     
                  00000000    0000026c     startup_ccs.obj (.intvecs)

.text      0    0000026c    00001d4e     
                  0000026c    000001ee     uartstdio.obj (.text:UARTvprintf)
                  0000045a    00000002     startup_ccs.obj (.text:FaultISR)
                  0000045c    0000011c     led_task.obj (.text:LEDTask)
                  00000578    00000118     queue.obj (.text:xQueueGenericReceive)
                  00000690    00000104     rgb.obj (.text:RGBInit)
                  00000794    00000104     tasks.obj (.text:xTaskIncrementTick)
                  00000898    00000100     tasks.obj (.text:xTaskGenericCreate)
                  00000998    000000fc     switch_task.obj (.text:SwitchTask)
                  00000a94    000000e8     queue.obj (.text:xQueueGenericSend)
                  00000b7c    000000e4     tasks.obj (.text:xTaskResumeAll)
                  00000c60    000000d2     portasm.obj (.text)
                  00000d32    00000002     startup_ccs.obj (.text:IntDefaultHandler)
                  00000d34    000000c8     led_task.obj (.text:LEDTaskInit)
                  00000dfc    000000c0     rgb.obj (.text:RGBEnable)
                  00000ebc    000000ac     heap_2.obj (.text:pvPortMalloc)
                  00000f68    0000009c     rtsv7M4_T_le_v4SPD16_eabi.lib : memcpy_t2.asm.obj (.text)
                  00001004    00000090     rgb.obj (.text:RGBColorSet)
                  00001094    00000090     tasks.obj (.text:vTaskPriorityInherit)
                  00001124    0000008c     tasks.obj (.text:vTaskSwitchContext)
                  000011b0    00000088     buttons.obj (.text:ButtonsPoll)
                  00001238    00000084     tasks.obj (.text:vTaskDelayUntil)
                  000012bc    00000084     queue.obj (.text:xQueueGenericReset)
                  00001340    0000007a     rtsv7M4_T_le_v4SPD16_eabi.lib : memset_t2.asm.obj (.text)
                  000013ba    00000002     startup_ccs.obj (.text:NmiSR)
                  000013bc    00000078     tasks.obj (.text:xTaskPriorityDisinherit)
                  00001434    00000074     freertos_demo.obj (.text:main)
                  000014a8    00000074     tasks.obj (.text:xTaskRemoveFromEventList)
                  0000151c    00000072     queue.obj (.text:prvCopyDataToQueue)
                  0000158e    00000002     rtsv7M4_T_le_v4SPD16_eabi.lib : div0.asm.obj (.text)
                  00001590    00000068     buttons.obj (.text:ButtonsInit)
                  000015f8    00000068     rgb.obj (.text:RGBDisable)
                  00001660    00000068     rtsv7M4_T_le_v4SPD16_eabi.lib : copy_decompress_lzss.c.obj (.text:decompress:lzss:__TI_decompress_lzss)
                  000016c8    00000064     freertos_demo.obj (.text:ConfigureUART)
                  0000172c    00000064     tasks.obj (.text:vTaskPlaceOnEventList)
                  00001790    00000062     queue.obj (.text:prvUnlockQueue)
                  000017f2    00000002     freertos_demo.obj (.text:vApplicationStackOverflowHook)
                  000017f4    00000060     uartstdio.obj (.text:UARTStdioConfig)
                  00001854    00000060     tasks.obj (.text:prvInitialiseTaskLists)
                  000018b4    00000060     tasks.obj (.text:vTaskStartScheduler)
                  00001914    00000058     tasks.obj (.text:prvCheckTasksWaitingTermination)
                  0000196c    00000056     tasks.obj (.text:prvInitialiseTCBVariables)
                  000019c2    00000002     --HOLE-- [fill = 0]
                  000019c4    00000054     tasks.obj (.text:xTaskCheckForTimeOut)
                  00001a18    0000004e     queue.obj (.text:xQueueCreateMutex)
                  00001a66    00000002     --HOLE-- [fill = 0]
                  00001a68    0000004c     tasks.obj (.text:prvAddCurrentTaskToDelayedList)
                  00001ab4    00000048     switch_task.obj (.text:SwitchTaskInit)
                  00001afc    00000048     uartstdio.obj (.text:UARTwrite)
                  00001b44    00000044     rtsv7M4_T_le_v4SPD16_eabi.lib : autoinit.c.obj (.text:__TI_auto_init_nobinit_nopinit:__TI_auto_init_nobinit_nopinit)
                  00001b88    00000044     heap_2.obj (.text:vPortFree)
                  00001bcc    00000040     rtsv7M4_T_le_v4SPD16_eabi.lib : u_divt2.asm.obj (.text)
                  00001c0c    00000040     port.obj (.text:xPortStartScheduler)
                  00001c4c    0000003c     queue.obj (.text:xQueueGenericCreate)
                  00001c88    0000003a     tasks.obj (.text:prvAllocateTCBAndStack)
                  00001cc2    00000038     list.obj (.text:vListInsert)
                  00001cfa    00000002     --HOLE-- [fill = 0]
                  00001cfc    00000034     rtsv7M4_T_le_v4SPD16_eabi.lib : boot_cortex_m.c.obj (.text:_c_int00_noargs:_c_int00_noargs)
                  00001d30    00000030     heap_2.obj (.text:prvHeapInit)
                  00001d60    0000002c     port.obj (.text:xPortSysTickHandler)
                  00001d8c    00000028     tasks.obj (.text:prvResetNextTaskUnblockTime)
                  00001db4    00000028     port.obj (.text:pxPortInitialiseStack)
                  00001ddc    00000026     queue.obj (.text:prvCopyDataFromQueue)
                  00001e02    00000020     list.obj (.text:uxListRemove)
                  00001e22    0000001c     queue.obj (.text:prvIsQueueFull)
                  00001e3e    00000002     --HOLE-- [fill = 0]
                  00001e40    0000001c     port.obj (.text:vPortEnterCritical)
                  00001e5c    0000001a     uartstdio.obj (.text:UARTprintf)
                  00001e76    0000001a     queue.obj (.text:prvIsQueueEmpty)
                  00001e90    00000018     tasks.obj (.text:pvTaskIncrementMutexHeldCount)
                  00001ea8    00000018     list.obj (.text:vListInsertEnd)
                  00001ec0    00000018     port.obj (.text:vPortExitCritical)
                  00001ed8    00000018     tasks.obj (.text:vTaskSetTimeOutState)
                  00001ef0    00000016     list.obj (.text:vListInitialise)
                  00001f06    00000002     --HOLE-- [fill = 0]
                  00001f08    00000014     rgb.obj (.text:RGBIntensitySet)
                  00001f1c    00000014     port.obj (.text:vPortSetupTimerInterrupt)
                  00001f30    00000012     tasks.obj (.text:prvDeleteTCB)
                  00001f42    00000010     port.obj (.text:prvTaskExitError)
                  00001f52    00000002     --HOLE-- [fill = 0]
                  00001f54    00000010     tasks.obj (.text:vTaskSuspendAll)
                  00001f64    0000000e     rtsv7M4_T_le_v4SPD16_eabi.lib : copy_decompress_none.c.obj (.text:decompress:none:__TI_decompress_none)
                  00001f72    0000000c                                   : copy_zero_init.c.obj (.text:decompress:ZI:__TI_zero_init)
                  00001f7e    00000002     --HOLE-- [fill = 0]
                  00001f80    0000000c     tasks.obj (.text:vTaskMissedYield)
                  00001f8c    0000000c     tasks.obj (.text:xTaskGetTickCount)
                  00001f98    00000008     tasks.obj (.text:prvIdleTask)
                  00001fa0    00000006     startup_ccs.obj (.text:ResetISR)
                  00001fa6    00000006     driverlib.lib : uart.obj (.text:UARTClockSourceSet)
                  00001fac    00000006     list.obj (.text:vListInitialiseItem)
                  00001fb2    00000004     rtsv7M4_T_le_v4SPD16_eabi.lib : pre_init.c.obj (.text:_system_pre_init)
                  00001fb6    00000004                                   : exit.c.obj (.text:abort:abort)

.const     0    00001fbc    0000001c     
                  00001fbc    0000000c     uartstdio.obj (.const:g_ui32UARTBase)
                  00001fc8    0000000c     uartstdio.obj (.const:g_ui32UARTPeriph)
                  00001fd4    00000004     port.obj (.const)

.cinit     0    00001fd8    00000040     
                  00001fd8    00000017     (.cinit..data.load) [load image, compression = lzss]
                  00001fef    00000001     --HOLE-- [fill = 0]
                  00001ff0    0000000c     (__TI_handler_table)
                  00001ffc    00000004     --HOLE-- [fill = 0]
                  00002000    00000008     (.cinit..bss.load) [load image, compression = zero_init]
                  00002008    00000010     (__TI_cinit_table)

.init_array 
*          0    00000000    00000000     UNINITIALIZED

.bss       0    20000000    00007701     UNINITIALIZED
                  20000000    00007530     heap_2.obj (.bss:ucHeap)
                  20007530    00000140     tasks.obj (.bss:pxReadyTasksLists)
                  20007670    00000014     tasks.obj (.bss:xDelayedTaskList1)
                  20007684    00000014     tasks.obj (.bss:xDelayedTaskList2)
                  20007698    00000014     tasks.obj (.bss:xPendingReadyList)
                  200076ac    00000014     tasks.obj (.bss:xSuspendedTaskList)
                  200076c0    00000014     tasks.obj (.bss:xTasksWaitingTermination)
                  200076d4    0000000c     rgb.obj (.bss:g_ui32Colors)
                  200076e0    00000008     tasks.obj (.bss)
                  200076e8    00000008     heap_2.obj (.bss:xEnd)
                  200076f0    00000008     heap_2.obj (.bss:xStart)
                  200076f8    00000004     (.common:g_pLEDQueue)
                  200076fc    00000004     (.common:g_pUARTSemaphore)
                  20007700    00000001     led_task.obj (.bss)

.data      0    20007908    00000054     UNINITIALIZED
                  20007908    00000030     tasks.obj (.data)
                  20007938    0000000c     led_task.obj (.data:g_pui32Colors)
                  20007944    00000008     heap_2.obj (.data)
                  2000794c    00000005     uartstdio.obj (.data)
                  20007951    00000003     buttons.obj (.data)
                  20007954    00000004     port.obj (.data)
                  20007958    00000004     rgb.obj (.data)

.stack     0    20007708    00000200     UNINITIALIZED
                  20007708    00000004     rtsv7M4_T_le_v4SPD16_eabi.lib : boot_cortex_m.c.obj (.stack)
                  2000770c    000001fc     --HOLE--

MODULE SUMMARY

       Module                       code   ro data   rw data
       ------                       ----   -------   -------
    ./
       startup_ccs.obj              12     620       0      
       led_task.obj                 484    0         17     
       switch_task.obj              324    0         0      
       freertos_demo.obj            218    0         4      
    +--+----------------------------+------+---------+---------+
       Total:                       1038   620       21     
                                                            
    ./drivers/
       rgb.obj                      720    0         16     
       buttons.obj                  240    0         3      
    +--+----------------------------+------+---------+---------+
       Total:                       960    0         19     
                                                            
    ./third_party/FreeRTOS/Source/
       tasks.obj                    2234   0         476    
       queue.obj                    1086   0         0      
       list.obj                     140    0         0      
    +--+----------------------------+------+---------+---------+
       Total:                       3460   0         476    
                                                            
    ./third_party/FreeRTOS/Source/portable/CCS/ARM_CM4F/
       port.obj                     236    4         4      
       portasm.obj                  210    0         0      
    +--+----------------------------+------+---------+---------+
       Total:                       446    4         4      
                                                            
    ./third_party/FreeRTOS/Source/portable/MemMang/
       heap_2.obj                   288    0         30024  
    +--+----------------------------+------+---------+---------+
       Total:                       288    0         30024  
                                                            
    ./utils/
       uartstdio.obj                688    24        5      
    +--+----------------------------+------+---------+---------+
       Total:                       688    24        5      
                                                            
    /home/ziad/ti/SW-EK-TM4C123GXL-2.1.4.178/driverlib/ccs/Debug/driverlib.lib
       uart.obj                     6      0         0      
    +--+----------------------------+------+---------+---------+
       Total:                       6      0         0      
                                                            
    /home/ziad/ti/ccs910/ccs/tools/compiler/ti-cgt-arm_18.12.2.LTS/lib/rtsv7M4_T_le_v4SPD16_eabi.lib
       memcpy_t2.asm.obj            156    0         0      
       memset_t2.asm.obj            122    0         0      
       copy_decompress_lzss.c.obj   104    0         0      
       autoinit.c.obj               68     0         0      
       u_divt2.asm.obj              64     0         0      
       boot_cortex_m.c.obj          52     0         0      
       copy_decompress_none.c.obj   14     0         0      
       copy_zero_init.c.obj         12     0         0      
       exit.c.obj                   4      0         0      
       pre_init.c.obj               4      0         0      
       div0.asm.obj                 2      0         0      
    +--+----------------------------+------+---------+---------+
       Total:                       602    0         0      
                                                            
       Stack:                       0      0         512    
       Linker Generated:            0      59        0      
    +--+----------------------------+------+---------+---------+
       Grand Total:                 7488   707       31061  


LINKER GENERATED COPY TABLES

__TI_cinit_table @ 00002008 records: 2, size/record: 8, table size: 16
	.data: load addr=00001fd8, load size=00000017 bytes, run addr=20007908, run size=00000054 bytes, compression=lzss
	.bss: load addr=00002000, load size=00000008 bytes, run addr=20000000, run size=00007701 bytes, compression=zero_init


LINKER GENERATED HANDLER TABLE

__TI_handler_table @ 00001ff0 records: 3, size/record: 4, table size: 12
	index: 0, handler: __TI_decompress_lzss
	index: 1, handler: __TI_decompress_none
	index: 2, handler: __TI_zero_init


GLOBAL SYMBOLS: SORTED ALPHABETICALLY BY Name 

address   name                          
-------   ----                          
00001591  ButtonsInit                   
000011b1  ButtonsPoll                   
00001fb7  C$$EXIT                       
000016c9  ConfigureUART                 
00000d35  LEDTaskInit                   
00001005  RGBColorSet                   
000015f9  RGBDisable                    
00000dfd  RGBEnable                     
00000691  RGBInit                       
00001f09  RGBIntensitySet               
00001fa1  ResetISR                      
00001ab5  SwitchTaskInit                
00001fa7  UARTClockSourceSet            
000017f5  UARTStdioConfig               
00001e5d  UARTprintf                    
0000026d  UARTvprintf                   
00001afd  UARTwrite                     
20007908  __STACK_END                   
00000200  __STACK_SIZE                  
20007908  __STACK_TOP                   
00002008  __TI_CINIT_Base               
00002018  __TI_CINIT_Limit              
00001ff0  __TI_Handler_Table_Base       
00001ffc  __TI_Handler_Table_Limit      
00001b45  __TI_auto_init_nobinit_nopinit
00001661  __TI_decompress_lzss          
00001f65  __TI_decompress_none          
ffffffff  __TI_pprof_out_hndl           
ffffffff  __TI_prof_data_size           
ffffffff  __TI_prof_data_start          
00000000  __TI_static_base__            
00001f73  __TI_zero_init                
0000158f  __aeabi_idiv0                 
0000158f  __aeabi_ldiv0                 
00001341  __aeabi_memclr                
00001341  __aeabi_memclr4               
00001341  __aeabi_memclr8               
00000f69  __aeabi_memcpy                
00000f69  __aeabi_memcpy4               
00000f69  __aeabi_memcpy8               
00001343  __aeabi_memset                
00001343  __aeabi_memset4               
00001343  __aeabi_memset8               
00001bcd  __aeabi_uidiv                 
00001bcd  __aeabi_uidivmod              
ffffffff  __binit__                     
ffffffff  __c_args__                    
UNDEFED   __mpu_init                    
20007708  __stack                       
00001cfd  _c_int00_noargs               
UNDEFED   _system_post_cinit            
00001fb3  _system_pre_init              
00001fb7  abort                         
ffffffff  binit                         
200076f8  g_pLEDQueue                   
200076fc  g_pUARTSemaphore              
00000000  g_pfnVectors                  
00001435  main                          
00000f69  memcpy                        
00001349  memset                        
00000ebd  pvPortMalloc                  
00001e91  pvTaskIncrementMutexHeldCount 
20007908  pxCurrentTCB                  
00001db5  pxPortInitialiseStack         
00001fd4  ulMaxSyscallInterruptPriority 
00000c71  ulPortGetIPSR                 
00001e03  uxListRemove                  
000017f3  vApplicationStackOverflowHook 
00001ef1  vListInitialise               
00001fad  vListInitialiseItem           
00001cc3  vListInsert                   
00001ea9  vListInsertEnd                
00000d25  vPortEnableVFP                
00001e41  vPortEnterCritical            
00001ec1  vPortExitCritical             
00001b89  vPortFree                     
00000ce9  vPortSVCHandler               
00001f1d  vPortSetupTimerInterrupt      
00000d09  vPortStartFirstTask           
00001239  vTaskDelayUntil               
00001f81  vTaskMissedYield              
0000172d  vTaskPlaceOnEventList         
00001095  vTaskPriorityInherit          
00001ed9  vTaskSetTimeOutState          
000018b5  vTaskStartScheduler           
00001f55  vTaskSuspendAll               
00001125  vTaskSwitchContext            
00000c89  xPortPendSVHandler            
00001c0d  xPortStartScheduler           
00001d61  xPortSysTickHandler           
00001a19  xQueueCreateMutex             
00001c4d  xQueueGenericCreate           
00000579  xQueueGenericReceive          
000012bd  xQueueGenericReset            
00000a95  xQueueGenericSend             
000019c5  xTaskCheckForTimeOut          
00000899  xTaskGenericCreate            
00001f8d  xTaskGetTickCount             
00000795  xTaskIncrementTick            
000013bd  xTaskPriorityDisinherit       
000014a9  xTaskRemoveFromEventList      
00000b7d  xTaskResumeAll                


GLOBAL SYMBOLS: SORTED BY Symbol Address 

address   name                          
-------   ----                          
00000000  __TI_static_base__            
00000000  g_pfnVectors                  
00000200  __STACK_SIZE                  
0000026d  UARTvprintf                   
00000579  xQueueGenericReceive          
00000691  RGBInit                       
00000795  xTaskIncrementTick            
00000899  xTaskGenericCreate            
00000a95  xQueueGenericSend             
00000b7d  xTaskResumeAll                
00000c71  ulPortGetIPSR                 
00000c89  xPortPendSVHandler            
00000ce9  vPortSVCHandler               
00000d09  vPortStartFirstTask           
00000d25  vPortEnableVFP                
00000d35  LEDTaskInit                   
00000dfd  RGBEnable                     
00000ebd  pvPortMalloc                  
00000f69  __aeabi_memcpy                
00000f69  __aeabi_memcpy4               
00000f69  __aeabi_memcpy8               
00000f69  memcpy                        
00001005  RGBColorSet                   
00001095  vTaskPriorityInherit          
00001125  vTaskSwitchContext            
000011b1  ButtonsPoll                   
00001239  vTaskDelayUntil               
000012bd  xQueueGenericReset            
00001341  __aeabi_memclr                
00001341  __aeabi_memclr4               
00001341  __aeabi_memclr8               
00001343  __aeabi_memset                
00001343  __aeabi_memset4               
00001343  __aeabi_memset8               
00001349  memset                        
000013bd  xTaskPriorityDisinherit       
00001435  main                          
000014a9  xTaskRemoveFromEventList      
0000158f  __aeabi_idiv0                 
0000158f  __aeabi_ldiv0                 
00001591  ButtonsInit                   
000015f9  RGBDisable                    
00001661  __TI_decompress_lzss          
000016c9  ConfigureUART                 
0000172d  vTaskPlaceOnEventList         
000017f3  vApplicationStackOverflowHook 
000017f5  UARTStdioConfig               
000018b5  vTaskStartScheduler           
000019c5  xTaskCheckForTimeOut          
00001a19  xQueueCreateMutex             
00001ab5  SwitchTaskInit                
00001afd  UARTwrite                     
00001b45  __TI_auto_init_nobinit_nopinit
00001b89  vPortFree                     
00001bcd  __aeabi_uidiv                 
00001bcd  __aeabi_uidivmod              
00001c0d  xPortStartScheduler           
00001c4d  xQueueGenericCreate           
00001cc3  vListInsert                   
00001cfd  _c_int00_noargs               
00001d61  xPortSysTickHandler           
00001db5  pxPortInitialiseStack         
00001e03  uxListRemove                  
00001e41  vPortEnterCritical            
00001e5d  UARTprintf                    
00001e91  pvTaskIncrementMutexHeldCount 
00001ea9  vListInsertEnd                
00001ec1  vPortExitCritical             
00001ed9  vTaskSetTimeOutState          
00001ef1  vListInitialise               
00001f09  RGBIntensitySet               
00001f1d  vPortSetupTimerInterrupt      
00001f55  vTaskSuspendAll               
00001f65  __TI_decompress_none          
00001f73  __TI_zero_init                
00001f81  vTaskMissedYield              
00001f8d  xTaskGetTickCount             
00001fa1  ResetISR                      
00001fa7  UARTClockSourceSet            
00001fad  vListInitialiseItem           
00001fb3  _system_pre_init              
00001fb7  C$$EXIT                       
00001fb7  abort                         
00001fd4  ulMaxSyscallInterruptPriority 
00001ff0  __TI_Handler_Table_Base       
00001ffc  __TI_Handler_Table_Limit      
00002008  __TI_CINIT_Base               
00002018  __TI_CINIT_Limit              
200076f8  g_pLEDQueue                   
200076fc  g_pUARTSemaphore              
20007708  __stack                       
20007908  __STACK_END                   
20007908  __STACK_TOP                   
20007908  pxCurrentTCB                  
ffffffff  __TI_pprof_out_hndl           
ffffffff  __TI_prof_data_size           
ffffffff  __TI_prof_data_start          
ffffffff  __binit__                     
ffffffff  __c_args__                    
ffffffff  binit                         
UNDEFED   __mpu_init                    
UNDEFED   _system_post_cinit            

[102 symbols]
